Archive member included to satisfy reference by file (symbol)

/usr/local/mcuxpressoide-11.9.1_2170/ide/plugins/com.nxp.mcuxpresso.tools.linux_11.9.1.202402080819/tools/bin/../lib/gcc/arm-none-eabi/12.3.1/../../../../arm-none-eabi/lib/thumb/v6-m/nofp/libcr_nohost_nf.a(_cr__main.o)
                              ./startup/startup_mkl46z4.o (__main)
/usr/local/mcuxpressoide-11.9.1_2170/ide/plugins/com.nxp.mcuxpresso.tools.linux_11.9.1.202402080819/tools/bin/../lib/gcc/arm-none-eabi/12.3.1/../../../../arm-none-eabi/lib/thumb/v6-m/nofp/libcr_nohost_nf.a(_cr_assert.o)
                              ./utilities/fsl_debug_console.o (__assertion_failed)
/usr/local/mcuxpressoide-11.9.1_2170/ide/plugins/com.nxp.mcuxpresso.tools.linux_11.9.1.202402080819/tools/bin/../lib/gcc/arm-none-eabi/12.3.1/../../../../arm-none-eabi/lib/thumb/v6-m/nofp/libcr_nohost_nf.a(__ciob.o)
                              /usr/local/mcuxpressoide-11.9.1_2170/ide/plugins/com.nxp.mcuxpresso.tools.linux_11.9.1.202402080819/tools/bin/../lib/gcc/arm-none-eabi/12.3.1/../../../../arm-none-eabi/lib/thumb/v6-m/nofp/libcr_nohost_nf.a(_cr_assert.o) (__Ciob)
/usr/local/mcuxpressoide-11.9.1_2170/ide/plugins/com.nxp.mcuxpresso.tools.linux_11.9.1.202402080819/tools/bin/../lib/gcc/arm-none-eabi/12.3.1/../../../../arm-none-eabi/lib/thumb/v6-m/nofp/libcr_nohost_nf.a(__sys_appexit.o)
                              /usr/local/mcuxpressoide-11.9.1_2170/ide/plugins/com.nxp.mcuxpresso.tools.linux_11.9.1.202402080819/tools/bin/../lib/gcc/arm-none-eabi/12.3.1/../../../../arm-none-eabi/lib/thumb/v6-m/nofp/libcr_nohost_nf.a(_cr_assert.o) (__sys_appexit)
/usr/local/mcuxpressoide-11.9.1_2170/ide/plugins/com.nxp.mcuxpresso.tools.linux_11.9.1.202402080819/tools/bin/../lib/gcc/arm-none-eabi/12.3.1/../../../../arm-none-eabi/lib/thumb/v6-m/nofp/libcr_c.a(memcpy.o)
                              ./source/service/service.o (memcpy)
/usr/local/mcuxpressoide-11.9.1_2170/ide/plugins/com.nxp.mcuxpresso.tools.linux_11.9.1.202402080819/tools/bin/../lib/gcc/arm-none-eabi/12.3.1/../../../../arm-none-eabi/lib/thumb/v6-m/nofp/libcr_c.a(memset.o)
                              ./utilities/fsl_debug_console.o (memset)
/usr/local/mcuxpressoide-11.9.1_2170/ide/plugins/com.nxp.mcuxpresso.tools.linux_11.9.1.202402080819/tools/bin/../lib/gcc/arm-none-eabi/12.3.1/../../../../arm-none-eabi/lib/thumb/v6-m/nofp/libcr_c.a(_deferredlazyseek.o)
                              /usr/local/mcuxpressoide-11.9.1_2170/ide/plugins/com.nxp.mcuxpresso.tools.linux_11.9.1.202402080819/tools/bin/../lib/gcc/arm-none-eabi/12.3.1/../../../../arm-none-eabi/lib/thumb/v6-m/nofp/libcr_nohost_nf.a(_cr_assert.o) (__flsbuf)
/usr/local/mcuxpressoide-11.9.1_2170/ide/plugins/com.nxp.mcuxpresso.tools.linux_11.9.1.202402080819/tools/bin/../lib/gcc/arm-none-eabi/12.3.1/../../../../arm-none-eabi/lib/thumb/v6-m/nofp/libcr_c.a(_fflush.o)
                              /usr/local/mcuxpressoide-11.9.1_2170/ide/plugins/com.nxp.mcuxpresso.tools.linux_11.9.1.202402080819/tools/bin/../lib/gcc/arm-none-eabi/12.3.1/../../../../arm-none-eabi/lib/thumb/v6-m/nofp/libcr_c.a(_deferredlazyseek.o) (_fflush)
/usr/local/mcuxpressoide-11.9.1_2170/ide/plugins/com.nxp.mcuxpresso.tools.linux_11.9.1.202402080819/tools/bin/../lib/gcc/arm-none-eabi/12.3.1/../../../../arm-none-eabi/lib/thumb/v6-m/nofp/libcr_c.a(_writebuf.o)
                              /usr/local/mcuxpressoide-11.9.1_2170/ide/plugins/com.nxp.mcuxpresso.tools.linux_11.9.1.202402080819/tools/bin/../lib/gcc/arm-none-eabi/12.3.1/../../../../arm-none-eabi/lib/thumb/v6-m/nofp/libcr_c.a(_deferredlazyseek.o) (_Cwritebuf)
/usr/local/mcuxpressoide-11.9.1_2170/ide/plugins/com.nxp.mcuxpresso.tools.linux_11.9.1.202402080819/tools/bin/../lib/gcc/arm-none-eabi/12.3.1/../../../../arm-none-eabi/lib/thumb/v6-m/nofp/libcr_c.a(alloc.o)
                              ./drivers/fsl_common.o (malloc)
/usr/local/mcuxpressoide-11.9.1_2170/ide/plugins/com.nxp.mcuxpresso.tools.linux_11.9.1.202402080819/tools/bin/../lib/gcc/arm-none-eabi/12.3.1/../../../../arm-none-eabi/lib/thumb/v6-m/nofp/libcr_c.a(fputs.o)
                              /usr/local/mcuxpressoide-11.9.1_2170/ide/plugins/com.nxp.mcuxpresso.tools.linux_11.9.1.202402080819/tools/bin/../lib/gcc/arm-none-eabi/12.3.1/../../../../arm-none-eabi/lib/thumb/v6-m/nofp/libcr_nohost_nf.a(_cr_assert.o) (fputs)
/usr/local/mcuxpressoide-11.9.1_2170/ide/plugins/com.nxp.mcuxpresso.tools.linux_11.9.1.202402080819/tools/bin/../lib/gcc/arm-none-eabi/12.3.1/../../../../arm-none-eabi/lib/thumb/v6-m/nofp/libcr_c.a(fseek.o)
                              /usr/local/mcuxpressoide-11.9.1_2170/ide/plugins/com.nxp.mcuxpresso.tools.linux_11.9.1.202402080819/tools/bin/../lib/gcc/arm-none-eabi/12.3.1/../../../../arm-none-eabi/lib/thumb/v6-m/nofp/libcr_c.a(_deferredlazyseek.o) (fseek)
/usr/local/mcuxpressoide-11.9.1_2170/ide/plugins/com.nxp.mcuxpresso.tools.linux_11.9.1.202402080819/tools/bin/../lib/gcc/arm-none-eabi/12.3.1/../../../../arm-none-eabi/lib/thumb/v6-m/nofp/libcr_c.a(ftell.o)
[...]
Memory Configuration

Name             Origin             Length             Attributes
PROGRAM_FLASH    0x00000000         0x00040000         xr
SRAM             0x1fffe000         0x00008000         xrw
*default*        0x00000000         0xffffffff

Linker script and memory map

LOAD ./utilities/fsl_assert.o
LOAD ./utilities/fsl_debug_console.o
LOAD ./utilities/fsl_io.o
LOAD ./utilities/fsl_log.o
LOAD ./utilities/fsl_str.o
LOAD ./startup/startup_mkl46z4.o
LOAD ./source/service/app.o
LOAD ./source/service/img_manager.o
LOAD ./source/service/service.o
LOAD ./source/service/srec_parsing.o
LOAD ./source/peripheral/button.o
LOAD ./source/peripheral/debug.o
LOAD ./source/peripheral/led.o
LOAD ./source/peripheral/sensor.o
LOAD ./source/driver/adc.o
LOAD ./source/driver/flash.o
LOAD ./source/driver/gpio.o
LOAD ./source/driver/pit.o
LOAD ./source/driver/port.o
LOAD ./source/driver/sysclock.o
LOAD ./source/driver/uart.o
LOAD ./source/main.o
LOAD ./source/semihost_hardfault.o
LOAD ./drivers/fsl_adc16.o
LOAD ./drivers/fsl_clock.o
LOAD ./drivers/fsl_common.o
LOAD ./drivers/fsl_ftfx_cache.o
LOAD ./drivers/fsl_ftfx_controller.o
LOAD ./drivers/fsl_ftfx_flash.o
LOAD ./drivers/fsl_ftfx_flexnvm.o
LOAD ./drivers/fsl_gpio.o
LOAD ./drivers/fsl_lpsci.o
LOAD ./drivers/fsl_smc.o
LOAD ./drivers/fsl_uart.o
LOAD ./board/src/board.o
LOAD ./board/src/clock_config.o
LOAD ./board/pin_mux.o
LOAD ./CMSIS/system_MKL46Z4.o
START GROUP
LOAD /usr/local/mcuxpressoide-11.9.1_2170/ide/plugins/com.nxp.mcuxpresso.tools.linux_11.9.1.202402080819/tools/bin/../lib/gcc/arm-none-eabi/12.3.1/../../../../arm-none-eabi/lib/thumb/v6-m/nofp/libcr_nohost_nf.a
LOAD /usr/local/mcuxpressoide-11.9.1_2170/ide/plugins/com.nxp.mcuxpresso.tools.linux_11.9.1.202402080819/tools/bin/../lib/gcc/arm-none-eabi/12.3.1/../../../../arm-none-eabi/lib/thumb/v6-m/nofp/libcr_c.a
LOAD /usr/local/mcuxpressoide-11.9.1_2170/ide/plugins/com.nxp.mcuxpresso.tools.linux_11.9.1.202402080819/tools/bin/../lib/gcc/arm-none-eabi/12.3.1/thumb/v6-m/nofp/libcr_eabihelpers.a
LOAD /usr/local/mcuxpressoide-11.9.1_2170/ide/plugins/com.nxp.mcuxpresso.tools.linux_11.9.1.202402080819/tools/bin/../lib/gcc/arm-none-eabi/12.3.1/thumb/v6-m/nofp/libgcc.a
END GROUP
                0x00000000                        __base_PROGRAM_FLASH = 0x0
                0x00000000                        __base_Flash = 0x0
                0x00040000                        __top_PROGRAM_FLASH = 0x40000
                0x00040000                        __top_Flash = 0x40000
                0x1fffe000                        __base_SRAM = 0x1fffe000
                0x1fffe000                        __base_RAM = 0x1fffe000
                0x20006000                        __top_SRAM = 0x20006000
                0x20006000                        __top_RAM = 0x20006000

.text           0x00000000     0x3574
 FILL mask 0xff
                0x00000000                        __vectors_start__ = ABSOLUTE (.)
 *(SORT_BY_ALIGNMENT(.isr_vector))
 .isr_vector    0x00000000       0xc0 ./startup/startup_mkl46z4.o
                0x00000000                __Vectors
                0x00000000                g_pfnVectors
                0x000000c0                        . = ALIGN (0x4)
                0x000000c0                        __section_table_start = .
                0x000000c0                        __data_section_table = .
                0x000000c0        0x4 LONG 0x3574 LOADADDR (.data)
                0x000000c4        0x4 LONG 0x1fffe000 ADDR (.data)
                0x000000c8        0x4 LONG 0x8 SIZEOF (.data)
                0x000000cc                        __data_section_table_end = .
                0x000000cc                        __bss_section_table = .
                0x000000cc        0x4 LONG 0x1fffe008 ADDR (.bss)
                0x000000d0        0x4 LONG 0x404 SIZEOF (.bss)
                0x000000d4                        __bss_section_table_end = .
                0x000000d4                        __section_table_end = .
 *(SORT_BY_ALIGNMENT(.after_vectors*))
 .after_vectors.reset
                0x000000d4       0x4c ./startup/startup_mkl46z4.o
                0x000000d4                ResetISR
 .after_vectors.init_data
                0x00000120       0x12 ./startup/startup_mkl46z4.o
                0x00000120                data_init
 .after_vectors.init_bss
                0x00000132       0x10 ./startup/startup_mkl46z4.o
                0x00000132                bss_init
 .after_vectors
                0x00000142      0x10c ./startup/startup_mkl46z4.o
                0x00000142                NMI_Handler
                0x00000146                SVC_Handler
                0x00000148                PendSV_Handler
                0x0000014a                SysTick_Handler
                0x0000014c                PIT_DriverIRQHandler
                0x0000014c                DMA0_DriverIRQHandler
                0x0000014c                SPI1_DriverIRQHandler
                0x0000014c                LPTMR0_DriverIRQHandler
                0x0000014c                PORTC_PORTD_DriverIRQHandler
                0x0000014c                I2S0_DriverIRQHandler
                0x0000014c                TPM2_DriverIRQHandler
                0x0000014c                TSI0_DriverIRQHandler
                0x0000014c                RTC_Seconds_DriverIRQHandler
                0x0000014c                LLWU_DriverIRQHandler
                0x0000014c                MCG_DriverIRQHandler
                0x0000014c                FTFA_DriverIRQHandler
                0x0000014c                IntDefaultHandler
                0x0000014c                USB0_DriverIRQHandler
                0x0000014c                DAC0_DriverIRQHandler
                0x0000014c                LVD_LVW_DriverIRQHandler
                0x0000014c                TPM0_DriverIRQHandler
                0x0000014c                Reserved20_DriverIRQHandler
                0x0000014c                DMA3_DriverIRQHandler
                0x0000014c                PORTA_DriverIRQHandler
                0x0000014c                TPM1_DriverIRQHandler
                0x0000014c                RTC_DriverIRQHandler
                0x0000014c                LCD_DriverIRQHandler
                0x0000014c                DMA1_DriverIRQHandler
                0x0000014c                I2C1_DriverIRQHandler
                0x0000014c                SPI0_DriverIRQHandler
                0x0000014c                ADC0_DriverIRQHandler
                0x0000014c                CMP0_DriverIRQHandler
                0x0000014c                DMA2_DriverIRQHandler
                0x0000014c                I2C0_DriverIRQHandler
                0x0000014e                DMA0_IRQHandler
                0x00000156                DMA1_IRQHandler
                0x0000015e                DMA2_IRQHandler
                0x00000166                DMA3_IRQHandler
                0x0000016e                Reserved20_IRQHandler
                0x00000176                FTFA_IRQHandler
                0x0000017e                LVD_LVW_IRQHandler
                0x00000186                LLWU_IRQHandler
                0x0000018e                I2C0_IRQHandler
                0x00000196                I2C1_IRQHandler
                0x0000019e                SPI0_IRQHandler
                0x000001a6                SPI1_IRQHandler
                0x000001b6                UART1_IRQHandler
                0x000001be                UART2_IRQHandler
                0x000001ce                CMP0_IRQHandler
                0x000001d6                TPM0_IRQHandler
                0x000001de                TPM1_IRQHandler
                0x000001e6                TPM2_IRQHandler
                0x000001ee                RTC_IRQHandler
                0x000001f6                RTC_Seconds_IRQHandler
                0x00000206                I2S0_IRQHandler
                0x0000020e                USB0_IRQHandler
                0x00000216                DAC0_IRQHandler
                0x0000021e                TSI0_IRQHandler
                0x00000226                MCG_IRQHandler
                0x0000022e                LPTMR0_IRQHandler
                0x00000236                LCD_IRQHandler
                0x0000023e                PORTA_IRQHandler
                0x00000400                        . = 0x400
 *fill*         0x0000024e      0x1b2 ff
                0x00000400                        PROVIDE (__FLASH_CONFIG_START__ = .)
 *(SORT_BY_ALIGNMENT(.FlashConfig))
 .FlashConfig   0x00000400       0x10 ./startup/startup_mkl46z4.o
                0x00000400                Flash_Config
                0x00000410                        PROVIDE (__FLASH_CONFIG_END__ = .)
                0x00000001                        ASSERT (! ((__FLASH_CONFIG_START__ == __FLASH_CONFIG_END__)), Linker Flash Config Support Enabled, but no .FlashConfig section provided within application)
 *(SORT_BY_ALIGNMENT(.text*))
 .text.app_init
                0x00000410       0x44 ./source/service/app.o
                0x00000410                app_init
 .text.app_main_process
                0x00000454       0x84 ./source/service/app.o
                0x00000454                app_main_process
 .text.app_firmware_run
                0x000004d8       0x48 ./source/service/app.o
 .text.image_save_info
                0x00000520       0x80 ./source/service/img_manager.o
                0x00000520                image_save_info
 .text.image_get_info
                0x000005a0       0x38 ./source/service/img_manager.o
                0x000005a0                image_get_info
 .text.image_check_firmware_update
                0x000005d8       0x94 ./source/service/img_manager.o
                0x000005d8                image_check_firmware_update
 .text.data_receive_callback
                0x0000066c       0x80 ./source/service/service.o
                0x0000066c                data_receive_callback
 .text.process_firmware_data
                0x000006ec       0x50 ./source/service/service.o
                0x000006ec                process_firmware_data
 .text.process_firmware_set_status
                0x0000073c       0x20 ./source/service/service.o
                0x0000073c                process_firmware_set_status
 .text.process_register_firmware_data_done_cb
                0x0000075c       0x1c ./source/service/service.o
                0x0000075c                process_register_firmware_data_done_cb
 .text.process_srec_data_handler
                0x00000778       0x40 ./source/service/service.o
                0x00000778                process_srec_data_handler
 .text.process_firmware_data_download
                0x000007b8      0x120 ./source/service/service.o
 .text.process_firmware_data_moving
                0x000008d8       0xf4 ./source/service/service.o
 .text.process_firmware_data_done
                0x000009cc       0x1c ./source/service/service.o
 .text.srec_parse_line
                0x000009e8      0x180 ./source/service/srec_parsing.o
                0x000009e8                srec_parse_line
 .text.srec_is_file_valid
                0x00000b68       0x14 ./source/service/srec_parsing.o
                0x00000b68                srec_is_file_valid
 .text.check_record_type
                0x00000b7c      0x220 ./source/service/srec_parsing.o
 .text.button_init
                0x00000d9c       0x64 ./source/peripheral/button.o
                0x00000d9c                button_init
 .text.button1_read_value
                0x00000e00       0x20 ./source/peripheral/button.o
                0x00000e00                button1_read_value
 .text.debug_log_printf
                0x00000e20       0xa0 ./source/peripheral/debug.o
                0x00000e20                debug_log_printf
 .text.led_init
                0x00000ec0       0x60 ./source/peripheral/led.o
                0x00000ec0                led_init
 .text.led1_set_value
                0x00000f20       0x30 ./source/peripheral/led.o
                0x00000f20                led1_set_value
 .text.led2_set_value
                0x00000f50       0x30 ./source/peripheral/led.o
                0x00000f50                led2_set_value
 .text.led1_toggle_value
                0x00000f80       0x18 ./source/peripheral/led.o
                0x00000f80                led1_toggle_value
 .text.ADC0_IRQHandler
                0x00000f98       0x1c ./source/driver/adc.o
                0x00000f98                ADC0_IRQHandler
 .text.flash_erase_sector
                0x00000fb4       0x54 ./source/driver/flash.o
                0x00000fb4                flash_erase_sector
 .text.flash_write
                0x00001008       0xb8 ./source/driver/flash.o
                0x00001008                flash_write
 .text.gpio_clock_init
                0x000010c0       0x28 ./source/driver/gpio.o
                0x000010c0                gpio_clock_init
 .text.PIT_IRQHandler
                0x000010e8       0x2c ./source/driver/pit.o
                0x000010e8                PIT_IRQHandler
 .text.port_mode_config
                0x00001114       0x40 ./source/driver/port.o
                0x00001114                port_mode_config
 .text.system_clock_init
                0x00001154       0xa0 ./source/driver/sysclock.o
                0x00001154                system_clock_init
 .text.__NVIC_EnableIRQ
                0x000011f4       0x34 ./source/driver/uart.o
 .text.uart_init
                0x00001228       0x58 ./source/driver/uart.o
                0x00001228                uart_init
 .text.uart_register_data_recv_cb
                0x00001280       0x1c ./source/driver/uart.o
                0x00001280                uart_register_data_recv_cb
 .text.uart_write_byte
                0x0000129c       0x30 ./source/driver/uart.o
                0x0000129c                uart_write_byte
 .text.uart_read_byte
                0x000012cc       0x24 ./source/driver/uart.o
                0x000012cc                uart_read_byte
 .text.uart_tranceive_enable
                0x000012f0       0x44 ./source/driver/uart.o
                0x000012f0                uart_tranceive_enable
 .text.UART0_IRQHandler
                0x00001334       0x24 ./source/driver/uart.o
                0x00001334                UART0_IRQHandler
 .text.uart_enable_recv_interrupts
                0x00001358       0x64 ./source/driver/uart.o
                0x00001358                uart_enable_recv_interrupts
 .text.mcgirclk_uart0_config
                0x000013bc       0x70 ./source/driver/uart.o
 .text.uart_set_baud_rate
                0x0000142c       0x8c ./source/driver/uart.o
 .text.HardFault_Handler
                0x000014b8       0x38 ./source/semihost_hardfault.o
                0x000014b8                HardFault_Handler
 .text.UART0_DriverIRQHandler
                0x000014f0       0x24 ./drivers/fsl_lpsci.o
                0x000014f0                UART0_DriverIRQHandler
 .text.UART1_DriverIRQHandler
                0x00001514       0x24 ./drivers/fsl_uart.o
                0x00001514                UART1_DriverIRQHandler
 .text.UART2_DriverIRQHandler
                0x00001538       0x24 ./drivers/fsl_uart.o
                0x00001538                UART2_DriverIRQHandler
 .text.SystemInit
                0x0000155c       0x1c ./CMSIS/system_MKL46Z4.o
                0x0000155c                SystemInit
 .text.SystemCoreClockUpdate
                0x00001578      0x24c ./CMSIS/system_MKL46Z4.o
                0x00001578                SystemCoreClockUpdate
 .text._deferredlazyseek
                0x000017c4       0x40 /usr/local/mcuxpressoide-11.9.1_2170/ide/plugins/com.nxp.mcuxpresso.tools.linux_11.9.1.202402080819/tools/bin/../lib/gcc/arm-none-eabi/12.3.1/../../../../arm-none-eabi/lib/thumb/v6-m/nofp/libcr_c.a(_deferredlazyseek.o)
                0x000017c4                _deferredlazyseek
 .text.__flsbuf
                0x00001804      0x150 /usr/local/mcuxpressoide-11.9.1_2170/ide/plugins/com.nxp.mcuxpresso.tools.linux_11.9.1.202402080819/tools/bin/../lib/gcc/arm-none-eabi/12.3.1/../../../../arm-none-eabi/lib/thumb/v6-m/nofp/libcr_c.a(_deferredlazyseek.o)
                0x00001804                __flsbuf
 .text._fflush  0x00001954       0x5c /usr/local/mcuxpressoide-11.9.1_2170/ide/plugins/com.nxp.mcuxpresso.tools.linux_11.9.1.202402080819/tools/bin/../lib/gcc/arm-none-eabi/12.3.1/../../../../arm-none-eabi/lib/thumb/v6-m/nofp/libcr_c.a(_fflush.o)
                0x00001954                _fflush
 .text._Cwritebuf
                0x000019b0       0x68 /usr/local/mcuxpressoide-11.9.1_2170/ide/plugins/com.nxp.mcuxpresso.tools.linux_11.9.1.202402080819/tools/bin/../lib/gcc/arm-none-eabi/12.3.1/../../../../arm-none-eabi/lib/thumb/v6-m/nofp/libcr_c.a(_writebuf.o)
                0x000019b0                _Cwritebuf
 .text.malloc   0x00001a18       0xdc /usr/local/mcuxpressoide-11.9.1_2170/ide/plugins/com.nxp.mcuxpresso.tools.linux_11.9.1.202402080819/tools/bin/../lib/gcc/arm-none-eabi/12.3.1/../../../../arm-none-eabi/lib/thumb/v6-m/nofp/libcr_c.a(alloc.o)
                0x00001a18                malloc
 .text._Csys_alloc
                0x00001af4       0x20 /usr/local/mcuxpressoide-11.9.1_2170/ide/plugins/com.nxp.mcuxpresso.tools.linux_11.9.1.202402080819/tools/bin/../lib/gcc/arm-none-eabi/12.3.1/../../../../arm-none-eabi/lib/thumb/v6-m/nofp/libcr_c.a(alloc.o)
                0x00001af4                _Csys_alloc
 .text.fseek    0x00001b14       0xec /usr/local/mcuxpressoide-11.9.1_2170/ide/plugins/com.nxp.mcuxpresso.tools.linux_11.9.1.202402080819/tools/bin/../lib/gcc/arm-none-eabi/12.3.1/../../../../arm-none-eabi/lib/thumb/v6-m/nofp/libcr_c.a(fseek.o)
                0x00001b14                fseek
 .text.ftell    0x00001c00       0x4c /usr/local/mcuxpressoide-11.9.1_2170/ide/plugins/com.nxp.mcuxpresso.tools.linux_11.9.1.202402080819/tools/bin/../lib/gcc/arm-none-eabi/12.3.1/../../../../arm-none-eabi/lib/thumb/v6-m/nofp/libcr_c.a(ftell.o)
                0x00001c00                ftell
 .text._initio  0x00001c4c       0x7c /usr/local/mcuxpressoide-11.9.1_2170/ide/plugins/com.nxp.mcuxpresso.tools.linux_11.9.1.202402080819/tools/bin/../lib/gcc/arm-none-eabi/12.3.1/../../../../arm-none-eabi/lib/thumb/v6-m/nofp/libcr_c.a(initio.o)
                0x00001c4c                _initio
 .text.__vfprintf
                0x00001cc8      0xd88 /usr/local/mcuxpressoide-11.9.1_2170/ide/plugins/com.nxp.mcuxpresso.tools.linux_11.9.1.202402080819/tools/bin/../lib/gcc/arm-none-eabi/12.3.1/../../../../arm-none-eabi/lib/thumb/v6-m/nofp/libcr_c.a(printf.o)
                0x00001cc8                __vfprintf
 .text._vsprintf
                0x00002a50       0x5c /usr/local/mcuxpressoide-11.9.1_2170/ide/plugins/com.nxp.mcuxpresso.tools.linux_11.9.1.202402080819/tools/bin/../lib/gcc/arm-none-eabi/12.3.1/../../../../arm-none-eabi/lib/thumb/v6-m/nofp/libcr_c.a(printf.o)
                0x00002a50                _vsprintf
 .text.setvbuf  0x00002aac       0x4c /usr/local/mcuxpressoide-11.9.1_2170/ide/plugins/com.nxp.mcuxpresso.tools.linux_11.9.1.202402080819/tools/bin/../lib/gcc/arm-none-eabi/12.3.1/../../../../arm-none-eabi/lib/thumb/v6-m/nofp/libcr_c.a(setvbuf.o)
                0x00002aac                setvbuf
 .text.strlen   0x00002af8       0x5c /usr/local/mcuxpressoide-11.9.1_2170/ide/plugins/com.nxp.mcuxpresso.tools.linux_11.9.1.202402080819/tools/bin/../lib/gcc/arm-none-eabi/12.3.1/../../../../arm-none-eabi/lib/thumb/v6-m/nofp/libcr_c.a(strlen.o)
                0x00002af8                strlen
 .text._sbrk    0x00002b54       0x44 /usr/local/mcuxpressoide-11.9.1_2170/ide/plugins/com.nxp.mcuxpresso.tools.linux_11.9.1.202402080819/tools/bin/../lib/gcc/arm-none-eabi/12.3.1/../../../../arm-none-eabi/lib/thumb/v6-m/nofp/libcr_c.a(_cr_sbrk.o)
                0x00002b54                _sbrk
 .text._fdopen  0x00002b98       0x74 /usr/local/mcuxpressoide-11.9.1_2170/ide/plugins/com.nxp.mcuxpresso.tools.linux_11.9.1.202402080819/tools/bin/../lib/gcc/arm-none-eabi/12.3.1/../../../../arm-none-eabi/lib/thumb/v6-m/nofp/libcr_c.a(_fdopen.o)
                0x00002b98                _fdopen
 .text.fclose   0x00002c0c       0x5c /usr/local/mcuxpressoide-11.9.1_2170/ide/plugins/com.nxp.mcuxpresso.tools.linux_11.9.1.202402080819/tools/bin/../lib/gcc/arm-none-eabi/12.3.1/../../../../arm-none-eabi/lib/thumb/v6-m/nofp/libcr_c.a(fclose.o)
                0x00002c0c                fclose
 .text.fflush   0x00002c68       0x40 /usr/local/mcuxpressoide-11.9.1_2170/ide/plugins/com.nxp.mcuxpresso.tools.linux_11.9.1.202402080819/tools/bin/../lib/gcc/arm-none-eabi/12.3.1/../../../../arm-none-eabi/lib/thumb/v6-m/nofp/libcr_c.a(fflush.o)
                0x00002c68                fflush
 .text.__check_heap_overflow
                0x00002ca8       0x18 /usr/local/mcuxpressoide-11.9.1_2170/ide/plugins/com.nxp.mcuxpresso.tools.linux_11.9.1.202402080819/tools/bin/../lib/gcc/arm-none-eabi/12.3.1/../../../../arm-none-eabi/lib/thumb/v6-m/nofp/libcr_c.a(_cr_check_heap.o)
                0x00002ca8                __check_heap_overflow
 .text._do_fflush
                0x00002cc0       0x48 /usr/local/mcuxpressoide-11.9.1_2170/ide/plugins/com.nxp.mcuxpresso.tools.linux_11.9.1.202402080819/tools/bin/../lib/gcc/arm-none-eabi/12.3.1/../../../../arm-none-eabi/lib/thumb/v6-m/nofp/libcr_c.a(_do_fflush.o)
                0x00002cc0                _do_fflush
 .text.download_firmware_data_start
                0x00002d08       0x10 ./source/service/service.o
 .text.download_firmware_data_stop
                0x00002d18       0x10 ./source/service/service.o
 .text.write_flash_data
                0x00002d28       0x34 ./source/service/service.o
 .text.hexCharToValue
                0x00002d5c       0x64 ./source/service/srec_parsing.o
 .text.hexStringToValue
                0x00002dc0      0x156 ./source/service/srec_parsing.o
 .text.check_sum
                0x00002f16       0x62 ./source/service/srec_parsing.o
 .text.get_address_from_style
                0x00002f78       0x70 ./source/service/srec_parsing.o
 .text.fetching_data_from_buff
                0x00002fe8       0x9c ./source/service/srec_parsing.o
 .text.PORTC_PORTD_IRQHandler
                0x00003084        0xe ./source/peripheral/button.o
                0x00003084                PORTC_PORTD_IRQHandler
 .text.debug_log_init
                0x00003092        0xe ./source/peripheral/debug.o
                0x00003092                debug_log_init
 .text.flash_read
                0x000030a0       0x40 ./source/driver/flash.o
                0x000030a0                flash_read
 .text.gpio_set_dir
                0x000030e0       0x54 ./source/driver/gpio.o
                0x000030e0                gpio_set_dir
 .text.gpio_set_pin
                0x00003134       0x54 ./source/driver/gpio.o
                0x00003134                gpio_set_pin
 .text.gpio_get_pin
                0x00003188       0x2e ./source/driver/gpio.o
                0x00003188                gpio_get_pin
 .text.gpio_toggle_pin
                0x000031b6       0x2a ./source/driver/gpio.o
                0x000031b6                gpio_toggle_pin
 .text.port_res_pull_config
                0x000031e0       0x38 ./source/driver/port.o
                0x000031e0                port_res_pull_config
 .text.get_osr_by_baud
                0x00003218       0x30 ./source/driver/uart.o
 .text.main     0x00003248       0x14 ./source/main.o
                0x00003248                main
 .text.SystemInitHook
                0x0000325c        0xa ./CMSIS/system_MKL46Z4.o
                0x0000325c                SystemInitHook
 .text.__main   0x00003266        0xc /usr/local/mcuxpressoide-11.9.1_2170/ide/plugins/com.nxp.mcuxpresso.tools.linux_11.9.1.202402080819/tools/bin/../lib/gcc/arm-none-eabi/12.3.1/../../../../arm-none-eabi/lib/thumb/v6-m/nofp/libcr_nohost_nf.a(_cr__main.o)
                0x00003266                __main
 .text.__sys_appexit
                0x00003272        0x2 /usr/local/mcuxpressoide-11.9.1_2170/ide/plugins/com.nxp.mcuxpresso.tools.linux_11.9.1.202402080819/tools/bin/../lib/gcc/arm-none-eabi/12.3.1/../../../../arm-none-eabi/lib/thumb/v6-m/nofp/libcr_nohost_nf.a(__sys_appexit.o)
                0x00003272                __exit
                0x00003272                __sys_appexit
 .text.memcpy   0x00003274        0x8 /usr/local/mcuxpressoide-11.9.1_2170/ide/plugins/com.nxp.mcuxpresso.tools.linux_11.9.1.202402080819/tools/bin/../lib/gcc/arm-none-eabi/12.3.1/../../../../arm-none-eabi/lib/thumb/v6-m/nofp/libcr_c.a(memcpy.o)
                0x00003274                memcpy
 .text.memset   0x0000327c        0x8 /usr/local/mcuxpressoide-11.9.1_2170/ide/plugins/com.nxp.mcuxpresso.tools.linux_11.9.1.202402080819/tools/bin/../lib/gcc/arm-none-eabi/12.3.1/../../../../arm-none-eabi/lib/thumb/v6-m/nofp/libcr_c.a(memset.o)
                0x0000327c                memset
 .text.free     0x00003284       0x2c /usr/local/mcuxpressoide-11.9.1_2170/ide/plugins/com.nxp.mcuxpresso.tools.linux_11.9.1.202402080819/tools/bin/../lib/gcc/arm-none-eabi/12.3.1/../../../../arm-none-eabi/lib/thumb/v6-m/nofp/libcr_c.a(alloc.o)
                0x00003284                free
 .text.calloc   0x000032b0       0x50 /usr/local/mcuxpressoide-11.9.1_2170/ide/plugins/com.nxp.mcuxpresso.tools.linux_11.9.1.202402080819/tools/bin/../lib/gcc/arm-none-eabi/12.3.1/../../../../arm-none-eabi/lib/thumb/v6-m/nofp/libcr_c.a(alloc.o)
                0x000032b0                calloc
 .text.no_fp_display
                0x00003300        0x4 /usr/local/mcuxpressoide-11.9.1_2170/ide/plugins/com.nxp.mcuxpresso.tools.linux_11.9.1.202402080819/tools/bin/../lib/gcc/arm-none-eabi/12.3.1/../../../../arm-none-eabi/lib/thumb/v6-m/nofp/libcr_c.a(printf.o)
 .text.remove   0x00003304       0x12 /usr/local/mcuxpressoide-11.9.1_2170/ide/plugins/com.nxp.mcuxpresso.tools.linux_11.9.1.202402080819/tools/bin/../lib/gcc/arm-none-eabi/12.3.1/../../../../arm-none-eabi/lib/thumb/v6-m/nofp/libcr_c.a(remove.o)
                0x00003304                remove
 .text.__aeabi_division_idivmod
                0x00003316       0x78 /usr/local/mcuxpressoide-11.9.1_2170/ide/plugins/com.nxp.mcuxpresso.tools.linux_11.9.1.202402080819/tools/bin/../lib/gcc/arm-none-eabi/12.3.1/thumb/v6-m/nofp/libcr_eabihelpers.a(division_32.o)
                0x00003316                __aeabi_idiv
                0x00003316                __aeabi_idivmod
                0x0000331c                __aeabi_uidiv
                0x0000331c                __aeabi_uidivmod
 .text.__aeabi_division_idiv0
                0x0000338e        0x2 /usr/local/mcuxpressoide-11.9.1_2170/ide/plugins/com.nxp.mcuxpresso.tools.linux_11.9.1.202402080819/tools/bin/../lib/gcc/arm-none-eabi/12.3.1/thumb/v6-m/nofp/libcr_eabihelpers.a(division_idiv0.o)
                0x0000338e                __aeabi_idiv0
 .text.__aeabi_llong_lmul
                0x00003390       0x2e /usr/local/mcuxpressoide-11.9.1_2170/ide/plugins/com.nxp.mcuxpresso.tools.linux_11.9.1.202402080819/tools/bin/../lib/gcc/arm-none-eabi/12.3.1/thumb/v6-m/nofp/libcr_eabihelpers.a(llong.o)
                0x00003390                __aeabi_lmul
 .text.__aeabi_memcpy
                0x000033be       0x2c /usr/local/mcuxpressoide-11.9.1_2170/ide/plugins/com.nxp.mcuxpresso.tools.linux_11.9.1.202402080819/tools/bin/../lib/gcc/arm-none-eabi/12.3.1/thumb/v6-m/nofp/libcr_eabihelpers.a(memcpy.o)
                0x000033be                __aeabi_memcpy
                0x000033be                __aeabi_memcpy4
                0x000033be                __aeabi_memcpy8
 .text.__aeabi_memset_lowlevel
                0x000033ea       0x2a /usr/local/mcuxpressoide-11.9.1_2170/ide/plugins/com.nxp.mcuxpresso.tools.linux_11.9.1.202402080819/tools/bin/../lib/gcc/arm-none-eabi/12.3.1/thumb/v6-m/nofp/libcr_eabihelpers.a(memcpy.o)
                0x000033ea                __aeabi_lowlevel_memset
 .text.__gnu_thumb1_case_uqi
                0x00003414       0x10 /usr/local/mcuxpressoide-11.9.1_2170/ide/plugins/com.nxp.mcuxpresso.tools.linux_11.9.1.202402080819/tools/bin/../lib/gcc/arm-none-eabi/12.3.1/thumb/v6-m/nofp/libcr_eabihelpers.a(thumb1_switch_helpers.o)
                0x00003414                __gnu_thumb1_case_uqi
 .text.__gnu_thumb1_case_shi
                0x00003424       0x10 /usr/local/mcuxpressoide-11.9.1_2170/ide/plugins/com.nxp.mcuxpresso.tools.linux_11.9.1.202402080819/tools/bin/../lib/gcc/arm-none-eabi/12.3.1/thumb/v6-m/nofp/libcr_eabihelpers.a(thumb1_switch_helpers.o)
                0x00003424                __gnu_thumb1_case_shi
 .text.__gnu_thumb1_case_uhi
                0x00003434       0x10 /usr/local/mcuxpressoide-11.9.1_2170/ide/plugins/com.nxp.mcuxpresso.tools.linux_11.9.1.202402080819/tools/bin/../lib/gcc/arm-none-eabi/12.3.1/thumb/v6-m/nofp/libcr_eabihelpers.a(thumb1_switch_helpers.o)
                0x00003434                __gnu_thumb1_case_uhi
 .text.__sys_close
                0x00003444        0x6 /usr/local/mcuxpressoide-11.9.1_2170/ide/plugins/com.nxp.mcuxpresso.tools.linux_11.9.1.202402080819/tools/bin/../lib/gcc/arm-none-eabi/12.3.1/../../../../arm-none-eabi/lib/thumb/v6-m/nofp/libcr_nohost_nf.a(__sys_close.o)
                0x00003444                __sys_close
 .text.__sys_flen
                0x0000344a        0x6 /usr/local/mcuxpressoide-11.9.1_2170/ide/plugins/com.nxp.mcuxpresso.tools.linux_11.9.1.202402080819/tools/bin/../lib/gcc/arm-none-eabi/12.3.1/../../../../arm-none-eabi/lib/thumb/v6-m/nofp/libcr_nohost_nf.a(__sys_flen.o)
                0x0000344a                __sys_flen
 .text.__sys_istty
                0x00003450        0x6 /usr/local/mcuxpressoide-11.9.1_2170/ide/plugins/com.nxp.mcuxpresso.tools.linux_11.9.1.202402080819/tools/bin/../lib/gcc/arm-none-eabi/12.3.1/../../../../arm-none-eabi/lib/thumb/v6-m/nofp/libcr_nohost_nf.a(__sys_istty.o)
                0x00003450                __sys_istty
 .text.__sys_remove
                0x00003456        0x6 /usr/local/mcuxpressoide-11.9.1_2170/ide/plugins/com.nxp.mcuxpresso.tools.linux_11.9.1.202402080819/tools/bin/../lib/gcc/arm-none-eabi/12.3.1/../../../../arm-none-eabi/lib/thumb/v6-m/nofp/libcr_nohost_nf.a(__sys_remove.o)
                0x00003456                __sys_remove
 .text.__sys_seek
                0x0000345c        0x6 /usr/local/mcuxpressoide-11.9.1_2170/ide/plugins/com.nxp.mcuxpresso.tools.linux_11.9.1.202402080819/tools/bin/../lib/gcc/arm-none-eabi/12.3.1/../../../../arm-none-eabi/lib/thumb/v6-m/nofp/libcr_nohost_nf.a(__sys_seek.o)
                0x0000345c                __sys_seek
 .text.__sys_tmpnam
                0x00003462        0x6 /usr/local/mcuxpressoide-11.9.1_2170/ide/plugins/com.nxp.mcuxpresso.tools.linux_11.9.1.202402080819/tools/bin/../lib/gcc/arm-none-eabi/12.3.1/../../../../arm-none-eabi/lib/thumb/v6-m/nofp/libcr_nohost_nf.a(__sys_tmpnam.o)
                0x00003462                __sys_tmpnam
 .text.__sys_write
                0x00003468        0x4 /usr/local/mcuxpressoide-11.9.1_2170/ide/plugins/com.nxp.mcuxpresso.tools.linux_11.9.1.202402080819/tools/bin/../lib/gcc/arm-none-eabi/12.3.1/../../../../arm-none-eabi/lib/thumb/v6-m/nofp/libcr_nohost_nf.a(__sys_write.o)
                0x00003468                __sys_write
 *(SORT_BY_ALIGNMENT(.rodata) SORT_BY_ALIGNMENT(.rodata.*) SORT_BY_ALIGNMENT(.constdata) SORT_BY_ALIGNMENT(.constdata.*))
 .rodata.app_init.str1.4
                0x0000346c       0x11 ./source/service/app.o
 *fill*         0x0000347d        0x3 ff
 .rodata.app_main_process.str1.4
                0x00003480       0x3c ./source/service/app.o
 .rodata.app_firmware_run.str1.4
                0x000034bc       0x17 ./source/service/app.o
 *fill*         0x000034d3        0x1 ff
 .rodata.process_firmware_data_download.str1.4
                0x000034d4       0x20 ./source/service/service.o
 .rodata.check_record_type
                0x000034f4       0x28 ./source/service/srec_parsing.o
 .rodata.__num_Ciob_streams
                0x0000351c        0x4 /usr/local/mcuxpressoide-11.9.1_2170/ide/plugins/com.nxp.mcuxpresso.tools.linux_11.9.1.202402080819/tools/bin/../lib/gcc/arm-none-eabi/12.3.1/../../../../arm-none-eabi/lib/thumb/v6-m/nofp/libcr_nohost_nf.a(__ciob.o)
                0x0000351c                __num_Ciob_streams
 .rodata._Csys_alloc.str1.1
                0x00003520       0x18 /usr/local/mcuxpressoide-11.9.1_2170/ide/plugins/com.nxp.mcuxpresso.tools.linux_11.9.1.202402080819/tools/bin/../lib/gcc/arm-none-eabi/12.3.1/../../../../arm-none-eabi/lib/thumb/v6-m/nofp/libcr_c.a(alloc.o)
 .rodata._initio.str1.1
                0x00003538        0x4 /usr/local/mcuxpressoide-11.9.1_2170/ide/plugins/com.nxp.mcuxpresso.tools.linux_11.9.1.202402080819/tools/bin/../lib/gcc/arm-none-eabi/12.3.1/../../../../arm-none-eabi/lib/thumb/v6-m/nofp/libcr_c.a(initio.o)
 .rodata.__vfprintf.str1.1
                0x0000353c       0x37 /usr/local/mcuxpressoide-11.9.1_2170/ide/plugins/com.nxp.mcuxpresso.tools.linux_11.9.1.202402080819/tools/bin/../lib/gcc/arm-none-eabi/12.3.1/../../../../arm-none-eabi/lib/thumb/v6-m/nofp/libcr_c.a(printf.o)
                                 0x38 (size before relaxing)
                0x00003574                        . = ALIGN (0x4)
 *fill*         0x00003573        0x1 ff

.glue_7         0x00003574        0x0
 .glue_7        0x00003574        0x0 linker stubs

.glue_7t        0x00003574        0x0
 .glue_7t       0x00003574        0x0 linker stubs

.vfp11_veneer   0x00003574        0x0
 .vfp11_veneer  0x00003574        0x0 linker stubs

.v4_bx          0x00003574        0x0
 .v4_bx         0x00003574        0x0 linker stubs

.iplt           0x00003574        0x0
 .iplt          0x00003574        0x0 ./startup/startup_mkl46z4.o

.rel.dyn        0x00003574        0x0
 .rel.iplt      0x00003574        0x0 ./startup/startup_mkl46z4.o

.ARM.extab
 *(SORT_BY_ALIGNMENT(.ARM.extab*) SORT_BY_ALIGNMENT(.gnu.linkonce.armextab.*))

.ARM.exidx      0x00003574        0x0
                0x00003574                        __exidx_start = .
 *(SORT_BY_ALIGNMENT(.ARM.exidx*) SORT_BY_ALIGNMENT(.gnu.linkonce.armexidx.*))
                0x00003574                        __exidx_end = .
                0x00003574                        _etext = .

.m_usb_data
 *(SORT_BY_ALIGNMENT(m_usb_bdt))

.mtb_buffer_default
 *(SORT_BY_ALIGNMENT(.mtb*))

.uninit_RESERVED
                0x1fffe000        0x0
                0x1fffe000                        _start_uninit_RESERVED = .
 *(SORT_BY_ALIGNMENT(.bss.$RESERVED*))
                0x1fffe000                        . = ALIGN (0x4)
                0x1fffe000                        _end_uninit_RESERVED = .

.data           0x1fffe000        0x8 load address 0x00003574
 FILL mask 0xff
                0x1fffe000                        _data = .
                [!provide]                        PROVIDE (__start_data_RAM = .)
                [!provide]                        PROVIDE (__start_data_SRAM = .)
 *(SORT_BY_ALIGNMENT(vtable))
 *(SORT_BY_ALIGNMENT(.ramfunc*))
 *(SORT_BY_ALIGNMENT(CodeQuickAccess))
 *(SORT_BY_ALIGNMENT(DataQuickAccess))
 *(SORT_BY_ALIGNMENT(RamFunction))
 *(SORT_BY_ALIGNMENT(.data*))
 .data.SystemCoreClock
                0x1fffe000        0x4 ./CMSIS/system_MKL46Z4.o
                0x1fffe000                SystemCoreClock
 .data.parse_status
                0x1fffe004        0x1 ./source/service/srec_parsing.o
                0x1fffe008                        . = ALIGN (0x4)
 *fill*         0x1fffe005        0x3 ff
                0x1fffe008                        _edata = .
                [!provide]                        PROVIDE (__end_data_RAM = .)
                [!provide]                        PROVIDE (__end_data_SRAM = .)

.igot.plt       0x1fffe008        0x0 load address 0x0000357c
 .igot.plt      0x1fffe008        0x0 ./startup/startup_mkl46z4.o

.bss            0x1fffe008      0x404
                0x1fffe008                        _bss = .
                [!provide]                        PROVIDE (__start_bss_RAM = .)
                [!provide]                        PROVIDE (__start_bss_SRAM = .)
 *(SORT_BY_ALIGNMENT(.bss*))
 .bss.buffer    0x1fffe008      0x306 ./source/service/service.o
 *fill*         0x1fffe30e        0x2 
 .bss.__callback
                0x1fffe310        0x4 ./source/service/service.o
 .bss.img_size_cnt
                0x1fffe314        0x4 ./source/service/service.o
 .bss.data_cnt  0x1fffe318        0x4 ./source/service/srec_parsing.o
 .bss.__callback
                0x1fffe31c        0x4 ./source/driver/adc.o
 .bss.__callback
                0x1fffe320        0x4 ./source/driver/pit.o
 .bss.__callback
                0x1fffe324        0x4 ./source/driver/uart.o
                0x1fffe324                __callback
 .bss.s_lpsciHandle
                0x1fffe328        0x4 ./drivers/fsl_lpsci.o
 .bss.s_lpsciIsr
                0x1fffe32c        0x4 ./drivers/fsl_lpsci.o
 .bss.s_uartHandle
                0x1fffe330        0xc ./drivers/fsl_uart.o
 .bss.s_uartIsr
                0x1fffe33c        0x4 ./drivers/fsl_uart.o
 .bss.__Ciob    0x1fffe340       0xb4 /usr/local/mcuxpressoide-11.9.1_2170/ide/plugins/com.nxp.mcuxpresso.tools.linux_11.9.1.202402080819/tools/bin/../lib/gcc/arm-none-eabi/12.3.1/../../../../arm-none-eabi/lib/thumb/v6-m/nofp/libcr_nohost_nf.a(__ciob.o)
                0x1fffe340                __Ciob
 .bss.__end_of_heap
                0x1fffe3f4        0x4 /usr/local/mcuxpressoide-11.9.1_2170/ide/plugins/com.nxp.mcuxpresso.tools.linux_11.9.1.202402080819/tools/bin/../lib/gcc/arm-none-eabi/12.3.1/../../../../arm-none-eabi/lib/thumb/v6-m/nofp/libcr_c.a(__init_alloc.o)
                0x1fffe3f4                __end_of_heap
 .bss.__heaps   0x1fffe3f8        0x4 /usr/local/mcuxpressoide-11.9.1_2170/ide/plugins/com.nxp.mcuxpresso.tools.linux_11.9.1.202402080819/tools/bin/../lib/gcc/arm-none-eabi/12.3.1/../../../../arm-none-eabi/lib/thumb/v6-m/nofp/libcr_c.a(__init_alloc.o)
                0x1fffe3f8                __heaps
 .bss.errno     0x1fffe3fc        0x4 /usr/local/mcuxpressoide-11.9.1_2170/ide/plugins/com.nxp.mcuxpresso.tools.linux_11.9.1.202402080819/tools/bin/../lib/gcc/arm-none-eabi/12.3.1/../../../../arm-none-eabi/lib/thumb/v6-m/nofp/libcr_c.a(errno.o)
                0x1fffe3fc                errno
 .bss.recv_count
                0x1fffe400        0x2 ./source/service/service.o
 .bss.start     0x1fffe402        0x2 ./source/service/service.o
 .bss.end       0x1fffe404        0x2 ./source/service/service.o
 .bss.__status  0x1fffe406        0x1 ./source/service/service.o
 .bss.line_done_flg
                0x1fffe407        0x1 ./source/service/service.o
 .bss.img_fake_ver
                0x1fffe408        0x1 ./source/service/service.o
 .bss.end_proc  0x1fffe409        0x1 ./source/service/srec_parsing.o
 .bss.pre_style
                0x1fffe40a        0x1 ./source/service/srec_parsing.o
 *(SORT_BY_ALIGNMENT(COMMON))
                0x1fffe40c                        . = ALIGN (0x4)
 *fill*         0x1fffe40b        0x1 
                0x1fffe40c                        _ebss = .
                [!provide]                        PROVIDE (__end_bss_RAM = .)
                [!provide]                        PROVIDE (__end_bss_SRAM = .)
                [!provide]                        PROVIDE (end = .)

.noinit         0x1fffe40c        0x0
                0x1fffe40c                        _noinit = .
                [!provide]                        PROVIDE (__start_noinit_RAM = .)
                [!provide]                        PROVIDE (__start_noinit_SRAM = .)
 *(SORT_BY_ALIGNMENT(.noinit*))
                0x1fffe40c                        . = ALIGN (0x4)
                0x1fffe40c                        _end_noinit = .
                [!provide]                        PROVIDE (__end_noinit_RAM = .)
                [!provide]                        PROVIDE (__end_noinit_SRAM = .)
                0x00000800                        _HeapSize = 0x800

.heap           0x1fffe40c      0x800
                0x1fffe40c                        _pvHeapStart = .
                0x1fffec0c                        . = (. + _HeapSize)
 *fill*         0x1fffe40c      0x800 
                0x1fffec0c                        . = ALIGN (0x4)
                0x1fffec0c                        _pvHeapLimit = .
                0x00000800                        _StackSize = 0x800

.heap2stackfill
                0x1fffec0c      0x800
                0x1ffff40c                        . = (. + _StackSize)
 *fill*         0x1fffec0c      0x800 

.stack          0x20005800        0x0
                0x20005800                        _vStackBase = .
                0x20005800                        . = ALIGN (0x4)
                0x20006000                        _vStackTop = (. + _StackSize)
                0x00000000                        _image_start = LOADADDR (.text)
                0x0000357c                        _image_end = (LOADADDR (.data) + SIZEOF (.data))
                0x0000357c                        _image_size = (_image_end - _image_start)
OUTPUT(frdmkl46z_phucth_bootloader.axf elf32-littlearm)
LOAD linker stubs

.debug_info     0x00000000     0xa9ce
 .debug_info    0x00000000      0x687 ./startup/startup_mkl46z4.o
 .debug_info    0x00000687      0x2ea ./source/service/app.o
 .debug_info    0x00000971      0x22e ./source/service/img_manager.o
 .debug_info    0x00000b9f      0x519 ./source/service/service.o
 .debug_info    0x000010b8      0x481 ./source/service/srec_parsing.o
 .debug_info    0x00001539      0x269 ./source/peripheral/button.o
 .debug_info    0x000017a2      0x185 ./source/peripheral/debug.o
 .debug_info    0x00001927      0x288 ./source/peripheral/led.o
 .debug_info    0x00001baf      0x7ed ./source/driver/adc.o
 .debug_info    0x0000239c      0x2a8 ./source/driver/flash.o
 .debug_info    0x00002644      0x414 ./source/driver/gpio.o
 .debug_info    0x00002a58      0x5e4 ./source/driver/pit.o
 .debug_info    0x0000303c      0x1da ./source/driver/port.o
 .debug_info    0x00003216      0x193 ./source/driver/sysclock.o
 .debug_info    0x000033a9      0x8f8 ./source/driver/uart.o
 .debug_info    0x00003ca1       0x9d ./source/main.o
 .debug_info    0x00003d3e       0x38 ./source/semihost_hardfault.o
 .debug_info    0x00003d76     0x14e7 ./drivers/fsl_lpsci.o
 .debug_info    0x0000525d     0x1488 ./drivers/fsl_uart.o
 .debug_info    0x000066e5      0x40a ./CMSIS/system_MKL46Z4.o
 .debug_info    0x00006aef       0x85 /usr/local/mcuxpressoide-11.9.1_2170/ide/plugins/com.nxp.mcuxpresso.tools.linux_11.9.1.202402080819/tools/bin/../lib/gcc/arm-none-eabi/12.3.1/../../../../arm-none-eabi/lib/thumb/v6-m/nofp/libcr_nohost_nf.a(_cr__main.o)
 .debug_info    0x00006b74      0x18b /usr/local/mcuxpressoide-11.9.1_2170/ide/plugins/com.nxp.mcuxpresso.tools.linux_11.9.1.202402080819/tools/bin/../lib/gcc/arm-none-eabi/12.3.1/../../../../arm-none-eabi/lib/thumb/v6-m/nofp/libcr_nohost_nf.a(__ciob.o)
 .debug_info    0x00006cff       0x38 /usr/local/mcuxpressoide-11.9.1_2170/ide/plugins/com.nxp.mcuxpresso.tools.linux_11.9.1.202402080819/tools/bin/../lib/gcc/arm-none-eabi/12.3.1/../../../../arm-none-eabi/lib/thumb/v6-m/nofp/libcr_nohost_nf.a(__sys_appexit.o)
 .debug_info    0x00006d37      0x119 /usr/local/mcuxpressoide-11.9.1_2170/ide/plugins/com.nxp.mcuxpresso.tools.linux_11.9.1.202402080819/tools/bin/../lib/gcc/arm-none-eabi/12.3.1/../../../../arm-none-eabi/lib/thumb/v6-m/nofp/libcr_c.a(memcpy.o)
 .debug_info    0x00006e50       0xe3 /usr/local/mcuxpressoide-11.9.1_2170/ide/plugins/com.nxp.mcuxpresso.tools.linux_11.9.1.202402080819/tools/bin/../lib/gcc/arm-none-eabi/12.3.1/../../../../arm-none-eabi/lib/thumb/v6-m/nofp/libcr_c.a(memset.o)
 .debug_info    0x00006f33      0x35d /usr/local/mcuxpressoide-11.9.1_2170/ide/plugins/com.nxp.mcuxpresso.tools.linux_11.9.1.202402080819/tools/bin/../lib/gcc/arm-none-eabi/12.3.1/../../../../arm-none-eabi/lib/thumb/v6-m/nofp/libcr_c.a(_deferredlazyseek.o)
 .debug_info    0x00007290      0x1e3 /usr/local/mcuxpressoide-11.9.1_2170/ide/plugins/com.nxp.mcuxpresso.tools.linux_11.9.1.202402080819/tools/bin/../lib/gcc/arm-none-eabi/12.3.1/../../../../arm-none-eabi/lib/thumb/v6-m/nofp/libcr_c.a(_fflush.o)
 .debug_info    0x00007473      0x283 /usr/local/mcuxpressoide-11.9.1_2170/ide/plugins/com.nxp.mcuxpresso.tools.linux_11.9.1.202402080819/tools/bin/../lib/gcc/arm-none-eabi/12.3.1/../../../../arm-none-eabi/lib/thumb/v6-m/nofp/libcr_c.a(_writebuf.o)
 .debug_info    0x000076f6      0x50c /usr/local/mcuxpressoide-11.9.1_2170/ide/plugins/com.nxp.mcuxpresso.tools.linux_11.9.1.202402080819/tools/bin/../lib/gcc/arm-none-eabi/12.3.1/../../../../arm-none-eabi/lib/thumb/v6-m/nofp/libcr_c.a(alloc.o)
 .debug_info    0x00007c02      0x278 /usr/local/mcuxpressoide-11.9.1_2170/ide/plugins/com.nxp.mcuxpresso.tools.linux_11.9.1.202402080819/tools/bin/../lib/gcc/arm-none-eabi/12.3.1/../../../../arm-none-eabi/lib/thumb/v6-m/nofp/libcr_c.a(fseek.o)
 .debug_info    0x00007e7a      0x190 /usr/local/mcuxpressoide-11.9.1_2170/ide/plugins/com.nxp.mcuxpresso.tools.linux_11.9.1.202402080819/tools/bin/../lib/gcc/arm-none-eabi/12.3.1/../../../../arm-none-eabi/lib/thumb/v6-m/nofp/libcr_c.a(ftell.o)
 .debug_info    0x0000800a      0x353 /usr/local/mcuxpressoide-11.9.1_2170/ide/plugins/com.nxp.mcuxpresso.tools.linux_11.9.1.202402080819/tools/bin/../lib/gcc/arm-none-eabi/12.3.1/../../../../arm-none-eabi/lib/thumb/v6-m/nofp/libcr_c.a(initio.o)
 .debug_info    0x0000835d     0x12b0 /usr/local/mcuxpressoide-11.9.1_2170/ide/plugins/com.nxp.mcuxpresso.tools.linux_11.9.1.202402080819/tools/bin/../lib/gcc/arm-none-eabi/12.3.1/../../../../arm-none-eabi/lib/thumb/v6-m/nofp/libcr_c.a(printf.o)
 .debug_info    0x0000960d      0x1f6 /usr/local/mcuxpressoide-11.9.1_2170/ide/plugins/com.nxp.mcuxpresso.tools.linux_11.9.1.202402080819/tools/bin/../lib/gcc/arm-none-eabi/12.3.1/../../../../arm-none-eabi/lib/thumb/v6-m/nofp/libcr_c.a(setvbuf.o)
 .debug_info    0x00009803       0xd6 /usr/local/mcuxpressoide-11.9.1_2170/ide/plugins/com.nxp.mcuxpresso.tools.linux_11.9.1.202402080819/tools/bin/../lib/gcc/arm-none-eabi/12.3.1/../../../../arm-none-eabi/lib/thumb/v6-m/nofp/libcr_c.a(strlen.o)
 .debug_info    0x000098d9       0xd4 /usr/local/mcuxpressoide-11.9.1_2170/ide/plugins/com.nxp.mcuxpresso.tools.linux_11.9.1.202402080819/tools/bin/../lib/gcc/arm-none-eabi/12.3.1/../../../../arm-none-eabi/lib/thumb/v6-m/nofp/libcr_c.a(__init_alloc.o)
 .debug_info    0x000099ad      0x100 /usr/local/mcuxpressoide-11.9.1_2170/ide/plugins/com.nxp.mcuxpresso.tools.linux_11.9.1.202402080819/tools/bin/../lib/gcc/arm-none-eabi/12.3.1/../../../../arm-none-eabi/lib/thumb/v6-m/nofp/libcr_c.a(_cr_sbrk.o)
 .debug_info    0x00009aad      0x244 /usr/local/mcuxpressoide-11.9.1_2170/ide/plugins/com.nxp.mcuxpresso.tools.linux_11.9.1.202402080819/tools/bin/../lib/gcc/arm-none-eabi/12.3.1/../../../../arm-none-eabi/lib/thumb/v6-m/nofp/libcr_c.a(_fdopen.o)
 .debug_info    0x00009cf1       0x44 /usr/local/mcuxpressoide-11.9.1_2170/ide/plugins/com.nxp.mcuxpresso.tools.linux_11.9.1.202402080819/tools/bin/../lib/gcc/arm-none-eabi/12.3.1/../../../../arm-none-eabi/lib/thumb/v6-m/nofp/libcr_c.a(errno.o)
 .debug_info    0x00009d35      0x31e /usr/local/mcuxpressoide-11.9.1_2170/ide/plugins/com.nxp.mcuxpresso.tools.linux_11.9.1.202402080819/tools/bin/../lib/gcc/arm-none-eabi/12.3.1/../../../../arm-none-eabi/lib/thumb/v6-m/nofp/libcr_c.a(fclose.o)
 .debug_info    0x0000a053      0x203 /usr/local/mcuxpressoide-11.9.1_2170/ide/plugins/com.nxp.mcuxpresso.tools.linux_11.9.1.202402080819/tools/bin/../lib/gcc/arm-none-eabi/12.3.1/../../../../arm-none-eabi/lib/thumb/v6-m/nofp/libcr_c.a(fflush.o)
 .debug_info    0x0000a256      0x1c9 /usr/local/mcuxpressoide-11.9.1_2170/ide/plugins/com.nxp.mcuxpresso.tools.linux_11.9.1.202402080819/tools/bin/../lib/gcc/arm-none-eabi/12.3.1/../../../../arm-none-eabi/lib/thumb/v6-m/nofp/libcr_c.a(remove.o)
 .debug_info    0x0000a41f       0x71 /usr/local/mcuxpressoide-11.9.1_2170/ide/plugins/com.nxp.mcuxpresso.tools.linux_11.9.1.202402080819/tools/bin/../lib/gcc/arm-none-eabi/12.3.1/../../../../arm-none-eabi/lib/thumb/v6-m/nofp/libcr_c.a(_cr_check_heap.o)
 .debug_info    0x0000a490      0x23a /usr/local/mcuxpressoide-11.9.1_2170/ide/plugins/com.nxp.mcuxpresso.tools.linux_11.9.1.202402080819/tools/bin/../lib/gcc/arm-none-eabi/12.3.1/../../../../arm-none-eabi/lib/thumb/v6-m/nofp/libcr_c.a(_do_fflush.o)
 .debug_info    0x0000a6ca       0x5c /usr/local/mcuxpressoide-11.9.1_2170/ide/plugins/com.nxp.mcuxpresso.tools.linux_11.9.1.202402080819/tools/bin/../lib/gcc/arm-none-eabi/12.3.1/../../../../arm-none-eabi/lib/thumb/v6-m/nofp/libcr_nohost_nf.a(__sys_close.o)
 .debug_info    0x0000a726       0x5c /usr/local/mcuxpressoide-11.9.1_2170/ide/plugins/com.nxp.mcuxpresso.tools.linux_11.9.1.202402080819/tools/bin/../lib/gcc/arm-none-eabi/12.3.1/../../../../arm-none-eabi/lib/thumb/v6-m/nofp/libcr_nohost_nf.a(__sys_flen.o)
 .debug_info    0x0000a782       0x5c /usr/local/mcuxpressoide-11.9.1_2170/ide/plugins/com.nxp.mcuxpresso.tools.linux_11.9.1.202402080819/tools/bin/../lib/gcc/arm-none-eabi/12.3.1/../../../../arm-none-eabi/lib/thumb/v6-m/nofp/libcr_nohost_nf.a(__sys_istty.o)
 .debug_info    0x0000a7de       0x7c /usr/local/mcuxpressoide-11.9.1_2170/ide/plugins/com.nxp.mcuxpresso.tools.linux_11.9.1.202402080819/tools/bin/../lib/gcc/arm-none-eabi/12.3.1/../../../../arm-none-eabi/lib/thumb/v6-m/nofp/libcr_nohost_nf.a(__sys_remove.o)
 .debug_info    0x0000a85a       0x6a /usr/local/mcuxpressoide-11.9.1_2170/ide/plugins/com.nxp.mcuxpresso.tools.linux_11.9.1.202402080819/tools/bin/../lib/gcc/arm-none-eabi/12.3.1/../../../../arm-none-eabi/lib/thumb/v6-m/nofp/libcr_nohost_nf.a(__sys_seek.o)
 .debug_info    0x0000a8c4       0x85 /usr/local/mcuxpressoide-11.9.1_2170/ide/plugins/com.nxp.mcuxpresso.tools.linux_11.9.1.202402080819/tools/bin/../lib/gcc/arm-none-eabi/12.3.1/../../../../arm-none-eabi/lib/thumb/v6-m/nofp/libcr_nohost_nf.a(__sys_tmpnam.o)
 .debug_info    0x0000a949       0x85 /usr/local/mcuxpressoide-11.9.1_2170/ide/plugins/com.nxp.mcuxpresso.tools.linux_11.9.1.202402080819/tools/bin/../lib/gcc/arm-none-eabi/12.3.1/../../../../arm-none-eabi/lib/thumb/v6-m/nofp/libcr_nohost_nf.a(__sys_write.o)

.debug_abbrev   0x00000000     0x3868
 .debug_abbrev  0x00000000      0x177 ./startup/startup_mkl46z4.o
 .debug_abbrev  0x00000177      0x1d6 ./source/service/app.o
 .debug_abbrev  0x0000034d      0x110 ./source/service/img_manager.o
 .debug_abbrev  0x0000045d      0x20c ./source/service/service.o
 .debug_abbrev  0x00000669      0x19f ./source/service/srec_parsing.o
 .debug_abbrev  0x00000808      0x154 ./source/peripheral/button.o
 .debug_abbrev  0x0000095c      0x132 ./source/peripheral/debug.o
 .debug_abbrev  0x00000a8e      0x105 ./source/peripheral/led.o
 .debug_abbrev  0x00000b93      0x1dd ./source/driver/adc.o
 .debug_abbrev  0x00000d70       0xe0 ./source/driver/flash.o
 .debug_abbrev  0x00000e50      0x130 ./source/driver/gpio.o
 .debug_abbrev  0x00000f80      0x18b ./source/driver/pit.o
 .debug_abbrev  0x0000110b       0xf3 ./source/driver/port.o
 .debug_abbrev  0x000011fe       0xbf ./source/driver/sysclock.o
 .debug_abbrev  0x000012bd      0x237 ./source/driver/uart.o
 .debug_abbrev  0x000014f4       0x55 ./source/main.o
 .debug_abbrev  0x00001549       0x2e ./source/semihost_hardfault.o
 .debug_abbrev  0x00001577      0x31f ./drivers/fsl_lpsci.o
 .debug_abbrev  0x00001896      0x31f ./drivers/fsl_uart.o
 .debug_abbrev  0x00001bb5      0x145 ./CMSIS/system_MKL46Z4.o
 .debug_abbrev  0x00001cfa       0x62 /usr/local/mcuxpressoide-11.9.1_2170/ide/plugins/com.nxp.mcuxpresso.tools.linux_11.9.1.202402080819/tools/bin/../lib/gcc/arm-none-eabi/12.3.1/../../../../arm-none-eabi/lib/thumb/v6-m/nofp/libcr_nohost_nf.a(_cr__main.o)
 .debug_abbrev  0x00001d5c       0xb5 /usr/local/mcuxpressoide-11.9.1_2170/ide/plugins/com.nxp.mcuxpresso.tools.linux_11.9.1.202402080819/tools/bin/../lib/gcc/arm-none-eabi/12.3.1/../../../../arm-none-eabi/lib/thumb/v6-m/nofp/libcr_nohost_nf.a(__ciob.o)
 .debug_abbrev  0x00001e11       0x2e /usr/local/mcuxpressoide-11.9.1_2170/ide/plugins/com.nxp.mcuxpresso.tools.linux_11.9.1.202402080819/tools/bin/../lib/gcc/arm-none-eabi/12.3.1/../../../../arm-none-eabi/lib/thumb/v6-m/nofp/libcr_nohost_nf.a(__sys_appexit.o)
 .debug_abbrev  0x00001e3f       0xb3 /usr/local/mcuxpressoide-11.9.1_2170/ide/plugins/com.nxp.mcuxpresso.tools.linux_11.9.1.202402080819/tools/bin/../lib/gcc/arm-none-eabi/12.3.1/../../../../arm-none-eabi/lib/thumb/v6-m/nofp/libcr_c.a(memcpy.o)
 .debug_abbrev  0x00001ef2       0xa5 /usr/local/mcuxpressoide-11.9.1_2170/ide/plugins/com.nxp.mcuxpresso.tools.linux_11.9.1.202402080819/tools/bin/../lib/gcc/arm-none-eabi/12.3.1/../../../../arm-none-eabi/lib/thumb/v6-m/nofp/libcr_c.a(memset.o)
 .debug_abbrev  0x00001f97      0x147 /usr/local/mcuxpressoide-11.9.1_2170/ide/plugins/com.nxp.mcuxpresso.tools.linux_11.9.1.202402080819/tools/bin/../lib/gcc/arm-none-eabi/12.3.1/../../../../arm-none-eabi/lib/thumb/v6-m/nofp/libcr_c.a(_deferredlazyseek.o)
 .debug_abbrev  0x000020de       0xf1 /usr/local/mcuxpressoide-11.9.1_2170/ide/plugins/com.nxp.mcuxpresso.tools.linux_11.9.1.202402080819/tools/bin/../lib/gcc/arm-none-eabi/12.3.1/../../../../arm-none-eabi/lib/thumb/v6-m/nofp/libcr_c.a(_fflush.o)
 .debug_abbrev  0x000021cf      0x126 /usr/local/mcuxpressoide-11.9.1_2170/ide/plugins/com.nxp.mcuxpresso.tools.linux_11.9.1.202402080819/tools/bin/../lib/gcc/arm-none-eabi/12.3.1/../../../../arm-none-eabi/lib/thumb/v6-m/nofp/libcr_c.a(_writebuf.o)
 .debug_abbrev  0x000022f5      0x27b /usr/local/mcuxpressoide-11.9.1_2170/ide/plugins/com.nxp.mcuxpresso.tools.linux_11.9.1.202402080819/tools/bin/../lib/gcc/arm-none-eabi/12.3.1/../../../../arm-none-eabi/lib/thumb/v6-m/nofp/libcr_c.a(alloc.o)
 .debug_abbrev  0x00002570      0x11b /usr/local/mcuxpressoide-11.9.1_2170/ide/plugins/com.nxp.mcuxpresso.tools.linux_11.9.1.202402080819/tools/bin/../lib/gcc/arm-none-eabi/12.3.1/../../../../arm-none-eabi/lib/thumb/v6-m/nofp/libcr_c.a(fseek.o)
 .debug_abbrev  0x0000268b       0xc2 /usr/local/mcuxpressoide-11.9.1_2170/ide/plugins/com.nxp.mcuxpresso.tools.linux_11.9.1.202402080819/tools/bin/../lib/gcc/arm-none-eabi/12.3.1/../../../../arm-none-eabi/lib/thumb/v6-m/nofp/libcr_c.a(ftell.o)
 .debug_abbrev  0x0000274d      0x14b /usr/local/mcuxpressoide-11.9.1_2170/ide/plugins/com.nxp.mcuxpresso.tools.linux_11.9.1.202402080819/tools/bin/../lib/gcc/arm-none-eabi/12.3.1/../../../../arm-none-eabi/lib/thumb/v6-m/nofp/libcr_c.a(initio.o)
 .debug_abbrev  0x00002898      0x3af /usr/local/mcuxpressoide-11.9.1_2170/ide/plugins/com.nxp.mcuxpresso.tools.linux_11.9.1.202402080819/tools/bin/../lib/gcc/arm-none-eabi/12.3.1/../../../../arm-none-eabi/lib/thumb/v6-m/nofp/libcr_c.a(printf.o)
 .debug_abbrev  0x00002c47       0xe1 /usr/local/mcuxpressoide-11.9.1_2170/ide/plugins/com.nxp.mcuxpresso.tools.linux_11.9.1.202402080819/tools/bin/../lib/gcc/arm-none-eabi/12.3.1/../../../../arm-none-eabi/lib/thumb/v6-m/nofp/libcr_c.a(setvbuf.o)
 .debug_abbrev  0x00002d28       0xa5 /usr/local/mcuxpressoide-11.9.1_2170/ide/plugins/com.nxp.mcuxpresso.tools.linux_11.9.1.202402080819/tools/bin/../lib/gcc/arm-none-eabi/12.3.1/../../../../arm-none-eabi/lib/thumb/v6-m/nofp/libcr_c.a(strlen.o)
 .debug_abbrev  0x00002dcd       0xaf /usr/local/mcuxpressoide-11.9.1_2170/ide/plugins/com.nxp.mcuxpresso.tools.linux_11.9.1.202402080819/tools/bin/../lib/gcc/arm-none-eabi/12.3.1/../../../../arm-none-eabi/lib/thumb/v6-m/nofp/libcr_c.a(__init_alloc.o)
 .debug_abbrev  0x00002e7c       0xd3 /usr/local/mcuxpressoide-11.9.1_2170/ide/plugins/com.nxp.mcuxpresso.tools.linux_11.9.1.202402080819/tools/bin/../lib/gcc/arm-none-eabi/12.3.1/../../../../arm-none-eabi/lib/thumb/v6-m/nofp/libcr_c.a(_cr_sbrk.o)
 .debug_abbrev  0x00002f4f      0x119 /usr/local/mcuxpressoide-11.9.1_2170/ide/plugins/com.nxp.mcuxpresso.tools.linux_11.9.1.202402080819/tools/bin/../lib/gcc/arm-none-eabi/12.3.1/../../../../arm-none-eabi/lib/thumb/v6-m/nofp/libcr_c.a(_fdopen.o)
 .debug_abbrev  0x00003068       0x44 /usr/local/mcuxpressoide-11.9.1_2170/ide/plugins/com.nxp.mcuxpresso.tools.linux_11.9.1.202402080819/tools/bin/../lib/gcc/arm-none-eabi/12.3.1/../../../../arm-none-eabi/lib/thumb/v6-m/nofp/libcr_c.a(errno.o)
 .debug_abbrev  0x000030ac      0x158 /usr/local/mcuxpressoide-11.9.1_2170/ide/plugins/com.nxp.mcuxpresso.tools.linux_11.9.1.202402080819/tools/bin/../lib/gcc/arm-none-eabi/12.3.1/../../../../arm-none-eabi/lib/thumb/v6-m/nofp/libcr_c.a(fclose.o)
 .debug_abbrev  0x00003204      0x122 /usr/local/mcuxpressoide-11.9.1_2170/ide/plugins/com.nxp.mcuxpresso.tools.linux_11.9.1.202402080819/tools/bin/../lib/gcc/arm-none-eabi/12.3.1/../../../../arm-none-eabi/lib/thumb/v6-m/nofp/libcr_c.a(fflush.o)
 .debug_abbrev  0x00003326       0xed /usr/local/mcuxpressoide-11.9.1_2170/ide/plugins/com.nxp.mcuxpresso.tools.linux_11.9.1.202402080819/tools/bin/../lib/gcc/arm-none-eabi/12.3.1/../../../../arm-none-eabi/lib/thumb/v6-m/nofp/libcr_c.a(remove.o)
 .debug_abbrev  0x00003413       0x6b /usr/local/mcuxpressoide-11.9.1_2170/ide/plugins/com.nxp.mcuxpresso.tools.linux_11.9.1.202402080819/tools/bin/../lib/gcc/arm-none-eabi/12.3.1/../../../../arm-none-eabi/lib/thumb/v6-m/nofp/libcr_c.a(_cr_check_heap.o)
 .debug_abbrev  0x0000347e      0x12c /usr/local/mcuxpressoide-11.9.1_2170/ide/plugins/com.nxp.mcuxpresso.tools.linux_11.9.1.202402080819/tools/bin/../lib/gcc/arm-none-eabi/12.3.1/../../../../arm-none-eabi/lib/thumb/v6-m/nofp/libcr_c.a(_do_fflush.o)
 .debug_abbrev  0x000035aa       0x51 /usr/local/mcuxpressoide-11.9.1_2170/ide/plugins/com.nxp.mcuxpresso.tools.linux_11.9.1.202402080819/tools/bin/../lib/gcc/arm-none-eabi/12.3.1/../../../../arm-none-eabi/lib/thumb/v6-m/nofp/libcr_nohost_nf.a(__sys_close.o)
 .debug_abbrev  0x000035fb       0x51 /usr/local/mcuxpressoide-11.9.1_2170/ide/plugins/com.nxp.mcuxpresso.tools.linux_11.9.1.202402080819/tools/bin/../lib/gcc/arm-none-eabi/12.3.1/../../../../arm-none-eabi/lib/thumb/v6-m/nofp/libcr_nohost_nf.a(__sys_flen.o)
 .debug_abbrev  0x0000364c       0x51 /usr/local/mcuxpressoide-11.9.1_2170/ide/plugins/com.nxp.mcuxpresso.tools.linux_11.9.1.202402080819/tools/bin/../lib/gcc/arm-none-eabi/12.3.1/../../../../arm-none-eabi/lib/thumb/v6-m/nofp/libcr_nohost_nf.a(__sys_istty.o)
 .debug_abbrev  0x0000369d       0x7d /usr/local/mcuxpressoide-11.9.1_2170/ide/plugins/com.nxp.mcuxpresso.tools.linux_11.9.1.202402080819/tools/bin/../lib/gcc/arm-none-eabi/12.3.1/../../../../arm-none-eabi/lib/thumb/v6-m/nofp/libcr_nohost_nf.a(__sys_remove.o)
 .debug_abbrev  0x0000371a       0x62 /usr/local/mcuxpressoide-11.9.1_2170/ide/plugins/com.nxp.mcuxpresso.tools.linux_11.9.1.202402080819/tools/bin/../lib/gcc/arm-none-eabi/12.3.1/../../../../arm-none-eabi/lib/thumb/v6-m/nofp/libcr_nohost_nf.a(__sys_seek.o)
 .debug_abbrev  0x0000377c       0x76 /usr/local/mcuxpressoide-11.9.1_2170/ide/plugins/com.nxp.mcuxpresso.tools.linux_11.9.1.202402080819/tools/bin/../lib/gcc/arm-none-eabi/12.3.1/../../../../arm-none-eabi/lib/thumb/v6-m/nofp/libcr_nohost_nf.a(__sys_tmpnam.o)
 .debug_abbrev  0x000037f2       0x76 /usr/local/mcuxpressoide-11.9.1_2170/ide/plugins/com.nxp.mcuxpresso.tools.linux_11.9.1.202402080819/tools/bin/../lib/gcc/arm-none-eabi/12.3.1/../../../../arm-none-eabi/lib/thumb/v6-m/nofp/libcr_nohost_nf.a(__sys_write.o)

.debug_loc      0x00000000     0x39f2
 .debug_loc     0x00000000      0x1cc ./startup/startup_mkl46z4.o
 .debug_loc     0x000001cc       0x6f /usr/local/mcuxpressoide-11.9.1_2170/ide/plugins/com.nxp.mcuxpresso.tools.linux_11.9.1.202402080819/tools/bin/../lib/gcc/arm-none-eabi/12.3.1/../../../../arm-none-eabi/lib/thumb/v6-m/nofp/libcr_c.a(memcpy.o)
 .debug_loc     0x0000023b       0x6f /usr/local/mcuxpressoide-11.9.1_2170/ide/plugins/com.nxp.mcuxpresso.tools.linux_11.9.1.202402080819/tools/bin/../lib/gcc/arm-none-eabi/12.3.1/../../../../arm-none-eabi/lib/thumb/v6-m/nofp/libcr_c.a(memset.o)
 .debug_loc     0x000002aa      0x1aa /usr/local/mcuxpressoide-11.9.1_2170/ide/plugins/com.nxp.mcuxpresso.tools.linux_11.9.1.202402080819/tools/bin/../lib/gcc/arm-none-eabi/12.3.1/../../../../arm-none-eabi/lib/thumb/v6-m/nofp/libcr_c.a(_deferredlazyseek.o)
 .debug_loc     0x00000454      0x124 /usr/local/mcuxpressoide-11.9.1_2170/ide/plugins/com.nxp.mcuxpresso.tools.linux_11.9.1.202402080819/tools/bin/../lib/gcc/arm-none-eabi/12.3.1/../../../../arm-none-eabi/lib/thumb/v6-m/nofp/libcr_c.a(_fflush.o)
 .debug_loc     0x00000578       0xe7 /usr/local/mcuxpressoide-11.9.1_2170/ide/plugins/com.nxp.mcuxpresso.tools.linux_11.9.1.202402080819/tools/bin/../lib/gcc/arm-none-eabi/12.3.1/../../../../arm-none-eabi/lib/thumb/v6-m/nofp/libcr_c.a(_writebuf.o)
 .debug_loc     0x0000065f      0x762 /usr/local/mcuxpressoide-11.9.1_2170/ide/plugins/com.nxp.mcuxpresso.tools.linux_11.9.1.202402080819/tools/bin/../lib/gcc/arm-none-eabi/12.3.1/../../../../arm-none-eabi/lib/thumb/v6-m/nofp/libcr_c.a(alloc.o)
 .debug_loc     0x00000dc1      0x1a8 /usr/local/mcuxpressoide-11.9.1_2170/ide/plugins/com.nxp.mcuxpresso.tools.linux_11.9.1.202402080819/tools/bin/../lib/gcc/arm-none-eabi/12.3.1/../../../../arm-none-eabi/lib/thumb/v6-m/nofp/libcr_c.a(fseek.o)
 .debug_loc     0x00000f69       0x8d /usr/local/mcuxpressoide-11.9.1_2170/ide/plugins/com.nxp.mcuxpresso.tools.linux_11.9.1.202402080819/tools/bin/../lib/gcc/arm-none-eabi/12.3.1/../../../../arm-none-eabi/lib/thumb/v6-m/nofp/libcr_c.a(ftell.o)
 .debug_loc     0x00000ff6       0x5a /usr/local/mcuxpressoide-11.9.1_2170/ide/plugins/com.nxp.mcuxpresso.tools.linux_11.9.1.202402080819/tools/bin/../lib/gcc/arm-none-eabi/12.3.1/../../../../arm-none-eabi/lib/thumb/v6-m/nofp/libcr_c.a(initio.o)
 .debug_loc     0x00001050     0x21c7 /usr/local/mcuxpressoide-11.9.1_2170/ide/plugins/com.nxp.mcuxpresso.tools.linux_11.9.1.202402080819/tools/bin/../lib/gcc/arm-none-eabi/12.3.1/../../../../arm-none-eabi/lib/thumb/v6-m/nofp/libcr_c.a(printf.o)
 .debug_loc     0x00003217      0x13d /usr/local/mcuxpressoide-11.9.1_2170/ide/plugins/com.nxp.mcuxpresso.tools.linux_11.9.1.202402080819/tools/bin/../lib/gcc/arm-none-eabi/12.3.1/../../../../arm-none-eabi/lib/thumb/v6-m/nofp/libcr_c.a(setvbuf.o)
 .debug_loc     0x00003354      0x108 /usr/local/mcuxpressoide-11.9.1_2170/ide/plugins/com.nxp.mcuxpresso.tools.linux_11.9.1.202402080819/tools/bin/../lib/gcc/arm-none-eabi/12.3.1/../../../../arm-none-eabi/lib/thumb/v6-m/nofp/libcr_c.a(strlen.o)
 .debug_loc     0x0000345c       0x69 /usr/local/mcuxpressoide-11.9.1_2170/ide/plugins/com.nxp.mcuxpresso.tools.linux_11.9.1.202402080819/tools/bin/../lib/gcc/arm-none-eabi/12.3.1/../../../../arm-none-eabi/lib/thumb/v6-m/nofp/libcr_c.a(_cr_sbrk.o)
 .debug_loc     0x000034c5      0x15a /usr/local/mcuxpressoide-11.9.1_2170/ide/plugins/com.nxp.mcuxpresso.tools.linux_11.9.1.202402080819/tools/bin/../lib/gcc/arm-none-eabi/12.3.1/../../../../arm-none-eabi/lib/thumb/v6-m/nofp/libcr_c.a(_fdopen.o)
 .debug_loc     0x0000361f       0xb2 /usr/local/mcuxpressoide-11.9.1_2170/ide/plugins/com.nxp.mcuxpresso.tools.linux_11.9.1.202402080819/tools/bin/../lib/gcc/arm-none-eabi/12.3.1/../../../../arm-none-eabi/lib/thumb/v6-m/nofp/libcr_c.a(fclose.o)
 .debug_loc     0x000036d1       0x9f /usr/local/mcuxpressoide-11.9.1_2170/ide/plugins/com.nxp.mcuxpresso.tools.linux_11.9.1.202402080819/tools/bin/../lib/gcc/arm-none-eabi/12.3.1/../../../../arm-none-eabi/lib/thumb/v6-m/nofp/libcr_c.a(fflush.o)
 .debug_loc     0x00003770       0xda /usr/local/mcuxpressoide-11.9.1_2170/ide/plugins/com.nxp.mcuxpresso.tools.linux_11.9.1.202402080819/tools/bin/../lib/gcc/arm-none-eabi/12.3.1/../../../../arm-none-eabi/lib/thumb/v6-m/nofp/libcr_c.a(remove.o)
 .debug_loc     0x0000384a       0x22 /usr/local/mcuxpressoide-11.9.1_2170/ide/plugins/com.nxp.mcuxpresso.tools.linux_11.9.1.202402080819/tools/bin/../lib/gcc/arm-none-eabi/12.3.1/../../../../arm-none-eabi/lib/thumb/v6-m/nofp/libcr_c.a(_cr_check_heap.o)
 .debug_loc     0x0000386c       0x83 /usr/local/mcuxpressoide-11.9.1_2170/ide/plugins/com.nxp.mcuxpresso.tools.linux_11.9.1.202402080819/tools/bin/../lib/gcc/arm-none-eabi/12.3.1/../../../../arm-none-eabi/lib/thumb/v6-m/nofp/libcr_c.a(_do_fflush.o)
 .debug_loc     0x000038ef       0x25 /usr/local/mcuxpressoide-11.9.1_2170/ide/plugins/com.nxp.mcuxpresso.tools.linux_11.9.1.202402080819/tools/bin/../lib/gcc/arm-none-eabi/12.3.1/../../../../arm-none-eabi/lib/thumb/v6-m/nofp/libcr_nohost_nf.a(__sys_close.o)
 .debug_loc     0x00003914       0x25 /usr/local/mcuxpressoide-11.9.1_2170/ide/plugins/com.nxp.mcuxpresso.tools.linux_11.9.1.202402080819/tools/bin/../lib/gcc/arm-none-eabi/12.3.1/../../../../arm-none-eabi/lib/thumb/v6-m/nofp/libcr_nohost_nf.a(__sys_flen.o)
 .debug_loc     0x00003939       0x25 /usr/local/mcuxpressoide-11.9.1_2170/ide/plugins/com.nxp.mcuxpresso.tools.linux_11.9.1.202402080819/tools/bin/../lib/gcc/arm-none-eabi/12.3.1/../../../../arm-none-eabi/lib/thumb/v6-m/nofp/libcr_nohost_nf.a(__sys_istty.o)
 .debug_loc     0x0000395e       0x25 /usr/local/mcuxpressoide-11.9.1_2170/ide/plugins/com.nxp.mcuxpresso.tools.linux_11.9.1.202402080819/tools/bin/../lib/gcc/arm-none-eabi/12.3.1/../../../../arm-none-eabi/lib/thumb/v6-m/nofp/libcr_nohost_nf.a(__sys_remove.o)
 .debug_loc     0x00003983       0x25 /usr/local/mcuxpressoide-11.9.1_2170/ide/plugins/com.nxp.mcuxpresso.tools.linux_11.9.1.202402080819/tools/bin/../lib/gcc/arm-none-eabi/12.3.1/../../../../arm-none-eabi/lib/thumb/v6-m/nofp/libcr_nohost_nf.a(__sys_seek.o)
 .debug_loc     0x000039a8       0x25 /usr/local/mcuxpressoide-11.9.1_2170/ide/plugins/com.nxp.mcuxpresso.tools.linux_11.9.1.202402080819/tools/bin/../lib/gcc/arm-none-eabi/12.3.1/../../../../arm-none-eabi/lib/thumb/v6-m/nofp/libcr_nohost_nf.a(__sys_tmpnam.o)
 .debug_loc     0x000039cd       0x25 /usr/local/mcuxpressoide-11.9.1_2170/ide/plugins/com.nxp.mcuxpresso.tools.linux_11.9.1.202402080819/tools/bin/../lib/gcc/arm-none-eabi/12.3.1/../../../../arm-none-eabi/lib/thumb/v6-m/nofp/libcr_nohost_nf.a(__sys_write.o)

.debug_aranges  0x00000000      0xbf0
 .debug_aranges
                0x00000000      0x160 ./startup/startup_mkl46z4.o
 .debug_aranges
                0x00000160       0x30 ./source/service/app.o
 .debug_aranges
                0x00000190       0x30 ./source/service/img_manager.o
 .debug_aranges
                0x000001c0       0x78 ./source/service/service.o
 .debug_aranges
                0x00000238       0x58 ./source/service/srec_parsing.o
 .debug_aranges
                0x00000290       0x30 ./source/peripheral/button.o
 .debug_aranges
                0x000002c0       0x28 ./source/peripheral/debug.o
 .debug_aranges
                0x000002e8       0x40 ./source/peripheral/led.o
 .debug_aranges
                0x00000328       0x48 ./source/driver/adc.o
 .debug_aranges
                0x00000370       0x30 ./source/driver/flash.o
 .debug_aranges
                0x000003a0       0x40 ./source/driver/gpio.o
 .debug_aranges
                0x000003e0       0x30 ./source/driver/pit.o
 .debug_aranges
                0x00000410       0x30 ./source/driver/port.o
 .debug_aranges
                0x00000440       0x20 ./source/driver/sysclock.o
 .debug_aranges
                0x00000460       0x80 ./source/driver/uart.o
 .debug_aranges
                0x000004e0       0x20 ./source/main.o
 .debug_aranges
                0x00000500       0x20 ./source/semihost_hardfault.o
 .debug_aranges
                0x00000520      0x118 ./drivers/fsl_lpsci.o
 .debug_aranges
                0x00000638      0x130 ./drivers/fsl_uart.o
 .debug_aranges
                0x00000768       0x30 ./CMSIS/system_MKL46Z4.o
 .debug_aranges
                0x00000798       0x20 /usr/local/mcuxpressoide-11.9.1_2170/ide/plugins/com.nxp.mcuxpresso.tools.linux_11.9.1.202402080819/tools/bin/../lib/gcc/arm-none-eabi/12.3.1/../../../../arm-none-eabi/lib/thumb/v6-m/nofp/libcr_nohost_nf.a(_cr__main.o)
 .debug_aranges
                0x000007b8       0x18 /usr/local/mcuxpressoide-11.9.1_2170/ide/plugins/com.nxp.mcuxpresso.tools.linux_11.9.1.202402080819/tools/bin/../lib/gcc/arm-none-eabi/12.3.1/../../../../arm-none-eabi/lib/thumb/v6-m/nofp/libcr_nohost_nf.a(__ciob.o)
 .debug_aranges
                0x000007d0       0x20 /usr/local/mcuxpressoide-11.9.1_2170/ide/plugins/com.nxp.mcuxpresso.tools.linux_11.9.1.202402080819/tools/bin/../lib/gcc/arm-none-eabi/12.3.1/../../../../arm-none-eabi/lib/thumb/v6-m/nofp/libcr_nohost_nf.a(__sys_appexit.o)
 .debug_aranges
                0x000007f0       0x20 /usr/local/mcuxpressoide-11.9.1_2170/ide/plugins/com.nxp.mcuxpresso.tools.linux_11.9.1.202402080819/tools/bin/../lib/gcc/arm-none-eabi/12.3.1/../../../../arm-none-eabi/lib/thumb/v6-m/nofp/libcr_c.a(memcpy.o)
 .debug_aranges
                0x00000810       0x20 /usr/local/mcuxpressoide-11.9.1_2170/ide/plugins/com.nxp.mcuxpresso.tools.linux_11.9.1.202402080819/tools/bin/../lib/gcc/arm-none-eabi/12.3.1/../../../../arm-none-eabi/lib/thumb/v6-m/nofp/libcr_c.a(memset.o)
 .debug_aranges
                0x00000830       0x28 /usr/local/mcuxpressoide-11.9.1_2170/ide/plugins/com.nxp.mcuxpresso.tools.linux_11.9.1.202402080819/tools/bin/../lib/gcc/arm-none-eabi/12.3.1/../../../../arm-none-eabi/lib/thumb/v6-m/nofp/libcr_c.a(_deferredlazyseek.o)
 .debug_aranges
                0x00000858       0x20 /usr/local/mcuxpressoide-11.9.1_2170/ide/plugins/com.nxp.mcuxpresso.tools.linux_11.9.1.202402080819/tools/bin/../lib/gcc/arm-none-eabi/12.3.1/../../../../arm-none-eabi/lib/thumb/v6-m/nofp/libcr_c.a(_fflush.o)
 .debug_aranges
                0x00000878       0x20 /usr/local/mcuxpressoide-11.9.1_2170/ide/plugins/com.nxp.mcuxpresso.tools.linux_11.9.1.202402080819/tools/bin/../lib/gcc/arm-none-eabi/12.3.1/../../../../arm-none-eabi/lib/thumb/v6-m/nofp/libcr_c.a(_writebuf.o)
 .debug_aranges
                0x00000898       0x40 /usr/local/mcuxpressoide-11.9.1_2170/ide/plugins/com.nxp.mcuxpresso.tools.linux_11.9.1.202402080819/tools/bin/../lib/gcc/arm-none-eabi/12.3.1/../../../../arm-none-eabi/lib/thumb/v6-m/nofp/libcr_c.a(alloc.o)
 .debug_aranges
                0x000008d8       0x20 /usr/local/mcuxpressoide-11.9.1_2170/ide/plugins/com.nxp.mcuxpresso.tools.linux_11.9.1.202402080819/tools/bin/../lib/gcc/arm-none-eabi/12.3.1/../../../../arm-none-eabi/lib/thumb/v6-m/nofp/libcr_c.a(fseek.o)
 .debug_aranges
                0x000008f8       0x20 /usr/local/mcuxpressoide-11.9.1_2170/ide/plugins/com.nxp.mcuxpresso.tools.linux_11.9.1.202402080819/tools/bin/../lib/gcc/arm-none-eabi/12.3.1/../../../../arm-none-eabi/lib/thumb/v6-m/nofp/libcr_c.a(ftell.o)
 .debug_aranges
                0x00000918       0x28 /usr/local/mcuxpressoide-11.9.1_2170/ide/plugins/com.nxp.mcuxpresso.tools.linux_11.9.1.202402080819/tools/bin/../lib/gcc/arm-none-eabi/12.3.1/../../../../arm-none-eabi/lib/thumb/v6-m/nofp/libcr_c.a(initio.o)
 .debug_aranges
                0x00000940       0x70 /usr/local/mcuxpressoide-11.9.1_2170/ide/plugins/com.nxp.mcuxpresso.tools.linux_11.9.1.202402080819/tools/bin/../lib/gcc/arm-none-eabi/12.3.1/../../../../arm-none-eabi/lib/thumb/v6-m/nofp/libcr_c.a(printf.o)
 .debug_aranges
                0x000009b0       0x20 /usr/local/mcuxpressoide-11.9.1_2170/ide/plugins/com.nxp.mcuxpresso.tools.linux_11.9.1.202402080819/tools/bin/../lib/gcc/arm-none-eabi/12.3.1/../../../../arm-none-eabi/lib/thumb/v6-m/nofp/libcr_c.a(setvbuf.o)
 .debug_aranges
                0x000009d0       0x20 /usr/local/mcuxpressoide-11.9.1_2170/ide/plugins/com.nxp.mcuxpresso.tools.linux_11.9.1.202402080819/tools/bin/../lib/gcc/arm-none-eabi/12.3.1/../../../../arm-none-eabi/lib/thumb/v6-m/nofp/libcr_c.a(strlen.o)
 .debug_aranges
                0x000009f0       0x20 /usr/local/mcuxpressoide-11.9.1_2170/ide/plugins/com.nxp.mcuxpresso.tools.linux_11.9.1.202402080819/tools/bin/../lib/gcc/arm-none-eabi/12.3.1/../../../../arm-none-eabi/lib/thumb/v6-m/nofp/libcr_c.a(__init_alloc.o)
 .debug_aranges
                0x00000a10       0x20 /usr/local/mcuxpressoide-11.9.1_2170/ide/plugins/com.nxp.mcuxpresso.tools.linux_11.9.1.202402080819/tools/bin/../lib/gcc/arm-none-eabi/12.3.1/../../../../arm-none-eabi/lib/thumb/v6-m/nofp/libcr_c.a(_cr_sbrk.o)
 .debug_aranges
                0x00000a30       0x20 /usr/local/mcuxpressoide-11.9.1_2170/ide/plugins/com.nxp.mcuxpresso.tools.linux_11.9.1.202402080819/tools/bin/../lib/gcc/arm-none-eabi/12.3.1/../../../../arm-none-eabi/lib/thumb/v6-m/nofp/libcr_c.a(_fdopen.o)
 .debug_aranges
                0x00000a50       0x18 /usr/local/mcuxpressoide-11.9.1_2170/ide/plugins/com.nxp.mcuxpresso.tools.linux_11.9.1.202402080819/tools/bin/../lib/gcc/arm-none-eabi/12.3.1/../../../../arm-none-eabi/lib/thumb/v6-m/nofp/libcr_c.a(errno.o)
 .debug_aranges
                0x00000a68       0x20 /usr/local/mcuxpressoide-11.9.1_2170/ide/plugins/com.nxp.mcuxpresso.tools.linux_11.9.1.202402080819/tools/bin/../lib/gcc/arm-none-eabi/12.3.1/../../../../arm-none-eabi/lib/thumb/v6-m/nofp/libcr_c.a(fclose.o)
 .debug_aranges
                0x00000a88       0x20 /usr/local/mcuxpressoide-11.9.1_2170/ide/plugins/com.nxp.mcuxpresso.tools.linux_11.9.1.202402080819/tools/bin/../lib/gcc/arm-none-eabi/12.3.1/../../../../arm-none-eabi/lib/thumb/v6-m/nofp/libcr_c.a(fflush.o)
 .debug_aranges
                0x00000aa8       0x28 /usr/local/mcuxpressoide-11.9.1_2170/ide/plugins/com.nxp.mcuxpresso.tools.linux_11.9.1.202402080819/tools/bin/../lib/gcc/arm-none-eabi/12.3.1/../../../../arm-none-eabi/lib/thumb/v6-m/nofp/libcr_c.a(remove.o)
 .debug_aranges
                0x00000ad0       0x20 /usr/local/mcuxpressoide-11.9.1_2170/ide/plugins/com.nxp.mcuxpresso.tools.linux_11.9.1.202402080819/tools/bin/../lib/gcc/arm-none-eabi/12.3.1/../../../../arm-none-eabi/lib/thumb/v6-m/nofp/libcr_c.a(_cr_check_heap.o)
 .debug_aranges
                0x00000af0       0x20 /usr/local/mcuxpressoide-11.9.1_2170/ide/plugins/com.nxp.mcuxpresso.tools.linux_11.9.1.202402080819/tools/bin/../lib/gcc/arm-none-eabi/12.3.1/../../../../arm-none-eabi/lib/thumb/v6-m/nofp/libcr_c.a(_do_fflush.o)
 .debug_aranges
                0x00000b10       0x20 /usr/local/mcuxpressoide-11.9.1_2170/ide/plugins/com.nxp.mcuxpresso.tools.linux_11.9.1.202402080819/tools/bin/../lib/gcc/arm-none-eabi/12.3.1/../../../../arm-none-eabi/lib/thumb/v6-m/nofp/libcr_nohost_nf.a(__sys_close.o)
 .debug_aranges
                0x00000b30       0x20 /usr/local/mcuxpressoide-11.9.1_2170/ide/plugins/com.nxp.mcuxpresso.tools.linux_11.9.1.202402080819/tools/bin/../lib/gcc/arm-none-eabi/12.3.1/../../../../arm-none-eabi/lib/thumb/v6-m/nofp/libcr_nohost_nf.a(__sys_flen.o)
 .debug_aranges
                0x00000b50       0x20 /usr/local/mcuxpressoide-11.9.1_2170/ide/plugins/com.nxp.mcuxpresso.tools.linux_11.9.1.202402080819/tools/bin/../lib/gcc/arm-none-eabi/12.3.1/../../../../arm-none-eabi/lib/thumb/v6-m/nofp/libcr_nohost_nf.a(__sys_istty.o)
 .debug_aranges
                0x00000b70       0x20 /usr/local/mcuxpressoide-11.9.1_2170/ide/plugins/com.nxp.mcuxpresso.tools.linux_11.9.1.202402080819/tools/bin/../lib/gcc/arm-none-eabi/12.3.1/../../../../arm-none-eabi/lib/thumb/v6-m/nofp/libcr_nohost_nf.a(__sys_remove.o)
 .debug_aranges
                0x00000b90       0x20 /usr/local/mcuxpressoide-11.9.1_2170/ide/plugins/com.nxp.mcuxpresso.tools.linux_11.9.1.202402080819/tools/bin/../lib/gcc/arm-none-eabi/12.3.1/../../../../arm-none-eabi/lib/thumb/v6-m/nofp/libcr_nohost_nf.a(__sys_seek.o)
 .debug_aranges
                0x00000bb0       0x20 /usr/local/mcuxpressoide-11.9.1_2170/ide/plugins/com.nxp.mcuxpresso.tools.linux_11.9.1.202402080819/tools/bin/../lib/gcc/arm-none-eabi/12.3.1/../../../../arm-none-eabi/lib/thumb/v6-m/nofp/libcr_nohost_nf.a(__sys_tmpnam.o)
 .debug_aranges
                0x00000bd0       0x20 /usr/local/mcuxpressoide-11.9.1_2170/ide/plugins/com.nxp.mcuxpresso.tools.linux_11.9.1.202402080819/tools/bin/../lib/gcc/arm-none-eabi/12.3.1/../../../../arm-none-eabi/lib/thumb/v6-m/nofp/libcr_nohost_nf.a(__sys_write.o)

.debug_ranges   0x00000000      0xbc8
 .debug_ranges  0x00000000      0x150 ./startup/startup_mkl46z4.o
 .debug_ranges  0x00000150       0x20 ./source/service/app.o
 .debug_ranges  0x00000170       0x20 ./source/service/img_manager.o
 .debug_ranges  0x00000190       0x68 ./source/service/service.o
 .debug_ranges  0x000001f8       0x48 ./source/service/srec_parsing.o
 .debug_ranges  0x00000240       0x20 ./source/peripheral/button.o
 .debug_ranges  0x00000260       0x18 ./source/peripheral/debug.o
 .debug_ranges  0x00000278       0x30 ./source/peripheral/led.o
 .debug_ranges  0x000002a8       0x38 ./source/driver/adc.o
 .debug_ranges  0x000002e0       0x20 ./source/driver/flash.o
 .debug_ranges  0x00000300       0x30 ./source/driver/gpio.o
 .debug_ranges  0x00000330       0x20 ./source/driver/pit.o
 .debug_ranges  0x00000350       0x20 ./source/driver/port.o
 .debug_ranges  0x00000370       0x10 ./source/driver/sysclock.o
 .debug_ranges  0x00000380       0x70 ./source/driver/uart.o
 .debug_ranges  0x000003f0       0x10 ./source/main.o
 .debug_ranges  0x00000400       0x10 ./source/semihost_hardfault.o
 .debug_ranges  0x00000410      0x108 ./drivers/fsl_lpsci.o
 .debug_ranges  0x00000518      0x120 ./drivers/fsl_uart.o
 .debug_ranges  0x00000638       0x20 ./CMSIS/system_MKL46Z4.o
 .debug_ranges  0x00000658       0x10 /usr/local/mcuxpressoide-11.9.1_2170/ide/plugins/com.nxp.mcuxpresso.tools.linux_11.9.1.202402080819/tools/bin/../lib/gcc/arm-none-eabi/12.3.1/../../../../arm-none-eabi/lib/thumb/v6-m/nofp/libcr_nohost_nf.a(_cr__main.o)
 .debug_ranges  0x00000668       0x10 /usr/local/mcuxpressoide-11.9.1_2170/ide/plugins/com.nxp.mcuxpresso.tools.linux_11.9.1.202402080819/tools/bin/../lib/gcc/arm-none-eabi/12.3.1/../../../../arm-none-eabi/lib/thumb/v6-m/nofp/libcr_nohost_nf.a(__sys_appexit.o)
 .debug_ranges  0x00000678       0x10 /usr/local/mcuxpressoide-11.9.1_2170/ide/plugins/com.nxp.mcuxpresso.tools.linux_11.9.1.202402080819/tools/bin/../lib/gcc/arm-none-eabi/12.3.1/../../../../arm-none-eabi/lib/thumb/v6-m/nofp/libcr_c.a(memcpy.o)
 .debug_ranges  0x00000688       0x10 /usr/local/mcuxpressoide-11.9.1_2170/ide/plugins/com.nxp.mcuxpresso.tools.linux_11.9.1.202402080819/tools/bin/../lib/gcc/arm-none-eabi/12.3.1/../../../../arm-none-eabi/lib/thumb/v6-m/nofp/libcr_c.a(memset.o)
 .debug_ranges  0x00000698       0x50 /usr/local/mcuxpressoide-11.9.1_2170/ide/plugins/com.nxp.mcuxpresso.tools.linux_11.9.1.202402080819/tools/bin/../lib/gcc/arm-none-eabi/12.3.1/../../../../arm-none-eabi/lib/thumb/v6-m/nofp/libcr_c.a(_deferredlazyseek.o)
 .debug_ranges  0x000006e8       0x10 /usr/local/mcuxpressoide-11.9.1_2170/ide/plugins/com.nxp.mcuxpresso.tools.linux_11.9.1.202402080819/tools/bin/../lib/gcc/arm-none-eabi/12.3.1/../../../../arm-none-eabi/lib/thumb/v6-m/nofp/libcr_c.a(_fflush.o)
 .debug_ranges  0x000006f8       0x10 /usr/local/mcuxpressoide-11.9.1_2170/ide/plugins/com.nxp.mcuxpresso.tools.linux_11.9.1.202402080819/tools/bin/../lib/gcc/arm-none-eabi/12.3.1/../../../../arm-none-eabi/lib/thumb/v6-m/nofp/libcr_c.a(_writebuf.o)
 .debug_ranges  0x00000708       0x50 /usr/local/mcuxpressoide-11.9.1_2170/ide/plugins/com.nxp.mcuxpresso.tools.linux_11.9.1.202402080819/tools/bin/../lib/gcc/arm-none-eabi/12.3.1/../../../../arm-none-eabi/lib/thumb/v6-m/nofp/libcr_c.a(alloc.o)
 .debug_ranges  0x00000758       0x10 /usr/local/mcuxpressoide-11.9.1_2170/ide/plugins/com.nxp.mcuxpresso.tools.linux_11.9.1.202402080819/tools/bin/../lib/gcc/arm-none-eabi/12.3.1/../../../../arm-none-eabi/lib/thumb/v6-m/nofp/libcr_c.a(fseek.o)
 .debug_ranges  0x00000768       0x10 /usr/local/mcuxpressoide-11.9.1_2170/ide/plugins/com.nxp.mcuxpresso.tools.linux_11.9.1.202402080819/tools/bin/../lib/gcc/arm-none-eabi/12.3.1/../../../../arm-none-eabi/lib/thumb/v6-m/nofp/libcr_c.a(ftell.o)
 .debug_ranges  0x00000778       0x38 /usr/local/mcuxpressoide-11.9.1_2170/ide/plugins/com.nxp.mcuxpresso.tools.linux_11.9.1.202402080819/tools/bin/../lib/gcc/arm-none-eabi/12.3.1/../../../../arm-none-eabi/lib/thumb/v6-m/nofp/libcr_c.a(initio.o)
 .debug_ranges  0x000007b0      0x2b8 /usr/local/mcuxpressoide-11.9.1_2170/ide/plugins/com.nxp.mcuxpresso.tools.linux_11.9.1.202402080819/tools/bin/../lib/gcc/arm-none-eabi/12.3.1/../../../../arm-none-eabi/lib/thumb/v6-m/nofp/libcr_c.a(printf.o)
 .debug_ranges  0x00000a68       0x10 /usr/local/mcuxpressoide-11.9.1_2170/ide/plugins/com.nxp.mcuxpresso.tools.linux_11.9.1.202402080819/tools/bin/../lib/gcc/arm-none-eabi/12.3.1/../../../../arm-none-eabi/lib/thumb/v6-m/nofp/libcr_c.a(setvbuf.o)
 .debug_ranges  0x00000a78       0x28 /usr/local/mcuxpressoide-11.9.1_2170/ide/plugins/com.nxp.mcuxpresso.tools.linux_11.9.1.202402080819/tools/bin/../lib/gcc/arm-none-eabi/12.3.1/../../../../arm-none-eabi/lib/thumb/v6-m/nofp/libcr_c.a(strlen.o)
 .debug_ranges  0x00000aa0       0x10 /usr/local/mcuxpressoide-11.9.1_2170/ide/plugins/com.nxp.mcuxpresso.tools.linux_11.9.1.202402080819/tools/bin/../lib/gcc/arm-none-eabi/12.3.1/../../../../arm-none-eabi/lib/thumb/v6-m/nofp/libcr_c.a(__init_alloc.o)
 .debug_ranges  0x00000ab0       0x10 /usr/local/mcuxpressoide-11.9.1_2170/ide/plugins/com.nxp.mcuxpresso.tools.linux_11.9.1.202402080819/tools/bin/../lib/gcc/arm-none-eabi/12.3.1/../../../../arm-none-eabi/lib/thumb/v6-m/nofp/libcr_c.a(_cr_sbrk.o)
 .debug_ranges  0x00000ac0       0x10 /usr/local/mcuxpressoide-11.9.1_2170/ide/plugins/com.nxp.mcuxpresso.tools.linux_11.9.1.202402080819/tools/bin/../lib/gcc/arm-none-eabi/12.3.1/../../../../arm-none-eabi/lib/thumb/v6-m/nofp/libcr_c.a(_fdopen.o)
 .debug_ranges  0x00000ad0       0x10 /usr/local/mcuxpressoide-11.9.1_2170/ide/plugins/com.nxp.mcuxpresso.tools.linux_11.9.1.202402080819/tools/bin/../lib/gcc/arm-none-eabi/12.3.1/../../../../arm-none-eabi/lib/thumb/v6-m/nofp/libcr_c.a(fclose.o)
 .debug_ranges  0x00000ae0       0x28 /usr/local/mcuxpressoide-11.9.1_2170/ide/plugins/com.nxp.mcuxpresso.tools.linux_11.9.1.202402080819/tools/bin/../lib/gcc/arm-none-eabi/12.3.1/../../../../arm-none-eabi/lib/thumb/v6-m/nofp/libcr_c.a(fflush.o)
 .debug_ranges  0x00000b08       0x18 /usr/local/mcuxpressoide-11.9.1_2170/ide/plugins/com.nxp.mcuxpresso.tools.linux_11.9.1.202402080819/tools/bin/../lib/gcc/arm-none-eabi/12.3.1/../../../../arm-none-eabi/lib/thumb/v6-m/nofp/libcr_c.a(remove.o)
 .debug_ranges  0x00000b20       0x10 /usr/local/mcuxpressoide-11.9.1_2170/ide/plugins/com.nxp.mcuxpresso.tools.linux_11.9.1.202402080819/tools/bin/../lib/gcc/arm-none-eabi/12.3.1/../../../../arm-none-eabi/lib/thumb/v6-m/nofp/libcr_c.a(_cr_check_heap.o)
 .debug_ranges  0x00000b30       0x28 /usr/local/mcuxpressoide-11.9.1_2170/ide/plugins/com.nxp.mcuxpresso.tools.linux_11.9.1.202402080819/tools/bin/../lib/gcc/arm-none-eabi/12.3.1/../../../../arm-none-eabi/lib/thumb/v6-m/nofp/libcr_c.a(_do_fflush.o)
 .debug_ranges  0x00000b58       0x10 /usr/local/mcuxpressoide-11.9.1_2170/ide/plugins/com.nxp.mcuxpresso.tools.linux_11.9.1.202402080819/tools/bin/../lib/gcc/arm-none-eabi/12.3.1/../../../../arm-none-eabi/lib/thumb/v6-m/nofp/libcr_nohost_nf.a(__sys_close.o)
 .debug_ranges  0x00000b68       0x10 /usr/local/mcuxpressoide-11.9.1_2170/ide/plugins/com.nxp.mcuxpresso.tools.linux_11.9.1.202402080819/tools/bin/../lib/gcc/arm-none-eabi/12.3.1/../../../../arm-none-eabi/lib/thumb/v6-m/nofp/libcr_nohost_nf.a(__sys_flen.o)
 .debug_ranges  0x00000b78       0x10 /usr/local/mcuxpressoide-11.9.1_2170/ide/plugins/com.nxp.mcuxpresso.tools.linux_11.9.1.202402080819/tools/bin/../lib/gcc/arm-none-eabi/12.3.1/../../../../arm-none-eabi/lib/thumb/v6-m/nofp/libcr_nohost_nf.a(__sys_istty.o)
 .debug_ranges  0x00000b88       0x10 /usr/local/mcuxpressoide-11.9.1_2170/ide/plugins/com.nxp.mcuxpresso.tools.linux_11.9.1.202402080819/tools/bin/../lib/gcc/arm-none-eabi/12.3.1/../../../../arm-none-eabi/lib/thumb/v6-m/nofp/libcr_nohost_nf.a(__sys_remove.o)
 .debug_ranges  0x00000b98       0x10 /usr/local/mcuxpressoide-11.9.1_2170/ide/plugins/com.nxp.mcuxpresso.tools.linux_11.9.1.202402080819/tools/bin/../lib/gcc/arm-none-eabi/12.3.1/../../../../arm-none-eabi/lib/thumb/v6-m/nofp/libcr_nohost_nf.a(__sys_seek.o)
 .debug_ranges  0x00000ba8       0x10 /usr/local/mcuxpressoide-11.9.1_2170/ide/plugins/com.nxp.mcuxpresso.tools.linux_11.9.1.202402080819/tools/bin/../lib/gcc/arm-none-eabi/12.3.1/../../../../arm-none-eabi/lib/thumb/v6-m/nofp/libcr_nohost_nf.a(__sys_tmpnam.o)
 .debug_ranges  0x00000bb8       0x10 /usr/local/mcuxpressoide-11.9.1_2170/ide/plugins/com.nxp.mcuxpresso.tools.linux_11.9.1.202402080819/tools/bin/../lib/gcc/arm-none-eabi/12.3.1/../../../../arm-none-eabi/lib/thumb/v6-m/nofp/libcr_nohost_nf.a(__sys_write.o)

.debug_line     0x00000000     0x714b
 .debug_line    0x00000000      0x310 ./startup/startup_mkl46z4.o
 .debug_line    0x00000310      0x2de ./source/service/app.o
 .debug_line    0x000005ee      0x2a3 ./source/service/img_manager.o
 .debug_line    0x00000891      0x447 ./source/service/service.o
 .debug_line    0x00000cd8      0x4fc ./source/service/srec_parsing.o
 .debug_line    0x000011d4      0x1de ./source/peripheral/button.o
 .debug_line    0x000013b2      0x195 ./source/peripheral/debug.o
 .debug_line    0x00001547      0x206 ./source/peripheral/led.o
 .debug_line    0x0000174d      0x29a ./source/driver/adc.o
 .debug_line    0x000019e7      0x2ec ./source/driver/flash.o
 .debug_line    0x00001cd3      0x1d2 ./source/driver/gpio.o
 .debug_line    0x00001ea5      0x1b7 ./source/driver/pit.o
 .debug_line    0x0000205c      0x185 ./source/driver/port.o
 .debug_line    0x000021e1      0x1f7 ./source/driver/sysclock.o
 .debug_line    0x000023d8      0x387 ./source/driver/uart.o
 .debug_line    0x0000275f      0x11a ./source/main.o
 .debug_line    0x00002879       0x59 ./source/semihost_hardfault.o
 .debug_line    0x000028d2      0xd15 ./drivers/fsl_lpsci.o
 .debug_line    0x000035e7      0xd0a ./drivers/fsl_uart.o
 .debug_line    0x000042f1      0x22c ./CMSIS/system_MKL46Z4.o
 .debug_line    0x0000451d       0xcd /usr/local/mcuxpressoide-11.9.1_2170/ide/plugins/com.nxp.mcuxpresso.tools.linux_11.9.1.202402080819/tools/bin/../lib/gcc/arm-none-eabi/12.3.1/../../../../arm-none-eabi/lib/thumb/v6-m/nofp/libcr_nohost_nf.a(_cr__main.o)
 .debug_line    0x000045ea       0xf2 /usr/local/mcuxpressoide-11.9.1_2170/ide/plugins/com.nxp.mcuxpresso.tools.linux_11.9.1.202402080819/tools/bin/../lib/gcc/arm-none-eabi/12.3.1/../../../../arm-none-eabi/lib/thumb/v6-m/nofp/libcr_nohost_nf.a(__ciob.o)
 .debug_line    0x000046dc       0x56 /usr/local/mcuxpressoide-11.9.1_2170/ide/plugins/com.nxp.mcuxpresso.tools.linux_11.9.1.202402080819/tools/bin/../lib/gcc/arm-none-eabi/12.3.1/../../../../arm-none-eabi/lib/thumb/v6-m/nofp/libcr_nohost_nf.a(__sys_appexit.o)
 .debug_line    0x00004732       0xa2 /usr/local/mcuxpressoide-11.9.1_2170/ide/plugins/com.nxp.mcuxpresso.tools.linux_11.9.1.202402080819/tools/bin/../lib/gcc/arm-none-eabi/12.3.1/../../../../arm-none-eabi/lib/thumb/v6-m/nofp/libcr_c.a(memcpy.o)
 .debug_line    0x000047d4       0x82 /usr/local/mcuxpressoide-11.9.1_2170/ide/plugins/com.nxp.mcuxpresso.tools.linux_11.9.1.202402080819/tools/bin/../lib/gcc/arm-none-eabi/12.3.1/../../../../arm-none-eabi/lib/thumb/v6-m/nofp/libcr_c.a(memset.o)
 .debug_line    0x00004856      0x305 /usr/local/mcuxpressoide-11.9.1_2170/ide/plugins/com.nxp.mcuxpresso.tools.linux_11.9.1.202402080819/tools/bin/../lib/gcc/arm-none-eabi/12.3.1/../../../../arm-none-eabi/lib/thumb/v6-m/nofp/libcr_c.a(_deferredlazyseek.o)
 .debug_line    0x00004b5b      0x11f /usr/local/mcuxpressoide-11.9.1_2170/ide/plugins/com.nxp.mcuxpresso.tools.linux_11.9.1.202402080819/tools/bin/../lib/gcc/arm-none-eabi/12.3.1/../../../../arm-none-eabi/lib/thumb/v6-m/nofp/libcr_c.a(_fflush.o)
 .debug_line    0x00004c7a      0x139 /usr/local/mcuxpressoide-11.9.1_2170/ide/plugins/com.nxp.mcuxpresso.tools.linux_11.9.1.202402080819/tools/bin/../lib/gcc/arm-none-eabi/12.3.1/../../../../arm-none-eabi/lib/thumb/v6-m/nofp/libcr_c.a(_writebuf.o)
 .debug_line    0x00004db3      0x3db /usr/local/mcuxpressoide-11.9.1_2170/ide/plugins/com.nxp.mcuxpresso.tools.linux_11.9.1.202402080819/tools/bin/../lib/gcc/arm-none-eabi/12.3.1/../../../../arm-none-eabi/lib/thumb/v6-m/nofp/libcr_c.a(alloc.o)
 .debug_line    0x0000518e      0x242 /usr/local/mcuxpressoide-11.9.1_2170/ide/plugins/com.nxp.mcuxpresso.tools.linux_11.9.1.202402080819/tools/bin/../lib/gcc/arm-none-eabi/12.3.1/../../../../arm-none-eabi/lib/thumb/v6-m/nofp/libcr_c.a(fseek.o)
 .debug_line    0x000053d0      0x10c /usr/local/mcuxpressoide-11.9.1_2170/ide/plugins/com.nxp.mcuxpresso.tools.linux_11.9.1.202402080819/tools/bin/../lib/gcc/arm-none-eabi/12.3.1/../../../../arm-none-eabi/lib/thumb/v6-m/nofp/libcr_c.a(ftell.o)
 .debug_line    0x000054dc      0x126 /usr/local/mcuxpressoide-11.9.1_2170/ide/plugins/com.nxp.mcuxpresso.tools.linux_11.9.1.202402080819/tools/bin/../lib/gcc/arm-none-eabi/12.3.1/../../../../arm-none-eabi/lib/thumb/v6-m/nofp/libcr_c.a(initio.o)
 .debug_line    0x00005602      0xfc4 /usr/local/mcuxpressoide-11.9.1_2170/ide/plugins/com.nxp.mcuxpresso.tools.linux_11.9.1.202402080819/tools/bin/../lib/gcc/arm-none-eabi/12.3.1/../../../../arm-none-eabi/lib/thumb/v6-m/nofp/libcr_c.a(printf.o)
 .debug_line    0x000065c6       0xf7 /usr/local/mcuxpressoide-11.9.1_2170/ide/plugins/com.nxp.mcuxpresso.tools.linux_11.9.1.202402080819/tools/bin/../lib/gcc/arm-none-eabi/12.3.1/../../../../arm-none-eabi/lib/thumb/v6-m/nofp/libcr_c.a(setvbuf.o)
 .debug_line    0x000066bd      0x11b /usr/local/mcuxpressoide-11.9.1_2170/ide/plugins/com.nxp.mcuxpresso.tools.linux_11.9.1.202402080819/tools/bin/../lib/gcc/arm-none-eabi/12.3.1/../../../../arm-none-eabi/lib/thumb/v6-m/nofp/libcr_c.a(strlen.o)
 .debug_line    0x000067d8       0x5f /usr/local/mcuxpressoide-11.9.1_2170/ide/plugins/com.nxp.mcuxpresso.tools.linux_11.9.1.202402080819/tools/bin/../lib/gcc/arm-none-eabi/12.3.1/../../../../arm-none-eabi/lib/thumb/v6-m/nofp/libcr_c.a(__init_alloc.o)
 .debug_line    0x00006837      0x108 /usr/local/mcuxpressoide-11.9.1_2170/ide/plugins/com.nxp.mcuxpresso.tools.linux_11.9.1.202402080819/tools/bin/../lib/gcc/arm-none-eabi/12.3.1/../../../../arm-none-eabi/lib/thumb/v6-m/nofp/libcr_c.a(_cr_sbrk.o)
 .debug_line    0x0000693f      0x15f /usr/local/mcuxpressoide-11.9.1_2170/ide/plugins/com.nxp.mcuxpresso.tools.linux_11.9.1.202402080819/tools/bin/../lib/gcc/arm-none-eabi/12.3.1/../../../../arm-none-eabi/lib/thumb/v6-m/nofp/libcr_c.a(_fdopen.o)
 .debug_line    0x00006a9e       0x4e /usr/local/mcuxpressoide-11.9.1_2170/ide/plugins/com.nxp.mcuxpresso.tools.linux_11.9.1.202402080819/tools/bin/../lib/gcc/arm-none-eabi/12.3.1/../../../../arm-none-eabi/lib/thumb/v6-m/nofp/libcr_c.a(errno.o)
 .debug_line    0x00006aec      0x107 /usr/local/mcuxpressoide-11.9.1_2170/ide/plugins/com.nxp.mcuxpresso.tools.linux_11.9.1.202402080819/tools/bin/../lib/gcc/arm-none-eabi/12.3.1/../../../../arm-none-eabi/lib/thumb/v6-m/nofp/libcr_c.a(fclose.o)
 .debug_line    0x00006bf3       0xcf /usr/local/mcuxpressoide-11.9.1_2170/ide/plugins/com.nxp.mcuxpresso.tools.linux_11.9.1.202402080819/tools/bin/../lib/gcc/arm-none-eabi/12.3.1/../../../../arm-none-eabi/lib/thumb/v6-m/nofp/libcr_c.a(fflush.o)
 .debug_line    0x00006cc2       0xe2 /usr/local/mcuxpressoide-11.9.1_2170/ide/plugins/com.nxp.mcuxpresso.tools.linux_11.9.1.202402080819/tools/bin/../lib/gcc/arm-none-eabi/12.3.1/../../../../arm-none-eabi/lib/thumb/v6-m/nofp/libcr_c.a(remove.o)
 .debug_line    0x00006da4       0x61 /usr/local/mcuxpressoide-11.9.1_2170/ide/plugins/com.nxp.mcuxpresso.tools.linux_11.9.1.202402080819/tools/bin/../lib/gcc/arm-none-eabi/12.3.1/../../../../arm-none-eabi/lib/thumb/v6-m/nofp/libcr_c.a(_cr_check_heap.o)
 .debug_line    0x00006e05      0x118 /usr/local/mcuxpressoide-11.9.1_2170/ide/plugins/com.nxp.mcuxpresso.tools.linux_11.9.1.202402080819/tools/bin/../lib/gcc/arm-none-eabi/12.3.1/../../../../arm-none-eabi/lib/thumb/v6-m/nofp/libcr_c.a(_do_fflush.o)
 .debug_line    0x00006f1d       0x50 /usr/local/mcuxpressoide-11.9.1_2170/ide/plugins/com.nxp.mcuxpresso.tools.linux_11.9.1.202402080819/tools/bin/../lib/gcc/arm-none-eabi/12.3.1/../../../../arm-none-eabi/lib/thumb/v6-m/nofp/libcr_nohost_nf.a(__sys_close.o)
 .debug_line    0x00006f6d       0x4f /usr/local/mcuxpressoide-11.9.1_2170/ide/plugins/com.nxp.mcuxpresso.tools.linux_11.9.1.202402080819/tools/bin/../lib/gcc/arm-none-eabi/12.3.1/../../../../arm-none-eabi/lib/thumb/v6-m/nofp/libcr_nohost_nf.a(__sys_flen.o)
 .debug_line    0x00006fbc       0x50 /usr/local/mcuxpressoide-11.9.1_2170/ide/plugins/com.nxp.mcuxpresso.tools.linux_11.9.1.202402080819/tools/bin/../lib/gcc/arm-none-eabi/12.3.1/../../../../arm-none-eabi/lib/thumb/v6-m/nofp/libcr_nohost_nf.a(__sys_istty.o)
 .debug_line    0x0000700c       0x51 /usr/local/mcuxpressoide-11.9.1_2170/ide/plugins/com.nxp.mcuxpresso.tools.linux_11.9.1.202402080819/tools/bin/../lib/gcc/arm-none-eabi/12.3.1/../../../../arm-none-eabi/lib/thumb/v6-m/nofp/libcr_nohost_nf.a(__sys_remove.o)
 .debug_line    0x0000705d       0x4f /usr/local/mcuxpressoide-11.9.1_2170/ide/plugins/com.nxp.mcuxpresso.tools.linux_11.9.1.202402080819/tools/bin/../lib/gcc/arm-none-eabi/12.3.1/../../../../arm-none-eabi/lib/thumb/v6-m/nofp/libcr_nohost_nf.a(__sys_seek.o)
 .debug_line    0x000070ac       0x51 /usr/local/mcuxpressoide-11.9.1_2170/ide/plugins/com.nxp.mcuxpresso.tools.linux_11.9.1.202402080819/tools/bin/../lib/gcc/arm-none-eabi/12.3.1/../../../../arm-none-eabi/lib/thumb/v6-m/nofp/libcr_nohost_nf.a(__sys_tmpnam.o)
 .debug_line    0x000070fd       0x4e /usr/local/mcuxpressoide-11.9.1_2170/ide/plugins/com.nxp.mcuxpresso.tools.linux_11.9.1.202402080819/tools/bin/../lib/gcc/arm-none-eabi/12.3.1/../../../../arm-none-eabi/lib/thumb/v6-m/nofp/libcr_nohost_nf.a(__sys_write.o)

.debug_str      0x00000000     0x3656
 .debug_str     0x00000000      0x4c5 ./startup/startup_mkl46z4.o
                                0x4d8 (size before relaxing)
 .debug_str     0x000004c5      0x240 ./source/service/app.o
                                0x3af (size before relaxing)
 .debug_str     0x00000705       0xaf ./source/service/img_manager.o
                                0x2ad (size before relaxing)
 .debug_str     0x000007b4      0x18e ./source/service/service.o
                                0x4a7 (size before relaxing)
 .debug_str     0x00000942       0xf1 ./source/service/srec_parsing.o
                                0x34d (size before relaxing)
 .debug_str     0x00000a33       0xce ./source/peripheral/button.o
                                0x2bd (size before relaxing)
 .debug_str     0x00000b01       0x6c ./source/peripheral/debug.o
                                0x260 (size before relaxing)
 .debug_str     0x00000b6d       0x68 ./source/peripheral/led.o
                                0x2b8 (size before relaxing)
 .debug_str     0x00000bd5      0x38c ./source/driver/adc.o
                                0x5cc (size before relaxing)
 .debug_str     0x00000f61       0xa9 ./source/driver/flash.o
                                0x2a7 (size before relaxing)
 .debug_str     0x0000100a       0x27 ./source/driver/gpio.o
                                0x32b (size before relaxing)