Archive member included to satisfy reference by file (symbol)

/usr/local/mcuxpressoide-11.9.1_2170/ide/plugins/com.nxp.mcuxpresso.tools.linux_11.9.1.202402080819/tools/bin/../lib/gcc/arm-none-eabi/12.3.1/../../../../arm-none-eabi/lib/thumb/v6-m/nofp/libcr_nohost_nf.a(_cr__main.o)
                              ./startup/startup_mkl46z4.o (__main)
/usr/local/mcuxpressoide-11.9.1_2170/ide/plugins/com.nxp.mcuxpresso.tools.linux_11.9.1.202402080819/tools/bin/../lib/gcc/arm-none-eabi/12.3.1/../../../../arm-none-eabi/lib/thumb/v6-m/nofp/libcr_nohost_nf.a(_cr_assert.o)
                              ./utilities/fsl_debug_console.o (__assertion_failed)
/usr/local/mcuxpressoide-11.9.1_2170/ide/plugins/com.nxp.mcuxpresso.tools.linux_11.9.1.202402080819/tools/bin/../lib/gcc/arm-none-eabi/12.3.1/../../../../arm-none-eabi/lib/thumb/v6-m/nofp/libcr_nohost_nf.a(__ciob.o)
                              /usr/local/mcuxpressoide-11.9.1_2170/ide/plugins/com.nxp.mcuxpresso.tools.linux_11.9.1.202402080819/tools/bin/../lib/gcc/arm-none-eabi/12.3.1/../../../../arm-none-eabi/lib/thumb/v6-m/nofp/libcr_nohost_nf.a(_cr_assert.o) (__Ciob)
/usr/local/mcuxpressoide-11.9.1_2170/ide/plugins/com.nxp.mcuxpresso.tools.linux_11.9.1.202402080819/tools/bin/../lib/gcc/arm-none-eabi/12.3.1/../../../../arm-none-eabi/lib/thumb/v6-m/nofp/libcr_nohost_nf.a(__sys_appexit.o)
                              /usr/local/mcuxpressoide-11.9.1_2170/ide/plugins/com.nxp.mcuxpresso.tools.linux_11.9.1.202402080819/tools/bin/../lib/gcc/arm-none-eabi/12.3.1/../../../../arm-none-eabi/lib/thumb/v6-m/nofp/libcr_nohost_nf.a(_cr_assert.o) (__sys_appexit)
/usr/local/mcuxpressoide-11.9.1_2170/ide/plugins/com.nxp.mcuxpresso.tools.linux_11.9.1.202402080819/tools/bin/../lib/gcc/arm-none-eabi/12.3.1/../../../../arm-none-eabi/lib/thumb/v6-m/nofp/libcr_c.a(memcpy.o)
                              ./drivers/fsl_ftfx_cache.o (memcpy)
/usr/local/mcuxpressoide-11.9.1_2170/ide/plugins/com.nxp.mcuxpresso.tools.linux_11.9.1.202402080819/tools/bin/../lib/gcc/arm-none-eabi/12.3.1/../../../../arm-none-eabi/lib/thumb/v6-m/nofp/libcr_c.a(memset.o)
                              ./utilities/fsl_debug_console.o (memset)
/usr/local/mcuxpressoide-11.9.1_2170/ide/plugins/com.nxp.mcuxpresso.tools.linux_11.9.1.202402080819/tools/bin/../lib/gcc/arm-none-eabi/12.3.1/../../../../arm-none-eabi/lib/thumb/v6-m/nofp/libcr_c.a(_deferredlazyseek.o)
                              /usr/local/mcuxpressoide-11.9.1_2170/ide/plugins/com.nxp.mcuxpresso.tools.linux_11.9.1.202402080819/tools/bin/../lib/gcc/arm-none-eabi/12.3.1/../../../../arm-none-eabi/lib/thumb/v6-m/nofp/libcr_nohost_nf.a(_cr_assert.o) (__flsbuf)
/usr/local/mcuxpressoide-11.9.1_2170/ide/plugins/com.nxp.mcuxpresso.tools.linux_11.9.1.202402080819/tools/bin/../lib/gcc/arm-none-eabi/12.3.1/../../../../arm-none-eabi/lib/thumb/v6-m/nofp/libcr_c.a(_fflush.o)
                              /usr/local/mcuxpressoide-11.9.1_2170/ide/plugins/com.nxp.mcuxpresso.tools.linux_11.9.1.202402080819/tools/bin/../lib/gcc/arm-none-eabi/12.3.1/../../../../arm-none-eabi/lib/thumb/v6-m/nofp/libcr_c.a(_deferredlazyseek.o) (_fflush)
/usr/local/mcuxpressoide-11.9.1_2170/ide/plugins/com.nxp.mcuxpresso.tools.linux_11.9.1.202402080819/tools/bin/../lib/gcc/arm-none-eabi/12.3.1/../../../../arm-none-eabi/lib/thumb/v6-m/nofp/libcr_c.a(_writebuf.o)
                              /usr/local/mcuxpressoide-11.9.1_2170/ide/plugins/com.nxp.mcuxpresso.tools.linux_11.9.1.202402080819/tools/bin/../lib/gcc/arm-none-eabi/12.3.1/../../../../arm-none-eabi/lib/thumb/v6-m/nofp/libcr_c.a(_deferredlazyseek.o) (_Cwritebuf)
/usr/local/mcuxpressoide-11.9.1_2170/ide/plugins/com.nxp.mcuxpresso.tools.linux_11.9.1.202402080819/tools/bin/../lib/gcc/arm-none-eabi/12.3.1/../../../../arm-none-eabi/lib/thumb/v6-m/nofp/libcr_c.a(alloc.o)
                              ./drivers/fsl_common.o (malloc)
/usr/local/mcuxpressoide-11.9.1_2170/ide/plugins/com.nxp.mcuxpresso.tools.linux_11.9.1.202402080819/tools/bin/../lib/gcc/arm-none-eabi/12.3.1/../../../../arm-none-eabi/lib/thumb/v6-m/nofp/libcr_c.a(fputs.o)
                              /usr/local/mcuxpressoide-11.9.1_2170/ide/plugins/com.nxp.mcuxpresso.tools.linux_11.9.1.202402080819/tools/bin/../lib/gcc/arm-none-eabi/12.3.1/../../../../arm-none-eabi/lib/thumb/v6-m/nofp/libcr_nohost_nf.a(_cr_assert.o) (fputs)
/usr/local/mcuxpressoide-11.9.1_2170/ide/plugins/com.nxp.mcuxpresso.tools.linux_11.9.1.202402080819/tools/bin/../lib/gcc/arm-none-eabi/12.3.1/../../../../arm-none-eabi/lib/thumb/v6-m/nofp/libcr_c.a(fseek.o)
                              /usr/local/mcuxpressoide-11.9.1_2170/ide/plugins/com.nxp.mcuxpresso.tools.linux_11.9.1.202402080819/tools/bin/../lib/gcc/arm-none-eabi/12.3.1/../../../../arm-none-eabi/lib/thumb/v6-m/nofp/libcr_c.a(_deferredlazyseek.o) (fseek)
/usr/local/mcuxpressoide-11.9.1_2170/ide/plugins/com.nxp.mcuxpresso.tools.linux_11.9.1.202402080819/tools/bin/../lib/gcc/arm-none-eabi/12.3.1/../../../../arm-none-eabi/lib/thumb/v6-m/nofp/libcr_c.a(ftell.o)
[...]
Memory Configuration

Name             Origin             Length             Attributes
PROGRAM_FLASH    0x00000000         0x00040000         xr
SRAM             0x1fffe000         0x00008000         xrw
*default*        0x00000000         0xffffffff

Linker script and memory map

LOAD ./utilities/fsl_assert.o
LOAD ./utilities/fsl_debug_console.o
LOAD ./utilities/fsl_io.o
LOAD ./utilities/fsl_log.o
LOAD ./utilities/fsl_str.o
LOAD ./startup/startup_mkl46z4.o
LOAD ./source/peripheral/button.o
LOAD ./source/peripheral/led.o
LOAD ./source/driver/gpio.o
LOAD ./source/driver/port.o
LOAD ./source/main.o
LOAD ./source/mtb.o
LOAD ./source/semihost_hardfault.o
LOAD ./drivers/fsl_clock.o
LOAD ./drivers/fsl_common.o
LOAD ./drivers/fsl_ftfx_cache.o
LOAD ./drivers/fsl_ftfx_controller.o
LOAD ./drivers/fsl_ftfx_flash.o
LOAD ./drivers/fsl_ftfx_flexnvm.o
LOAD ./drivers/fsl_gpio.o
LOAD ./drivers/fsl_lpsci.o
LOAD ./drivers/fsl_smc.o
LOAD ./drivers/fsl_uart.o
LOAD ./board/src/board.o
LOAD ./board/src/clock_config.o
LOAD ./board/pin_mux.o
LOAD ./CMSIS/system_MKL46Z4.o
START GROUP
LOAD /usr/local/mcuxpressoide-11.9.1_2170/ide/plugins/com.nxp.mcuxpresso.tools.linux_11.9.1.202402080819/tools/bin/../lib/gcc/arm-none-eabi/12.3.1/../../../../arm-none-eabi/lib/thumb/v6-m/nofp/libcr_nohost_nf.a
LOAD /usr/local/mcuxpressoide-11.9.1_2170/ide/plugins/com.nxp.mcuxpresso.tools.linux_11.9.1.202402080819/tools/bin/../lib/gcc/arm-none-eabi/12.3.1/../../../../arm-none-eabi/lib/thumb/v6-m/nofp/libcr_c.a
LOAD /usr/local/mcuxpressoide-11.9.1_2170/ide/plugins/com.nxp.mcuxpresso.tools.linux_11.9.1.202402080819/tools/bin/../lib/gcc/arm-none-eabi/12.3.1/thumb/v6-m/nofp/libcr_eabihelpers.a
LOAD /usr/local/mcuxpressoide-11.9.1_2170/ide/plugins/com.nxp.mcuxpresso.tools.linux_11.9.1.202402080819/tools/bin/../lib/gcc/arm-none-eabi/12.3.1/thumb/v6-m/nofp/libgcc.a
END GROUP
                0x00000000                        __base_PROGRAM_FLASH = 0x0
                0x00000000                        __base_Flash = 0x0
                0x00040000                        __top_PROGRAM_FLASH = 0x40000
                0x00040000                        __top_Flash = 0x40000
                0x1fffe000                        __base_SRAM = 0x1fffe000
                0x1fffe000                        __base_RAM = 0x1fffe000
                0x20006000                        __top_SRAM = 0x20006000
                0x20006000                        __top_RAM = 0x20006000

.text           0x00000000      0xda0
 FILL mask 0xff
                0x00000000                        __vectors_start__ = ABSOLUTE (.)
 *(SORT_BY_ALIGNMENT(.isr_vector))
 .isr_vector    0x00000000       0xc0 ./startup/startup_mkl46z4.o
                0x00000000                __Vectors
                0x00000000                g_pfnVectors
                0x000000c0                        . = ALIGN (0x4)
                0x000000c0                        __section_table_start = .
                0x000000c0                        __data_section_table = .
                0x000000c0        0x4 LONG 0xda0 LOADADDR (.data)
                0x000000c4        0x4 LONG 0x1fffe080 ADDR (.data)
                0x000000c8        0x4 LONG 0x0 SIZEOF (.data)
                0x000000cc                        __data_section_table_end = .
                0x000000cc                        __bss_section_table = .
                0x000000cc        0x4 LONG 0x1fffe080 ADDR (.bss)
                0x000000d0        0x4 LONG 0xd0 SIZEOF (.bss)
                0x000000d4                        __bss_section_table_end = .
                0x000000d4                        __section_table_end = .
 *(SORT_BY_ALIGNMENT(.after_vectors*))
 .after_vectors.reset
                0x000000d4       0x4c ./startup/startup_mkl46z4.o
                0x000000d4                ResetISR
 .after_vectors.init_data
                0x00000120       0x12 ./startup/startup_mkl46z4.o
                0x00000120                data_init
 .after_vectors.init_bss
                0x00000132       0x10 ./startup/startup_mkl46z4.o
                0x00000132                bss_init
 .after_vectors
                0x00000142      0x10c ./startup/startup_mkl46z4.o
                0x00000142                NMI_Handler
                0x00000146                SVC_Handler
                0x00000148                PendSV_Handler
                0x0000014a                SysTick_Handler
                0x0000014c                PIT_DriverIRQHandler
                0x0000014c                DMA0_DriverIRQHandler
                0x0000014c                SPI1_DriverIRQHandler
                0x0000014c                LPTMR0_DriverIRQHandler
                0x0000014c                PORTC_PORTD_DriverIRQHandler
                0x0000014c                I2S0_DriverIRQHandler
                0x0000014c                TPM2_DriverIRQHandler
                0x0000014c                TSI0_DriverIRQHandler
                0x0000014c                RTC_Seconds_DriverIRQHandler
                0x0000014c                LLWU_DriverIRQHandler
                0x0000014c                MCG_DriverIRQHandler
                0x0000014c                FTFA_DriverIRQHandler
                0x0000014c                IntDefaultHandler
                0x0000014c                USB0_DriverIRQHandler
                0x0000014c                DAC0_DriverIRQHandler
                0x0000014c                LVD_LVW_DriverIRQHandler
                0x0000014c                TPM0_DriverIRQHandler
                0x0000014c                Reserved20_DriverIRQHandler
                0x0000014c                DMA3_DriverIRQHandler
                0x0000014c                PORTA_DriverIRQHandler
                0x0000014c                TPM1_DriverIRQHandler
                0x0000014c                RTC_DriverIRQHandler
                0x0000014c                LCD_DriverIRQHandler
                0x0000014c                DMA1_DriverIRQHandler
                0x0000014c                I2C1_DriverIRQHandler
                0x0000014c                SPI0_DriverIRQHandler
                0x0000014c                ADC0_DriverIRQHandler
                0x0000014c                CMP0_DriverIRQHandler
                0x0000014c                DMA2_DriverIRQHandler
                0x0000014c                I2C0_DriverIRQHandler
                0x0000014e                DMA0_IRQHandler
                0x00000156                DMA1_IRQHandler
                0x0000015e                DMA2_IRQHandler
                0x00000166                DMA3_IRQHandler
                0x0000016e                Reserved20_IRQHandler
                0x00000176                FTFA_IRQHandler
                0x0000017e                LVD_LVW_IRQHandler
                0x00000186                LLWU_IRQHandler
                0x0000018e                I2C0_IRQHandler
                0x00000196                I2C1_IRQHandler
                0x0000019e                SPI0_IRQHandler
                0x000001a6                SPI1_IRQHandler
                0x000001ae                UART0_IRQHandler
                0x000001b6                UART1_IRQHandler
                0x000001be                UART2_IRQHandler
                0x000001c6                ADC0_IRQHandler
                0x000001ce                CMP0_IRQHandler
                0x000001d6                TPM0_IRQHandler
                0x000001de                TPM1_IRQHandler
                0x000001e6                TPM2_IRQHandler
                0x000001ee                RTC_IRQHandler
                0x000001f6                RTC_Seconds_IRQHandler
                0x000001fe                PIT_IRQHandler
                0x00000206                I2S0_IRQHandler
                0x0000020e                USB0_IRQHandler
                0x00000216                DAC0_IRQHandler
                0x0000021e                TSI0_IRQHandler
                0x00000226                MCG_IRQHandler
                0x0000022e                LPTMR0_IRQHandler
                0x00000236                LCD_IRQHandler
                0x0000023e                PORTA_IRQHandler
                0x00000400                        . = 0x400
 *fill*         0x0000024e      0x1b2 ff
                0x00000400                        PROVIDE (__FLASH_CONFIG_START__ = .)
 *(SORT_BY_ALIGNMENT(.FlashConfig))
 .FlashConfig   0x00000400       0x10 ./startup/startup_mkl46z4.o
                0x00000400                Flash_Config
                0x00000410                        PROVIDE (__FLASH_CONFIG_END__ = .)
                0x00000001                        ASSERT (! ((__FLASH_CONFIG_START__ == __FLASH_CONFIG_END__)), Linker Flash Config Support Enabled, but no .FlashConfig section provided within application)
 *(SORT_BY_ALIGNMENT(.text*))
 .text.__NVIC_EnableIRQ
                0x00000410       0x34 ./source/peripheral/button.o
 .text.button_init
                0x00000444       0x84 ./source/peripheral/button.o
                0x00000444                button_init
 .text.led_init
                0x000004c8       0x60 ./source/peripheral/led.o
                0x000004c8                led_init
 .text.led1_set_value
                0x00000528       0x30 ./source/peripheral/led.o
                0x00000528                led1_set_value
 .text.led2_set_value
                0x00000558       0x30 ./source/peripheral/led.o
                0x00000558                led2_set_value
 .text.led1_toggle_value
                0x00000588       0x18 ./source/peripheral/led.o
                0x00000588                led1_toggle_value
 .text.gpio_clock_init
                0x000005a0       0x28 ./source/driver/gpio.o
                0x000005a0                gpio_clock_init
 .text.port_ext_int_config
                0x000005c8       0x40 ./source/driver/port.o
                0x000005c8                port_ext_int_config
 .text.port_mode_config
                0x00000608       0x40 ./source/driver/port.o
                0x00000608                port_mode_config
 .text.HardFault_Handler
                0x00000648       0x38 ./source/semihost_hardfault.o
                0x00000648                HardFault_Handler
 .text.UART0_DriverIRQHandler
                0x00000680       0x24 ./drivers/fsl_lpsci.o
                0x00000680                UART0_DriverIRQHandler
 .text.UART1_DriverIRQHandler
                0x000006a4       0x24 ./drivers/fsl_uart.o
                0x000006a4                UART1_DriverIRQHandler
 .text.UART2_DriverIRQHandler
                0x000006c8       0x24 ./drivers/fsl_uart.o
                0x000006c8                UART2_DriverIRQHandler
 .text.SystemInit
                0x000006ec       0x1c ./CMSIS/system_MKL46Z4.o
                0x000006ec                SystemInit
 .text._deferredlazyseek
                0x00000708       0x40 /usr/local/mcuxpressoide-11.9.1_2170/ide/plugins/com.nxp.mcuxpresso.tools.linux_11.9.1.202402080819/tools/bin/../lib/gcc/arm-none-eabi/12.3.1/../../../../arm-none-eabi/lib/thumb/v6-m/nofp/libcr_c.a(_deferredlazyseek.o)
                0x00000708                _deferredlazyseek
 .text._fflush  0x00000748       0x5c /usr/local/mcuxpressoide-11.9.1_2170/ide/plugins/com.nxp.mcuxpresso.tools.linux_11.9.1.202402080819/tools/bin/../lib/gcc/arm-none-eabi/12.3.1/../../../../arm-none-eabi/lib/thumb/v6-m/nofp/libcr_c.a(_fflush.o)
                0x00000748                _fflush
 .text._Cwritebuf
                0x000007a4       0x68 /usr/local/mcuxpressoide-11.9.1_2170/ide/plugins/com.nxp.mcuxpresso.tools.linux_11.9.1.202402080819/tools/bin/../lib/gcc/arm-none-eabi/12.3.1/../../../../arm-none-eabi/lib/thumb/v6-m/nofp/libcr_c.a(_writebuf.o)
                0x000007a4                _Cwritebuf
 .text.fseek    0x0000080c       0xec /usr/local/mcuxpressoide-11.9.1_2170/ide/plugins/com.nxp.mcuxpresso.tools.linux_11.9.1.202402080819/tools/bin/../lib/gcc/arm-none-eabi/12.3.1/../../../../arm-none-eabi/lib/thumb/v6-m/nofp/libcr_c.a(fseek.o)
                0x0000080c                fseek
 .text.ftell    0x000008f8       0x4c /usr/local/mcuxpressoide-11.9.1_2170/ide/plugins/com.nxp.mcuxpresso.tools.linux_11.9.1.202402080819/tools/bin/../lib/gcc/arm-none-eabi/12.3.1/../../../../arm-none-eabi/lib/thumb/v6-m/nofp/libcr_c.a(ftell.o)
                0x000008f8                ftell
 .text._initio  0x00000944       0x7c /usr/local/mcuxpressoide-11.9.1_2170/ide/plugins/com.nxp.mcuxpresso.tools.linux_11.9.1.202402080819/tools/bin/../lib/gcc/arm-none-eabi/12.3.1/../../../../arm-none-eabi/lib/thumb/v6-m/nofp/libcr_c.a(initio.o)
                0x00000944                _initio
 .text.setvbuf  0x000009c0       0x4c /usr/local/mcuxpressoide-11.9.1_2170/ide/plugins/com.nxp.mcuxpresso.tools.linux_11.9.1.202402080819/tools/bin/../lib/gcc/arm-none-eabi/12.3.1/../../../../arm-none-eabi/lib/thumb/v6-m/nofp/libcr_c.a(setvbuf.o)
                0x000009c0                setvbuf
 .text.strlen   0x00000a0c       0x5c /usr/local/mcuxpressoide-11.9.1_2170/ide/plugins/com.nxp.mcuxpresso.tools.linux_11.9.1.202402080819/tools/bin/../lib/gcc/arm-none-eabi/12.3.1/../../../../arm-none-eabi/lib/thumb/v6-m/nofp/libcr_c.a(strlen.o)
                0x00000a0c                strlen
 .text._fdopen  0x00000a68       0x74 /usr/local/mcuxpressoide-11.9.1_2170/ide/plugins/com.nxp.mcuxpresso.tools.linux_11.9.1.202402080819/tools/bin/../lib/gcc/arm-none-eabi/12.3.1/../../../../arm-none-eabi/lib/thumb/v6-m/nofp/libcr_c.a(_fdopen.o)
                0x00000a68                _fdopen
 .text.fclose   0x00000adc       0x5c /usr/local/mcuxpressoide-11.9.1_2170/ide/plugins/com.nxp.mcuxpresso.tools.linux_11.9.1.202402080819/tools/bin/../lib/gcc/arm-none-eabi/12.3.1/../../../../arm-none-eabi/lib/thumb/v6-m/nofp/libcr_c.a(fclose.o)
                0x00000adc                fclose
 .text.fflush   0x00000b38       0x40 /usr/local/mcuxpressoide-11.9.1_2170/ide/plugins/com.nxp.mcuxpresso.tools.linux_11.9.1.202402080819/tools/bin/../lib/gcc/arm-none-eabi/12.3.1/../../../../arm-none-eabi/lib/thumb/v6-m/nofp/libcr_c.a(fflush.o)
                0x00000b38                fflush
 .text._do_fflush
                0x00000b78       0x48 /usr/local/mcuxpressoide-11.9.1_2170/ide/plugins/com.nxp.mcuxpresso.tools.linux_11.9.1.202402080819/tools/bin/../lib/gcc/arm-none-eabi/12.3.1/../../../../arm-none-eabi/lib/thumb/v6-m/nofp/libcr_c.a(_do_fflush.o)
                0x00000b78                _do_fflush
 .text.gpio_set_dir
                0x00000bc0       0x54 ./source/driver/gpio.o
                0x00000bc0                gpio_set_dir
 .text.gpio_set_pin
                0x00000c14       0x54 ./source/driver/gpio.o
                0x00000c14                gpio_set_pin
 .text.gpio_toggle_pin
                0x00000c68       0x2a ./source/driver/gpio.o
                0x00000c68                gpio_toggle_pin
 .text.port_res_pull_config
                0x00000c92       0x38 ./source/driver/port.o
                0x00000c92                port_res_pull_config
 .text.PORTC_PORTD_IRQHandler
                0x00000cca        0xe ./source/main.o
                0x00000cca                PORTC_PORTD_IRQHandler
 .text.main     0x00000cd8       0x10 ./source/main.o
                0x00000cd8                main
 .text.SystemInitHook
                0x00000ce8        0xa ./CMSIS/system_MKL46Z4.o
                0x00000ce8                SystemInitHook
 .text.__main   0x00000cf2        0xc /usr/local/mcuxpressoide-11.9.1_2170/ide/plugins/com.nxp.mcuxpresso.tools.linux_11.9.1.202402080819/tools/bin/../lib/gcc/arm-none-eabi/12.3.1/../../../../arm-none-eabi/lib/thumb/v6-m/nofp/libcr_nohost_nf.a(_cr__main.o)
                0x00000cf2                __main
 .text.memset   0x00000cfe        0x8 /usr/local/mcuxpressoide-11.9.1_2170/ide/plugins/com.nxp.mcuxpresso.tools.linux_11.9.1.202402080819/tools/bin/../lib/gcc/arm-none-eabi/12.3.1/../../../../arm-none-eabi/lib/thumb/v6-m/nofp/libcr_c.a(memset.o)
                0x00000cfe                memset
 .text.free     0x00000d06       0x2c /usr/local/mcuxpressoide-11.9.1_2170/ide/plugins/com.nxp.mcuxpresso.tools.linux_11.9.1.202402080819/tools/bin/../lib/gcc/arm-none-eabi/12.3.1/../../../../arm-none-eabi/lib/thumb/v6-m/nofp/libcr_c.a(alloc.o)
                0x00000d06                free
 .text.remove   0x00000d32       0x12 /usr/local/mcuxpressoide-11.9.1_2170/ide/plugins/com.nxp.mcuxpresso.tools.linux_11.9.1.202402080819/tools/bin/../lib/gcc/arm-none-eabi/12.3.1/../../../../arm-none-eabi/lib/thumb/v6-m/nofp/libcr_c.a(remove.o)
                0x00000d32                remove
 .text.__aeabi_memset_lowlevel
                0x00000d44       0x2a /usr/local/mcuxpressoide-11.9.1_2170/ide/plugins/com.nxp.mcuxpresso.tools.linux_11.9.1.202402080819/tools/bin/../lib/gcc/arm-none-eabi/12.3.1/thumb/v6-m/nofp/libcr_eabihelpers.a(memcpy.o)
                0x00000d44                __aeabi_lowlevel_memset
 .text.__sys_close
                0x00000d6e        0x6 /usr/local/mcuxpressoide-11.9.1_2170/ide/plugins/com.nxp.mcuxpresso.tools.linux_11.9.1.202402080819/tools/bin/../lib/gcc/arm-none-eabi/12.3.1/../../../../arm-none-eabi/lib/thumb/v6-m/nofp/libcr_nohost_nf.a(__sys_close.o)
                0x00000d6e                __sys_close
 .text.__sys_flen
                0x00000d74        0x6 /usr/local/mcuxpressoide-11.9.1_2170/ide/plugins/com.nxp.mcuxpresso.tools.linux_11.9.1.202402080819/tools/bin/../lib/gcc/arm-none-eabi/12.3.1/../../../../arm-none-eabi/lib/thumb/v6-m/nofp/libcr_nohost_nf.a(__sys_flen.o)
                0x00000d74                __sys_flen
 .text.__sys_istty
                0x00000d7a        0x6 /usr/local/mcuxpressoide-11.9.1_2170/ide/plugins/com.nxp.mcuxpresso.tools.linux_11.9.1.202402080819/tools/bin/../lib/gcc/arm-none-eabi/12.3.1/../../../../arm-none-eabi/lib/thumb/v6-m/nofp/libcr_nohost_nf.a(__sys_istty.o)
                0x00000d7a                __sys_istty
 .text.__sys_remove
                0x00000d80        0x6 /usr/local/mcuxpressoide-11.9.1_2170/ide/plugins/com.nxp.mcuxpresso.tools.linux_11.9.1.202402080819/tools/bin/../lib/gcc/arm-none-eabi/12.3.1/../../../../arm-none-eabi/lib/thumb/v6-m/nofp/libcr_nohost_nf.a(__sys_remove.o)
                0x00000d80                __sys_remove
 .text.__sys_seek
                0x00000d86        0x6 /usr/local/mcuxpressoide-11.9.1_2170/ide/plugins/com.nxp.mcuxpresso.tools.linux_11.9.1.202402080819/tools/bin/../lib/gcc/arm-none-eabi/12.3.1/../../../../arm-none-eabi/lib/thumb/v6-m/nofp/libcr_nohost_nf.a(__sys_seek.o)
                0x00000d86                __sys_seek
 .text.__sys_tmpnam
                0x00000d8c        0x6 /usr/local/mcuxpressoide-11.9.1_2170/ide/plugins/com.nxp.mcuxpresso.tools.linux_11.9.1.202402080819/tools/bin/../lib/gcc/arm-none-eabi/12.3.1/../../../../arm-none-eabi/lib/thumb/v6-m/nofp/libcr_nohost_nf.a(__sys_tmpnam.o)
                0x00000d8c                __sys_tmpnam
 .text.__sys_write
                0x00000d92        0x4 /usr/local/mcuxpressoide-11.9.1_2170/ide/plugins/com.nxp.mcuxpresso.tools.linux_11.9.1.202402080819/tools/bin/../lib/gcc/arm-none-eabi/12.3.1/../../../../arm-none-eabi/lib/thumb/v6-m/nofp/libcr_nohost_nf.a(__sys_write.o)
                0x00000d92                __sys_write
 *(SORT_BY_ALIGNMENT(.rodata) SORT_BY_ALIGNMENT(.rodata.*) SORT_BY_ALIGNMENT(.constdata) SORT_BY_ALIGNMENT(.constdata.*))
 *fill*         0x00000d96        0x2 ff
 .rodata.__num_Ciob_streams
                0x00000d98        0x4 /usr/local/mcuxpressoide-11.9.1_2170/ide/plugins/com.nxp.mcuxpresso.tools.linux_11.9.1.202402080819/tools/bin/../lib/gcc/arm-none-eabi/12.3.1/../../../../arm-none-eabi/lib/thumb/v6-m/nofp/libcr_nohost_nf.a(__ciob.o)
                0x00000d98                __num_Ciob_streams
 .rodata._initio.str1.1
                0x00000d9c        0x4 /usr/local/mcuxpressoide-11.9.1_2170/ide/plugins/com.nxp.mcuxpresso.tools.linux_11.9.1.202402080819/tools/bin/../lib/gcc/arm-none-eabi/12.3.1/../../../../arm-none-eabi/lib/thumb/v6-m/nofp/libcr_c.a(initio.o)
                0x00000da0                        . = ALIGN (0x4)

.glue_7         0x00000da0        0x0
 .glue_7        0x00000da0        0x0 linker stubs

.glue_7t        0x00000da0        0x0
 .glue_7t       0x00000da0        0x0 linker stubs

.vfp11_veneer   0x00000da0        0x0
 .vfp11_veneer  0x00000da0        0x0 linker stubs

.v4_bx          0x00000da0        0x0
 .v4_bx         0x00000da0        0x0 linker stubs

.iplt           0x00000da0        0x0
 .iplt          0x00000da0        0x0 ./startup/startup_mkl46z4.o

.rel.dyn        0x00000da0        0x0
 .rel.iplt      0x00000da0        0x0 ./startup/startup_mkl46z4.o

.ARM.extab
 *(SORT_BY_ALIGNMENT(.ARM.extab*) SORT_BY_ALIGNMENT(.gnu.linkonce.armextab.*))

.ARM.exidx      0x00000da0        0x0
                0x00000da0                        __exidx_start = .
 *(SORT_BY_ALIGNMENT(.ARM.exidx*) SORT_BY_ALIGNMENT(.gnu.linkonce.armexidx.*))
                0x00000da0                        __exidx_end = .
                0x00000da0                        _etext = .

.m_usb_data
 *(SORT_BY_ALIGNMENT(m_usb_bdt))

.mtb_buffer_default
                0x1fffe000       0x80
 *(SORT_BY_ALIGNMENT(.mtb*))
 .mtb.$RAM1     0x1fffe000       0x80 ./source/mtb.o
                0x1fffe000                __mtb_buffer__

.uninit_RESERVED
                0x1fffe080        0x0
                0x1fffe080                        _start_uninit_RESERVED = .
 *(SORT_BY_ALIGNMENT(.bss.$RESERVED*))
                0x1fffe080                        . = ALIGN (0x4)
                0x1fffe080                        _end_uninit_RESERVED = .

.data           0x1fffe080        0x0 load address 0x00000da0
 FILL mask 0xff
                0x1fffe080                        _data = .
                [!provide]                        PROVIDE (__start_data_RAM = .)
                [!provide]                        PROVIDE (__start_data_SRAM = .)
 *(SORT_BY_ALIGNMENT(vtable))
 *(SORT_BY_ALIGNMENT(.ramfunc*))
 *(SORT_BY_ALIGNMENT(CodeQuickAccess))
 *(SORT_BY_ALIGNMENT(DataQuickAccess))
 *(SORT_BY_ALIGNMENT(RamFunction))
 *(SORT_BY_ALIGNMENT(.data*))
                0x1fffe080                        . = ALIGN (0x4)
                0x1fffe080                        _edata = .
                [!provide]                        PROVIDE (__end_data_RAM = .)
                [!provide]                        PROVIDE (__end_data_SRAM = .)

.igot.plt       0x1fffe080        0x0 load address 0x00000da0
 .igot.plt      0x1fffe080        0x0 ./startup/startup_mkl46z4.o

.bss            0x1fffe080       0xd0
                0x1fffe080                        _bss = .
                [!provide]                        PROVIDE (__start_bss_RAM = .)
                [!provide]                        PROVIDE (__start_bss_SRAM = .)
 *(SORT_BY_ALIGNMENT(.bss*))
 .bss.s_lpsciHandle
                0x1fffe080        0x4 ./drivers/fsl_lpsci.o
 .bss.s_lpsciIsr
                0x1fffe084        0x4 ./drivers/fsl_lpsci.o
 .bss.s_uartHandle
                0x1fffe088        0xc ./drivers/fsl_uart.o
 .bss.s_uartIsr
                0x1fffe094        0x4 ./drivers/fsl_uart.o
 .bss.__Ciob    0x1fffe098       0xb4 /usr/local/mcuxpressoide-11.9.1_2170/ide/plugins/com.nxp.mcuxpresso.tools.linux_11.9.1.202402080819/tools/bin/../lib/gcc/arm-none-eabi/12.3.1/../../../../arm-none-eabi/lib/thumb/v6-m/nofp/libcr_nohost_nf.a(__ciob.o)
                0x1fffe098                __Ciob
 .bss.errno     0x1fffe14c        0x4 /usr/local/mcuxpressoide-11.9.1_2170/ide/plugins/com.nxp.mcuxpresso.tools.linux_11.9.1.202402080819/tools/bin/../lib/gcc/arm-none-eabi/12.3.1/../../../../arm-none-eabi/lib/thumb/v6-m/nofp/libcr_c.a(errno.o)
                0x1fffe14c                errno
 *(SORT_BY_ALIGNMENT(COMMON))
                0x1fffe150                        . = ALIGN (0x4)
                0x1fffe150                        _ebss = .
                [!provide]                        PROVIDE (__end_bss_RAM = .)
                [!provide]                        PROVIDE (__end_bss_SRAM = .)
                [!provide]                        PROVIDE (end = .)

.noinit         0x1fffe150        0x0
                0x1fffe150                        _noinit = .
                [!provide]                        PROVIDE (__start_noinit_RAM = .)
                [!provide]                        PROVIDE (__start_noinit_SRAM = .)
 *(SORT_BY_ALIGNMENT(.noinit*))
                0x1fffe150                        . = ALIGN (0x4)
                0x1fffe150                        _end_noinit = .
                [!provide]                        PROVIDE (__end_noinit_RAM = .)
                [!provide]                        PROVIDE (__end_noinit_SRAM = .)
                0x00000800                        _HeapSize = 0x800

.heap           0x1fffe150      0x800
                0x1fffe150                        _pvHeapStart = .
                0x1fffe950                        . = (. + _HeapSize)
 *fill*         0x1fffe150      0x800 
                0x1fffe950                        . = ALIGN (0x4)
                0x1fffe950                        _pvHeapLimit = .
                0x00000800                        _StackSize = 0x800

.heap2stackfill
                0x1fffe950      0x800
                0x1ffff150                        . = (. + _StackSize)
 *fill*         0x1fffe950      0x800 

.stack          0x20005800        0x0
                0x20005800                        _vStackBase = .
                0x20005800                        . = ALIGN (0x4)
                0x20006000                        _vStackTop = (. + _StackSize)
                0x00000000                        _image_start = LOADADDR (.text)
                0x00000da0                        _image_end = (LOADADDR (.data) + SIZEOF (.data))
                0x00000da0                        _image_size = (_image_end - _image_start)
OUTPUT(frdmkl46z_phucth_led.axf elf32-littlearm)
LOAD linker stubs

.debug_info     0x00000000     0x6a83
 .debug_info    0x00000000      0x687 ./startup/startup_mkl46z4.o
 .debug_info    0x00000687      0x445 ./source/peripheral/button.o
 .debug_info    0x00000acc      0x288 ./source/peripheral/led.o
 .debug_info    0x00000d54      0x414 ./source/driver/gpio.o
 .debug_info    0x00001168      0x1da ./source/driver/port.o
 .debug_info    0x00001342       0xa8 ./source/main.o
 .debug_info    0x000013ea       0x4f ./source/mtb.o
 .debug_info    0x00001439       0x38 ./source/semihost_hardfault.o
 .debug_info    0x00001471     0x14e7 ./drivers/fsl_lpsci.o
 .debug_info    0x00002958     0x1488 ./drivers/fsl_uart.o
 .debug_info    0x00003de0      0x40a ./CMSIS/system_MKL46Z4.o
 .debug_info    0x000041ea       0x85 /usr/local/mcuxpressoide-11.9.1_2170/ide/plugins/com.nxp.mcuxpresso.tools.linux_11.9.1.202402080819/tools/bin/../lib/gcc/arm-none-eabi/12.3.1/../../../../arm-none-eabi/lib/thumb/v6-m/nofp/libcr_nohost_nf.a(_cr__main.o)
 .debug_info    0x0000426f      0x18b /usr/local/mcuxpressoide-11.9.1_2170/ide/plugins/com.nxp.mcuxpresso.tools.linux_11.9.1.202402080819/tools/bin/../lib/gcc/arm-none-eabi/12.3.1/../../../../arm-none-eabi/lib/thumb/v6-m/nofp/libcr_nohost_nf.a(__ciob.o)
 .debug_info    0x000043fa       0xe3 /usr/local/mcuxpressoide-11.9.1_2170/ide/plugins/com.nxp.mcuxpresso.tools.linux_11.9.1.202402080819/tools/bin/../lib/gcc/arm-none-eabi/12.3.1/../../../../arm-none-eabi/lib/thumb/v6-m/nofp/libcr_c.a(memset.o)
 .debug_info    0x000044dd      0x35d /usr/local/mcuxpressoide-11.9.1_2170/ide/plugins/com.nxp.mcuxpresso.tools.linux_11.9.1.202402080819/tools/bin/../lib/gcc/arm-none-eabi/12.3.1/../../../../arm-none-eabi/lib/thumb/v6-m/nofp/libcr_c.a(_deferredlazyseek.o)
 .debug_info    0x0000483a      0x1e3 /usr/local/mcuxpressoide-11.9.1_2170/ide/plugins/com.nxp.mcuxpresso.tools.linux_11.9.1.202402080819/tools/bin/../lib/gcc/arm-none-eabi/12.3.1/../../../../arm-none-eabi/lib/thumb/v6-m/nofp/libcr_c.a(_fflush.o)
 .debug_info    0x00004a1d      0x283 /usr/local/mcuxpressoide-11.9.1_2170/ide/plugins/com.nxp.mcuxpresso.tools.linux_11.9.1.202402080819/tools/bin/../lib/gcc/arm-none-eabi/12.3.1/../../../../arm-none-eabi/lib/thumb/v6-m/nofp/libcr_c.a(_writebuf.o)
 .debug_info    0x00004ca0      0x50c /usr/local/mcuxpressoide-11.9.1_2170/ide/plugins/com.nxp.mcuxpresso.tools.linux_11.9.1.202402080819/tools/bin/../lib/gcc/arm-none-eabi/12.3.1/../../../../arm-none-eabi/lib/thumb/v6-m/nofp/libcr_c.a(alloc.o)
 .debug_info    0x000051ac      0x278 /usr/local/mcuxpressoide-11.9.1_2170/ide/plugins/com.nxp.mcuxpresso.tools.linux_11.9.1.202402080819/tools/bin/../lib/gcc/arm-none-eabi/12.3.1/../../../../arm-none-eabi/lib/thumb/v6-m/nofp/libcr_c.a(fseek.o)
 .debug_info    0x00005424      0x190 /usr/local/mcuxpressoide-11.9.1_2170/ide/plugins/com.nxp.mcuxpresso.tools.linux_11.9.1.202402080819/tools/bin/../lib/gcc/arm-none-eabi/12.3.1/../../../../arm-none-eabi/lib/thumb/v6-m/nofp/libcr_c.a(ftell.o)
 .debug_info    0x000055b4      0x353 /usr/local/mcuxpressoide-11.9.1_2170/ide/plugins/com.nxp.mcuxpresso.tools.linux_11.9.1.202402080819/tools/bin/../lib/gcc/arm-none-eabi/12.3.1/../../../../arm-none-eabi/lib/thumb/v6-m/nofp/libcr_c.a(initio.o)
 .debug_info    0x00005907      0x1f6 /usr/local/mcuxpressoide-11.9.1_2170/ide/plugins/com.nxp.mcuxpresso.tools.linux_11.9.1.202402080819/tools/bin/../lib/gcc/arm-none-eabi/12.3.1/../../../../arm-none-eabi/lib/thumb/v6-m/nofp/libcr_c.a(setvbuf.o)
 .debug_info    0x00005afd       0xd6 /usr/local/mcuxpressoide-11.9.1_2170/ide/plugins/com.nxp.mcuxpresso.tools.linux_11.9.1.202402080819/tools/bin/../lib/gcc/arm-none-eabi/12.3.1/../../../../arm-none-eabi/lib/thumb/v6-m/nofp/libcr_c.a(strlen.o)
 .debug_info    0x00005bd3      0x244 /usr/local/mcuxpressoide-11.9.1_2170/ide/plugins/com.nxp.mcuxpresso.tools.linux_11.9.1.202402080819/tools/bin/../lib/gcc/arm-none-eabi/12.3.1/../../../../arm-none-eabi/lib/thumb/v6-m/nofp/libcr_c.a(_fdopen.o)
 .debug_info    0x00005e17       0x44 /usr/local/mcuxpressoide-11.9.1_2170/ide/plugins/com.nxp.mcuxpresso.tools.linux_11.9.1.202402080819/tools/bin/../lib/gcc/arm-none-eabi/12.3.1/../../../../arm-none-eabi/lib/thumb/v6-m/nofp/libcr_c.a(errno.o)
 .debug_info    0x00005e5b      0x31e /usr/local/mcuxpressoide-11.9.1_2170/ide/plugins/com.nxp.mcuxpresso.tools.linux_11.9.1.202402080819/tools/bin/../lib/gcc/arm-none-eabi/12.3.1/../../../../arm-none-eabi/lib/thumb/v6-m/nofp/libcr_c.a(fclose.o)
 .debug_info    0x00006179      0x203 /usr/local/mcuxpressoide-11.9.1_2170/ide/plugins/com.nxp.mcuxpresso.tools.linux_11.9.1.202402080819/tools/bin/../lib/gcc/arm-none-eabi/12.3.1/../../../../arm-none-eabi/lib/thumb/v6-m/nofp/libcr_c.a(fflush.o)
 .debug_info    0x0000637c      0x1c9 /usr/local/mcuxpressoide-11.9.1_2170/ide/plugins/com.nxp.mcuxpresso.tools.linux_11.9.1.202402080819/tools/bin/../lib/gcc/arm-none-eabi/12.3.1/../../../../arm-none-eabi/lib/thumb/v6-m/nofp/libcr_c.a(remove.o)
 .debug_info    0x00006545      0x23a /usr/local/mcuxpressoide-11.9.1_2170/ide/plugins/com.nxp.mcuxpresso.tools.linux_11.9.1.202402080819/tools/bin/../lib/gcc/arm-none-eabi/12.3.1/../../../../arm-none-eabi/lib/thumb/v6-m/nofp/libcr_c.a(_do_fflush.o)
 .debug_info    0x0000677f       0x5c /usr/local/mcuxpressoide-11.9.1_2170/ide/plugins/com.nxp.mcuxpresso.tools.linux_11.9.1.202402080819/tools/bin/../lib/gcc/arm-none-eabi/12.3.1/../../../../arm-none-eabi/lib/thumb/v6-m/nofp/libcr_nohost_nf.a(__sys_close.o)
 .debug_info    0x000067db       0x5c /usr/local/mcuxpressoide-11.9.1_2170/ide/plugins/com.nxp.mcuxpresso.tools.linux_11.9.1.202402080819/tools/bin/../lib/gcc/arm-none-eabi/12.3.1/../../../../arm-none-eabi/lib/thumb/v6-m/nofp/libcr_nohost_nf.a(__sys_flen.o)
 .debug_info    0x00006837       0x5c /usr/local/mcuxpressoide-11.9.1_2170/ide/plugins/com.nxp.mcuxpresso.tools.linux_11.9.1.202402080819/tools/bin/../lib/gcc/arm-none-eabi/12.3.1/../../../../arm-none-eabi/lib/thumb/v6-m/nofp/libcr_nohost_nf.a(__sys_istty.o)
 .debug_info    0x00006893       0x7c /usr/local/mcuxpressoide-11.9.1_2170/ide/plugins/com.nxp.mcuxpresso.tools.linux_11.9.1.202402080819/tools/bin/../lib/gcc/arm-none-eabi/12.3.1/../../../../arm-none-eabi/lib/thumb/v6-m/nofp/libcr_nohost_nf.a(__sys_remove.o)
 .debug_info    0x0000690f       0x6a /usr/local/mcuxpressoide-11.9.1_2170/ide/plugins/com.nxp.mcuxpresso.tools.linux_11.9.1.202402080819/tools/bin/../lib/gcc/arm-none-eabi/12.3.1/../../../../arm-none-eabi/lib/thumb/v6-m/nofp/libcr_nohost_nf.a(__sys_seek.o)
 .debug_info    0x00006979       0x85 /usr/local/mcuxpressoide-11.9.1_2170/ide/plugins/com.nxp.mcuxpresso.tools.linux_11.9.1.202402080819/tools/bin/../lib/gcc/arm-none-eabi/12.3.1/../../../../arm-none-eabi/lib/thumb/v6-m/nofp/libcr_nohost_nf.a(__sys_tmpnam.o)
 .debug_info    0x000069fe       0x85 /usr/local/mcuxpressoide-11.9.1_2170/ide/plugins/com.nxp.mcuxpresso.tools.linux_11.9.1.202402080819/tools/bin/../lib/gcc/arm-none-eabi/12.3.1/../../../../arm-none-eabi/lib/thumb/v6-m/nofp/libcr_nohost_nf.a(__sys_write.o)

.debug_abbrev   0x00000000     0x2332
 .debug_abbrev  0x00000000      0x177 ./startup/startup_mkl46z4.o
 .debug_abbrev  0x00000177      0x159 ./source/peripheral/button.o
 .debug_abbrev  0x000002d0      0x105 ./source/peripheral/led.o
 .debug_abbrev  0x000003d5      0x130 ./source/driver/gpio.o
 .debug_abbrev  0x00000505       0xf3 ./source/driver/port.o
 .debug_abbrev  0x000005f8       0x55 ./source/main.o
 .debug_abbrev  0x0000064d       0x43 ./source/mtb.o
 .debug_abbrev  0x00000690       0x2e ./source/semihost_hardfault.o
 .debug_abbrev  0x000006be      0x31f ./drivers/fsl_lpsci.o
 .debug_abbrev  0x000009dd      0x31f ./drivers/fsl_uart.o
 .debug_abbrev  0x00000cfc      0x145 ./CMSIS/system_MKL46Z4.o
 .debug_abbrev  0x00000e41       0x62 /usr/local/mcuxpressoide-11.9.1_2170/ide/plugins/com.nxp.mcuxpresso.tools.linux_11.9.1.202402080819/tools/bin/../lib/gcc/arm-none-eabi/12.3.1/../../../../arm-none-eabi/lib/thumb/v6-m/nofp/libcr_nohost_nf.a(_cr__main.o)
 .debug_abbrev  0x00000ea3       0xb5 /usr/local/mcuxpressoide-11.9.1_2170/ide/plugins/com.nxp.mcuxpresso.tools.linux_11.9.1.202402080819/tools/bin/../lib/gcc/arm-none-eabi/12.3.1/../../../../arm-none-eabi/lib/thumb/v6-m/nofp/libcr_nohost_nf.a(__ciob.o)
 .debug_abbrev  0x00000f58       0xa5 /usr/local/mcuxpressoide-11.9.1_2170/ide/plugins/com.nxp.mcuxpresso.tools.linux_11.9.1.202402080819/tools/bin/../lib/gcc/arm-none-eabi/12.3.1/../../../../arm-none-eabi/lib/thumb/v6-m/nofp/libcr_c.a(memset.o)
 .debug_abbrev  0x00000ffd      0x147 /usr/local/mcuxpressoide-11.9.1_2170/ide/plugins/com.nxp.mcuxpresso.tools.linux_11.9.1.202402080819/tools/bin/../lib/gcc/arm-none-eabi/12.3.1/../../../../arm-none-eabi/lib/thumb/v6-m/nofp/libcr_c.a(_deferredlazyseek.o)
 .debug_abbrev  0x00001144       0xf1 /usr/local/mcuxpressoide-11.9.1_2170/ide/plugins/com.nxp.mcuxpresso.tools.linux_11.9.1.202402080819/tools/bin/../lib/gcc/arm-none-eabi/12.3.1/../../../../arm-none-eabi/lib/thumb/v6-m/nofp/libcr_c.a(_fflush.o)
 .debug_abbrev  0x00001235      0x126 /usr/local/mcuxpressoide-11.9.1_2170/ide/plugins/com.nxp.mcuxpresso.tools.linux_11.9.1.202402080819/tools/bin/../lib/gcc/arm-none-eabi/12.3.1/../../../../arm-none-eabi/lib/thumb/v6-m/nofp/libcr_c.a(_writebuf.o)
 .debug_abbrev  0x0000135b      0x27b /usr/local/mcuxpressoide-11.9.1_2170/ide/plugins/com.nxp.mcuxpresso.tools.linux_11.9.1.202402080819/tools/bin/../lib/gcc/arm-none-eabi/12.3.1/../../../../arm-none-eabi/lib/thumb/v6-m/nofp/libcr_c.a(alloc.o)
 .debug_abbrev  0x000015d6      0x11b /usr/local/mcuxpressoide-11.9.1_2170/ide/plugins/com.nxp.mcuxpresso.tools.linux_11.9.1.202402080819/tools/bin/../lib/gcc/arm-none-eabi/12.3.1/../../../../arm-none-eabi/lib/thumb/v6-m/nofp/libcr_c.a(fseek.o)
 .debug_abbrev  0x000016f1       0xc2 /usr/local/mcuxpressoide-11.9.1_2170/ide/plugins/com.nxp.mcuxpresso.tools.linux_11.9.1.202402080819/tools/bin/../lib/gcc/arm-none-eabi/12.3.1/../../../../arm-none-eabi/lib/thumb/v6-m/nofp/libcr_c.a(ftell.o)
 .debug_abbrev  0x000017b3      0x14b /usr/local/mcuxpressoide-11.9.1_2170/ide/plugins/com.nxp.mcuxpresso.tools.linux_11.9.1.202402080819/tools/bin/../lib/gcc/arm-none-eabi/12.3.1/../../../../arm-none-eabi/lib/thumb/v6-m/nofp/libcr_c.a(initio.o)
 .debug_abbrev  0x000018fe       0xe1 /usr/local/mcuxpressoide-11.9.1_2170/ide/plugins/com.nxp.mcuxpresso.tools.linux_11.9.1.202402080819/tools/bin/../lib/gcc/arm-none-eabi/12.3.1/../../../../arm-none-eabi/lib/thumb/v6-m/nofp/libcr_c.a(setvbuf.o)
 .debug_abbrev  0x000019df       0xa5 /usr/local/mcuxpressoide-11.9.1_2170/ide/plugins/com.nxp.mcuxpresso.tools.linux_11.9.1.202402080819/tools/bin/../lib/gcc/arm-none-eabi/12.3.1/../../../../arm-none-eabi/lib/thumb/v6-m/nofp/libcr_c.a(strlen.o)
 .debug_abbrev  0x00001a84      0x119 /usr/local/mcuxpressoide-11.9.1_2170/ide/plugins/com.nxp.mcuxpresso.tools.linux_11.9.1.202402080819/tools/bin/../lib/gcc/arm-none-eabi/12.3.1/../../../../arm-none-eabi/lib/thumb/v6-m/nofp/libcr_c.a(_fdopen.o)
 .debug_abbrev  0x00001b9d       0x44 /usr/local/mcuxpressoide-11.9.1_2170/ide/plugins/com.nxp.mcuxpresso.tools.linux_11.9.1.202402080819/tools/bin/../lib/gcc/arm-none-eabi/12.3.1/../../../../arm-none-eabi/lib/thumb/v6-m/nofp/libcr_c.a(errno.o)
 .debug_abbrev  0x00001be1      0x158 /usr/local/mcuxpressoide-11.9.1_2170/ide/plugins/com.nxp.mcuxpresso.tools.linux_11.9.1.202402080819/tools/bin/../lib/gcc/arm-none-eabi/12.3.1/../../../../arm-none-eabi/lib/thumb/v6-m/nofp/libcr_c.a(fclose.o)
 .debug_abbrev  0x00001d39      0x122 /usr/local/mcuxpressoide-11.9.1_2170/ide/plugins/com.nxp.mcuxpresso.tools.linux_11.9.1.202402080819/tools/bin/../lib/gcc/arm-none-eabi/12.3.1/../../../../arm-none-eabi/lib/thumb/v6-m/nofp/libcr_c.a(fflush.o)
 .debug_abbrev  0x00001e5b       0xed /usr/local/mcuxpressoide-11.9.1_2170/ide/plugins/com.nxp.mcuxpresso.tools.linux_11.9.1.202402080819/tools/bin/../lib/gcc/arm-none-eabi/12.3.1/../../../../arm-none-eabi/lib/thumb/v6-m/nofp/libcr_c.a(remove.o)
 .debug_abbrev  0x00001f48      0x12c /usr/local/mcuxpressoide-11.9.1_2170/ide/plugins/com.nxp.mcuxpresso.tools.linux_11.9.1.202402080819/tools/bin/../lib/gcc/arm-none-eabi/12.3.1/../../../../arm-none-eabi/lib/thumb/v6-m/nofp/libcr_c.a(_do_fflush.o)
 .debug_abbrev  0x00002074       0x51 /usr/local/mcuxpressoide-11.9.1_2170/ide/plugins/com.nxp.mcuxpresso.tools.linux_11.9.1.202402080819/tools/bin/../lib/gcc/arm-none-eabi/12.3.1/../../../../arm-none-eabi/lib/thumb/v6-m/nofp/libcr_nohost_nf.a(__sys_close.o)
 .debug_abbrev  0x000020c5       0x51 /usr/local/mcuxpressoide-11.9.1_2170/ide/plugins/com.nxp.mcuxpresso.tools.linux_11.9.1.202402080819/tools/bin/../lib/gcc/arm-none-eabi/12.3.1/../../../../arm-none-eabi/lib/thumb/v6-m/nofp/libcr_nohost_nf.a(__sys_flen.o)
 .debug_abbrev  0x00002116       0x51 /usr/local/mcuxpressoide-11.9.1_2170/ide/plugins/com.nxp.mcuxpresso.tools.linux_11.9.1.202402080819/tools/bin/../lib/gcc/arm-none-eabi/12.3.1/../../../../arm-none-eabi/lib/thumb/v6-m/nofp/libcr_nohost_nf.a(__sys_istty.o)
 .debug_abbrev  0x00002167       0x7d /usr/local/mcuxpressoide-11.9.1_2170/ide/plugins/com.nxp.mcuxpresso.tools.linux_11.9.1.202402080819/tools/bin/../lib/gcc/arm-none-eabi/12.3.1/../../../../arm-none-eabi/lib/thumb/v6-m/nofp/libcr_nohost_nf.a(__sys_remove.o)
 .debug_abbrev  0x000021e4       0x62 /usr/local/mcuxpressoide-11.9.1_2170/ide/plugins/com.nxp.mcuxpresso.tools.linux_11.9.1.202402080819/tools/bin/../lib/gcc/arm-none-eabi/12.3.1/../../../../arm-none-eabi/lib/thumb/v6-m/nofp/libcr_nohost_nf.a(__sys_seek.o)
 .debug_abbrev  0x00002246       0x76 /usr/local/mcuxpressoide-11.9.1_2170/ide/plugins/com.nxp.mcuxpresso.tools.linux_11.9.1.202402080819/tools/bin/../lib/gcc/arm-none-eabi/12.3.1/../../../../arm-none-eabi/lib/thumb/v6-m/nofp/libcr_nohost_nf.a(__sys_tmpnam.o)
 .debug_abbrev  0x000022bc       0x76 /usr/local/mcuxpressoide-11.9.1_2170/ide/plugins/com.nxp.mcuxpresso.tools.linux_11.9.1.202402080819/tools/bin/../lib/gcc/arm-none-eabi/12.3.1/../../../../arm-none-eabi/lib/thumb/v6-m/nofp/libcr_nohost_nf.a(__sys_write.o)

.debug_loc      0x00000000     0x1731
 .debug_loc     0x00000000      0x1cc ./startup/startup_mkl46z4.o
 .debug_loc     0x000001cc       0x6f /usr/local/mcuxpressoide-11.9.1_2170/ide/plugins/com.nxp.mcuxpresso.tools.linux_11.9.1.202402080819/tools/bin/../lib/gcc/arm-none-eabi/12.3.1/../../../../arm-none-eabi/lib/thumb/v6-m/nofp/libcr_c.a(memset.o)
 .debug_loc     0x0000023b      0x1aa /usr/local/mcuxpressoide-11.9.1_2170/ide/plugins/com.nxp.mcuxpresso.tools.linux_11.9.1.202402080819/tools/bin/../lib/gcc/arm-none-eabi/12.3.1/../../../../arm-none-eabi/lib/thumb/v6-m/nofp/libcr_c.a(_deferredlazyseek.o)
 .debug_loc     0x000003e5      0x124 /usr/local/mcuxpressoide-11.9.1_2170/ide/plugins/com.nxp.mcuxpresso.tools.linux_11.9.1.202402080819/tools/bin/../lib/gcc/arm-none-eabi/12.3.1/../../../../arm-none-eabi/lib/thumb/v6-m/nofp/libcr_c.a(_fflush.o)
 .debug_loc     0x00000509       0xe7 /usr/local/mcuxpressoide-11.9.1_2170/ide/plugins/com.nxp.mcuxpresso.tools.linux_11.9.1.202402080819/tools/bin/../lib/gcc/arm-none-eabi/12.3.1/../../../../arm-none-eabi/lib/thumb/v6-m/nofp/libcr_c.a(_writebuf.o)
 .debug_loc     0x000005f0      0x762 /usr/local/mcuxpressoide-11.9.1_2170/ide/plugins/com.nxp.mcuxpresso.tools.linux_11.9.1.202402080819/tools/bin/../lib/gcc/arm-none-eabi/12.3.1/../../../../arm-none-eabi/lib/thumb/v6-m/nofp/libcr_c.a(alloc.o)
 .debug_loc     0x00000d52      0x1a8 /usr/local/mcuxpressoide-11.9.1_2170/ide/plugins/com.nxp.mcuxpresso.tools.linux_11.9.1.202402080819/tools/bin/../lib/gcc/arm-none-eabi/12.3.1/../../../../arm-none-eabi/lib/thumb/v6-m/nofp/libcr_c.a(fseek.o)
 .debug_loc     0x00000efa       0x8d /usr/local/mcuxpressoide-11.9.1_2170/ide/plugins/com.nxp.mcuxpresso.tools.linux_11.9.1.202402080819/tools/bin/../lib/gcc/arm-none-eabi/12.3.1/../../../../arm-none-eabi/lib/thumb/v6-m/nofp/libcr_c.a(ftell.o)
 .debug_loc     0x00000f87       0x5a /usr/local/mcuxpressoide-11.9.1_2170/ide/plugins/com.nxp.mcuxpresso.tools.linux_11.9.1.202402080819/tools/bin/../lib/gcc/arm-none-eabi/12.3.1/../../../../arm-none-eabi/lib/thumb/v6-m/nofp/libcr_c.a(initio.o)
 .debug_loc     0x00000fe1      0x13d /usr/local/mcuxpressoide-11.9.1_2170/ide/plugins/com.nxp.mcuxpresso.tools.linux_11.9.1.202402080819/tools/bin/../lib/gcc/arm-none-eabi/12.3.1/../../../../arm-none-eabi/lib/thumb/v6-m/nofp/libcr_c.a(setvbuf.o)
 .debug_loc     0x0000111e      0x108 /usr/local/mcuxpressoide-11.9.1_2170/ide/plugins/com.nxp.mcuxpresso.tools.linux_11.9.1.202402080819/tools/bin/../lib/gcc/arm-none-eabi/12.3.1/../../../../arm-none-eabi/lib/thumb/v6-m/nofp/libcr_c.a(strlen.o)
 .debug_loc     0x00001226      0x15a /usr/local/mcuxpressoide-11.9.1_2170/ide/plugins/com.nxp.mcuxpresso.tools.linux_11.9.1.202402080819/tools/bin/../lib/gcc/arm-none-eabi/12.3.1/../../../../arm-none-eabi/lib/thumb/v6-m/nofp/libcr_c.a(_fdopen.o)
 .debug_loc     0x00001380       0xb2 /usr/local/mcuxpressoide-11.9.1_2170/ide/plugins/com.nxp.mcuxpresso.tools.linux_11.9.1.202402080819/tools/bin/../lib/gcc/arm-none-eabi/12.3.1/../../../../arm-none-eabi/lib/thumb/v6-m/nofp/libcr_c.a(fclose.o)
 .debug_loc     0x00001432       0x9f /usr/local/mcuxpressoide-11.9.1_2170/ide/plugins/com.nxp.mcuxpresso.tools.linux_11.9.1.202402080819/tools/bin/../lib/gcc/arm-none-eabi/12.3.1/../../../../arm-none-eabi/lib/thumb/v6-m/nofp/libcr_c.a(fflush.o)
 .debug_loc     0x000014d1       0xda /usr/local/mcuxpressoide-11.9.1_2170/ide/plugins/com.nxp.mcuxpresso.tools.linux_11.9.1.202402080819/tools/bin/../lib/gcc/arm-none-eabi/12.3.1/../../../../arm-none-eabi/lib/thumb/v6-m/nofp/libcr_c.a(remove.o)
 .debug_loc     0x000015ab       0x83 /usr/local/mcuxpressoide-11.9.1_2170/ide/plugins/com.nxp.mcuxpresso.tools.linux_11.9.1.202402080819/tools/bin/../lib/gcc/arm-none-eabi/12.3.1/../../../../arm-none-eabi/lib/thumb/v6-m/nofp/libcr_c.a(_do_fflush.o)
 .debug_loc     0x0000162e       0x25 /usr/local/mcuxpressoide-11.9.1_2170/ide/plugins/com.nxp.mcuxpresso.tools.linux_11.9.1.202402080819/tools/bin/../lib/gcc/arm-none-eabi/12.3.1/../../../../arm-none-eabi/lib/thumb/v6-m/nofp/libcr_nohost_nf.a(__sys_close.o)
 .debug_loc     0x00001653       0x25 /usr/local/mcuxpressoide-11.9.1_2170/ide/plugins/com.nxp.mcuxpresso.tools.linux_11.9.1.202402080819/tools/bin/../lib/gcc/arm-none-eabi/12.3.1/../../../../arm-none-eabi/lib/thumb/v6-m/nofp/libcr_nohost_nf.a(__sys_flen.o)
 .debug_loc     0x00001678       0x25 /usr/local/mcuxpressoide-11.9.1_2170/ide/plugins/com.nxp.mcuxpresso.tools.linux_11.9.1.202402080819/tools/bin/../lib/gcc/arm-none-eabi/12.3.1/../../../../arm-none-eabi/lib/thumb/v6-m/nofp/libcr_nohost_nf.a(__sys_istty.o)
 .debug_loc     0x0000169d       0x25 /usr/local/mcuxpressoide-11.9.1_2170/ide/plugins/com.nxp.mcuxpresso.tools.linux_11.9.1.202402080819/tools/bin/../lib/gcc/arm-none-eabi/12.3.1/../../../../arm-none-eabi/lib/thumb/v6-m/nofp/libcr_nohost_nf.a(__sys_remove.o)
 .debug_loc     0x000016c2       0x25 /usr/local/mcuxpressoide-11.9.1_2170/ide/plugins/com.nxp.mcuxpresso.tools.linux_11.9.1.202402080819/tools/bin/../lib/gcc/arm-none-eabi/12.3.1/../../../../arm-none-eabi/lib/thumb/v6-m/nofp/libcr_nohost_nf.a(__sys_seek.o)
 .debug_loc     0x000016e7       0x25 /usr/local/mcuxpressoide-11.9.1_2170/ide/plugins/com.nxp.mcuxpresso.tools.linux_11.9.1.202402080819/tools/bin/../lib/gcc/arm-none-eabi/12.3.1/../../../../arm-none-eabi/lib/thumb/v6-m/nofp/libcr_nohost_nf.a(__sys_tmpnam.o)
 .debug_loc     0x0000170c       0x25 /usr/local/mcuxpressoide-11.9.1_2170/ide/plugins/com.nxp.mcuxpresso.tools.linux_11.9.1.202402080819/tools/bin/../lib/gcc/arm-none-eabi/12.3.1/../../../../arm-none-eabi/lib/thumb/v6-m/nofp/libcr_nohost_nf.a(__sys_write.o)

.debug_aranges  0x00000000      0x858
 .debug_aranges
                0x00000000      0x160 ./startup/startup_mkl46z4.o
 .debug_aranges
                0x00000160       0x28 ./source/peripheral/button.o
 .debug_aranges
                0x00000188       0x40 ./source/peripheral/led.o
 .debug_aranges
                0x000001c8       0x40 ./source/driver/gpio.o
 .debug_aranges
                0x00000208       0x30 ./source/driver/port.o
 .debug_aranges
                0x00000238       0x28 ./source/main.o
 .debug_aranges
                0x00000260       0x18 ./source/mtb.o
 .debug_aranges
                0x00000278       0x20 ./source/semihost_hardfault.o
 .debug_aranges
                0x00000298      0x118 ./drivers/fsl_lpsci.o
 .debug_aranges
                0x000003b0      0x130 ./drivers/fsl_uart.o
 .debug_aranges
                0x000004e0       0x30 ./CMSIS/system_MKL46Z4.o
 .debug_aranges
                0x00000510       0x20 /usr/local/mcuxpressoide-11.9.1_2170/ide/plugins/com.nxp.mcuxpresso.tools.linux_11.9.1.202402080819/tools/bin/../lib/gcc/arm-none-eabi/12.3.1/../../../../arm-none-eabi/lib/thumb/v6-m/nofp/libcr_nohost_nf.a(_cr__main.o)
 .debug_aranges
                0x00000530       0x18 /usr/local/mcuxpressoide-11.9.1_2170/ide/plugins/com.nxp.mcuxpresso.tools.linux_11.9.1.202402080819/tools/bin/../lib/gcc/arm-none-eabi/12.3.1/../../../../arm-none-eabi/lib/thumb/v6-m/nofp/libcr_nohost_nf.a(__ciob.o)
 .debug_aranges
                0x00000548       0x20 /usr/local/mcuxpressoide-11.9.1_2170/ide/plugins/com.nxp.mcuxpresso.tools.linux_11.9.1.202402080819/tools/bin/../lib/gcc/arm-none-eabi/12.3.1/../../../../arm-none-eabi/lib/thumb/v6-m/nofp/libcr_c.a(memset.o)
 .debug_aranges
                0x00000568       0x28 /usr/local/mcuxpressoide-11.9.1_2170/ide/plugins/com.nxp.mcuxpresso.tools.linux_11.9.1.202402080819/tools/bin/../lib/gcc/arm-none-eabi/12.3.1/../../../../arm-none-eabi/lib/thumb/v6-m/nofp/libcr_c.a(_deferredlazyseek.o)
 .debug_aranges
                0x00000590       0x20 /usr/local/mcuxpressoide-11.9.1_2170/ide/plugins/com.nxp.mcuxpresso.tools.linux_11.9.1.202402080819/tools/bin/../lib/gcc/arm-none-eabi/12.3.1/../../../../arm-none-eabi/lib/thumb/v6-m/nofp/libcr_c.a(_fflush.o)
 .debug_aranges
                0x000005b0       0x20 /usr/local/mcuxpressoide-11.9.1_2170/ide/plugins/com.nxp.mcuxpresso.tools.linux_11.9.1.202402080819/tools/bin/../lib/gcc/arm-none-eabi/12.3.1/../../../../arm-none-eabi/lib/thumb/v6-m/nofp/libcr_c.a(_writebuf.o)
 .debug_aranges
                0x000005d0       0x40 /usr/local/mcuxpressoide-11.9.1_2170/ide/plugins/com.nxp.mcuxpresso.tools.linux_11.9.1.202402080819/tools/bin/../lib/gcc/arm-none-eabi/12.3.1/../../../../arm-none-eabi/lib/thumb/v6-m/nofp/libcr_c.a(alloc.o)
 .debug_aranges
                0x00000610       0x20 /usr/local/mcuxpressoide-11.9.1_2170/ide/plugins/com.nxp.mcuxpresso.tools.linux_11.9.1.202402080819/tools/bin/../lib/gcc/arm-none-eabi/12.3.1/../../../../arm-none-eabi/lib/thumb/v6-m/nofp/libcr_c.a(fseek.o)
 .debug_aranges
                0x00000630       0x20 /usr/local/mcuxpressoide-11.9.1_2170/ide/plugins/com.nxp.mcuxpresso.tools.linux_11.9.1.202402080819/tools/bin/../lib/gcc/arm-none-eabi/12.3.1/../../../../arm-none-eabi/lib/thumb/v6-m/nofp/libcr_c.a(ftell.o)
 .debug_aranges
                0x00000650       0x28 /usr/local/mcuxpressoide-11.9.1_2170/ide/plugins/com.nxp.mcuxpresso.tools.linux_11.9.1.202402080819/tools/bin/../lib/gcc/arm-none-eabi/12.3.1/../../../../arm-none-eabi/lib/thumb/v6-m/nofp/libcr_c.a(initio.o)
 .debug_aranges
                0x00000678       0x20 /usr/local/mcuxpressoide-11.9.1_2170/ide/plugins/com.nxp.mcuxpresso.tools.linux_11.9.1.202402080819/tools/bin/../lib/gcc/arm-none-eabi/12.3.1/../../../../arm-none-eabi/lib/thumb/v6-m/nofp/libcr_c.a(setvbuf.o)
 .debug_aranges
                0x00000698       0x20 /usr/local/mcuxpressoide-11.9.1_2170/ide/plugins/com.nxp.mcuxpresso.tools.linux_11.9.1.202402080819/tools/bin/../lib/gcc/arm-none-eabi/12.3.1/../../../../arm-none-eabi/lib/thumb/v6-m/nofp/libcr_c.a(strlen.o)
 .debug_aranges
                0x000006b8       0x20 /usr/local/mcuxpressoide-11.9.1_2170/ide/plugins/com.nxp.mcuxpresso.tools.linux_11.9.1.202402080819/tools/bin/../lib/gcc/arm-none-eabi/12.3.1/../../../../arm-none-eabi/lib/thumb/v6-m/nofp/libcr_c.a(_fdopen.o)
 .debug_aranges
                0x000006d8       0x18 /usr/local/mcuxpressoide-11.9.1_2170/ide/plugins/com.nxp.mcuxpresso.tools.linux_11.9.1.202402080819/tools/bin/../lib/gcc/arm-none-eabi/12.3.1/../../../../arm-none-eabi/lib/thumb/v6-m/nofp/libcr_c.a(errno.o)
 .debug_aranges
                0x000006f0       0x20 /usr/local/mcuxpressoide-11.9.1_2170/ide/plugins/com.nxp.mcuxpresso.tools.linux_11.9.1.202402080819/tools/bin/../lib/gcc/arm-none-eabi/12.3.1/../../../../arm-none-eabi/lib/thumb/v6-m/nofp/libcr_c.a(fclose.o)
 .debug_aranges
                0x00000710       0x20 /usr/local/mcuxpressoide-11.9.1_2170/ide/plugins/com.nxp.mcuxpresso.tools.linux_11.9.1.202402080819/tools/bin/../lib/gcc/arm-none-eabi/12.3.1/../../../../arm-none-eabi/lib/thumb/v6-m/nofp/libcr_c.a(fflush.o)
 .debug_aranges
                0x00000730       0x28 /usr/local/mcuxpressoide-11.9.1_2170/ide/plugins/com.nxp.mcuxpresso.tools.linux_11.9.1.202402080819/tools/bin/../lib/gcc/arm-none-eabi/12.3.1/../../../../arm-none-eabi/lib/thumb/v6-m/nofp/libcr_c.a(remove.o)
 .debug_aranges
                0x00000758       0x20 /usr/local/mcuxpressoide-11.9.1_2170/ide/plugins/com.nxp.mcuxpresso.tools.linux_11.9.1.202402080819/tools/bin/../lib/gcc/arm-none-eabi/12.3.1/../../../../arm-none-eabi/lib/thumb/v6-m/nofp/libcr_c.a(_do_fflush.o)
 .debug_aranges
                0x00000778       0x20 /usr/local/mcuxpressoide-11.9.1_2170/ide/plugins/com.nxp.mcuxpresso.tools.linux_11.9.1.202402080819/tools/bin/../lib/gcc/arm-none-eabi/12.3.1/../../../../arm-none-eabi/lib/thumb/v6-m/nofp/libcr_nohost_nf.a(__sys_close.o)
 .debug_aranges
                0x00000798       0x20 /usr/local/mcuxpressoide-11.9.1_2170/ide/plugins/com.nxp.mcuxpresso.tools.linux_11.9.1.202402080819/tools/bin/../lib/gcc/arm-none-eabi/12.3.1/../../../../arm-none-eabi/lib/thumb/v6-m/nofp/libcr_nohost_nf.a(__sys_flen.o)
 .debug_aranges
                0x000007b8       0x20 /usr/local/mcuxpressoide-11.9.1_2170/ide/plugins/com.nxp.mcuxpresso.tools.linux_11.9.1.202402080819/tools/bin/../lib/gcc/arm-none-eabi/12.3.1/../../../../arm-none-eabi/lib/thumb/v6-m/nofp/libcr_nohost_nf.a(__sys_istty.o)
 .debug_aranges
                0x000007d8       0x20 /usr/local/mcuxpressoide-11.9.1_2170/ide/plugins/com.nxp.mcuxpresso.tools.linux_11.9.1.202402080819/tools/bin/../lib/gcc/arm-none-eabi/12.3.1/../../../../arm-none-eabi/lib/thumb/v6-m/nofp/libcr_nohost_nf.a(__sys_remove.o)
 .debug_aranges
                0x000007f8       0x20 /usr/local/mcuxpressoide-11.9.1_2170/ide/plugins/com.nxp.mcuxpresso.tools.linux_11.9.1.202402080819/tools/bin/../lib/gcc/arm-none-eabi/12.3.1/../../../../arm-none-eabi/lib/thumb/v6-m/nofp/libcr_nohost_nf.a(__sys_seek.o)
 .debug_aranges
                0x00000818       0x20 /usr/local/mcuxpressoide-11.9.1_2170/ide/plugins/com.nxp.mcuxpresso.tools.linux_11.9.1.202402080819/tools/bin/../lib/gcc/arm-none-eabi/12.3.1/../../../../arm-none-eabi/lib/thumb/v6-m/nofp/libcr_nohost_nf.a(__sys_tmpnam.o)
 .debug_aranges
                0x00000838       0x20 /usr/local/mcuxpressoide-11.9.1_2170/ide/plugins/com.nxp.mcuxpresso.tools.linux_11.9.1.202402080819/tools/bin/../lib/gcc/arm-none-eabi/12.3.1/../../../../arm-none-eabi/lib/thumb/v6-m/nofp/libcr_nohost_nf.a(__sys_write.o)

.debug_ranges   0x00000000      0x6c0
 .debug_ranges  0x00000000      0x150 ./startup/startup_mkl46z4.o
 .debug_ranges  0x00000150       0x18 ./source/peripheral/button.o
 .debug_ranges  0x00000168       0x30 ./source/peripheral/led.o
 .debug_ranges  0x00000198       0x30 ./source/driver/gpio.o
 .debug_ranges  0x000001c8       0x20 ./source/driver/port.o
 .debug_ranges  0x000001e8       0x18 ./source/main.o
 .debug_ranges  0x00000200       0x10 ./source/semihost_hardfault.o
 .debug_ranges  0x00000210      0x108 ./drivers/fsl_lpsci.o
 .debug_ranges  0x00000318      0x120 ./drivers/fsl_uart.o
 .debug_ranges  0x00000438       0x20 ./CMSIS/system_MKL46Z4.o
 .debug_ranges  0x00000458       0x10 /usr/local/mcuxpressoide-11.9.1_2170/ide/plugins/com.nxp.mcuxpresso.tools.linux_11.9.1.202402080819/tools/bin/../lib/gcc/arm-none-eabi/12.3.1/../../../../arm-none-eabi/lib/thumb/v6-m/nofp/libcr_nohost_nf.a(_cr__main.o)
 .debug_ranges  0x00000468       0x10 /usr/local/mcuxpressoide-11.9.1_2170/ide/plugins/com.nxp.mcuxpresso.tools.linux_11.9.1.202402080819/tools/bin/../lib/gcc/arm-none-eabi/12.3.1/../../../../arm-none-eabi/lib/thumb/v6-m/nofp/libcr_c.a(memset.o)
 .debug_ranges  0x00000478       0x50 /usr/local/mcuxpressoide-11.9.1_2170/ide/plugins/com.nxp.mcuxpresso.tools.linux_11.9.1.202402080819/tools/bin/../lib/gcc/arm-none-eabi/12.3.1/../../../../arm-none-eabi/lib/thumb/v6-m/nofp/libcr_c.a(_deferredlazyseek.o)
 .debug_ranges  0x000004c8       0x10 /usr/local/mcuxpressoide-11.9.1_2170/ide/plugins/com.nxp.mcuxpresso.tools.linux_11.9.1.202402080819/tools/bin/../lib/gcc/arm-none-eabi/12.3.1/../../../../arm-none-eabi/lib/thumb/v6-m/nofp/libcr_c.a(_fflush.o)
 .debug_ranges  0x000004d8       0x10 /usr/local/mcuxpressoide-11.9.1_2170/ide/plugins/com.nxp.mcuxpresso.tools.linux_11.9.1.202402080819/tools/bin/../lib/gcc/arm-none-eabi/12.3.1/../../../../arm-none-eabi/lib/thumb/v6-m/nofp/libcr_c.a(_writebuf.o)
 .debug_ranges  0x000004e8       0x50 /usr/local/mcuxpressoide-11.9.1_2170/ide/plugins/com.nxp.mcuxpresso.tools.linux_11.9.1.202402080819/tools/bin/../lib/gcc/arm-none-eabi/12.3.1/../../../../arm-none-eabi/lib/thumb/v6-m/nofp/libcr_c.a(alloc.o)
 .debug_ranges  0x00000538       0x10 /usr/local/mcuxpressoide-11.9.1_2170/ide/plugins/com.nxp.mcuxpresso.tools.linux_11.9.1.202402080819/tools/bin/../lib/gcc/arm-none-eabi/12.3.1/../../../../arm-none-eabi/lib/thumb/v6-m/nofp/libcr_c.a(fseek.o)
 .debug_ranges  0x00000548       0x10 /usr/local/mcuxpressoide-11.9.1_2170/ide/plugins/com.nxp.mcuxpresso.tools.linux_11.9.1.202402080819/tools/bin/../lib/gcc/arm-none-eabi/12.3.1/../../../../arm-none-eabi/lib/thumb/v6-m/nofp/libcr_c.a(ftell.o)
 .debug_ranges  0x00000558       0x38 /usr/local/mcuxpressoide-11.9.1_2170/ide/plugins/com.nxp.mcuxpresso.tools.linux_11.9.1.202402080819/tools/bin/../lib/gcc/arm-none-eabi/12.3.1/../../../../arm-none-eabi/lib/thumb/v6-m/nofp/libcr_c.a(initio.o)
 .debug_ranges  0x00000590       0x10 /usr/local/mcuxpressoide-11.9.1_2170/ide/plugins/com.nxp.mcuxpresso.tools.linux_11.9.1.202402080819/tools/bin/../lib/gcc/arm-none-eabi/12.3.1/../../../../arm-none-eabi/lib/thumb/v6-m/nofp/libcr_c.a(setvbuf.o)
 .debug_ranges  0x000005a0       0x28 /usr/local/mcuxpressoide-11.9.1_2170/ide/plugins/com.nxp.mcuxpresso.tools.linux_11.9.1.202402080819/tools/bin/../lib/gcc/arm-none-eabi/12.3.1/../../../../arm-none-eabi/lib/thumb/v6-m/nofp/libcr_c.a(strlen.o)
 .debug_ranges  0x000005c8       0x10 /usr/local/mcuxpressoide-11.9.1_2170/ide/plugins/com.nxp.mcuxpresso.tools.linux_11.9.1.202402080819/tools/bin/../lib/gcc/arm-none-eabi/12.3.1/../../../../arm-none-eabi/lib/thumb/v6-m/nofp/libcr_c.a(_fdopen.o)
 .debug_ranges  0x000005d8       0x10 /usr/local/mcuxpressoide-11.9.1_2170/ide/plugins/com.nxp.mcuxpresso.tools.linux_11.9.1.202402080819/tools/bin/../lib/gcc/arm-none-eabi/12.3.1/../../../../arm-none-eabi/lib/thumb/v6-m/nofp/libcr_c.a(fclose.o)
 .debug_ranges  0x000005e8       0x28 /usr/local/mcuxpressoide-11.9.1_2170/ide/plugins/com.nxp.mcuxpresso.tools.linux_11.9.1.202402080819/tools/bin/../lib/gcc/arm-none-eabi/12.3.1/../../../../arm-none-eabi/lib/thumb/v6-m/nofp/libcr_c.a(fflush.o)
 .debug_ranges  0x00000610       0x18 /usr/local/mcuxpressoide-11.9.1_2170/ide/plugins/com.nxp.mcuxpresso.tools.linux_11.9.1.202402080819/tools/bin/../lib/gcc/arm-none-eabi/12.3.1/../../../../arm-none-eabi/lib/thumb/v6-m/nofp/libcr_c.a(remove.o)
 .debug_ranges  0x00000628       0x28 /usr/local/mcuxpressoide-11.9.1_2170/ide/plugins/com.nxp.mcuxpresso.tools.linux_11.9.1.202402080819/tools/bin/../lib/gcc/arm-none-eabi/12.3.1/../../../../arm-none-eabi/lib/thumb/v6-m/nofp/libcr_c.a(_do_fflush.o)
 .debug_ranges  0x00000650       0x10 /usr/local/mcuxpressoide-11.9.1_2170/ide/plugins/com.nxp.mcuxpresso.tools.linux_11.9.1.202402080819/tools/bin/../lib/gcc/arm-none-eabi/12.3.1/../../../../arm-none-eabi/lib/thumb/v6-m/nofp/libcr_nohost_nf.a(__sys_close.o)
 .debug_ranges  0x00000660       0x10 /usr/local/mcuxpressoide-11.9.1_2170/ide/plugins/com.nxp.mcuxpresso.tools.linux_11.9.1.202402080819/tools/bin/../lib/gcc/arm-none-eabi/12.3.1/../../../../arm-none-eabi/lib/thumb/v6-m/nofp/libcr_nohost_nf.a(__sys_flen.o)
 .debug_ranges  0x00000670       0x10 /usr/local/mcuxpressoide-11.9.1_2170/ide/plugins/com.nxp.mcuxpresso.tools.linux_11.9.1.202402080819/tools/bin/../lib/gcc/arm-none-eabi/12.3.1/../../../../arm-none-eabi/lib/thumb/v6-m/nofp/libcr_nohost_nf.a(__sys_istty.o)
 .debug_ranges  0x00000680       0x10 /usr/local/mcuxpressoide-11.9.1_2170/ide/plugins/com.nxp.mcuxpresso.tools.linux_11.9.1.202402080819/tools/bin/../lib/gcc/arm-none-eabi/12.3.1/../../../../arm-none-eabi/lib/thumb/v6-m/nofp/libcr_nohost_nf.a(__sys_remove.o)
 .debug_ranges  0x00000690       0x10 /usr/local/mcuxpressoide-11.9.1_2170/ide/plugins/com.nxp.mcuxpresso.tools.linux_11.9.1.202402080819/tools/bin/../lib/gcc/arm-none-eabi/12.3.1/../../../../arm-none-eabi/lib/thumb/v6-m/nofp/libcr_nohost_nf.a(__sys_seek.o)
 .debug_ranges  0x000006a0       0x10 /usr/local/mcuxpressoide-11.9.1_2170/ide/plugins/com.nxp.mcuxpresso.tools.linux_11.9.1.202402080819/tools/bin/../lib/gcc/arm-none-eabi/12.3.1/../../../../arm-none-eabi/lib/thumb/v6-m/nofp/libcr_nohost_nf.a(__sys_tmpnam.o)
 .debug_ranges  0x000006b0       0x10 /usr/local/mcuxpressoide-11.9.1_2170/ide/plugins/com.nxp.mcuxpresso.tools.linux_11.9.1.202402080819/tools/bin/../lib/gcc/arm-none-eabi/12.3.1/../../../../arm-none-eabi/lib/thumb/v6-m/nofp/libcr_nohost_nf.a(__sys_write.o)

.debug_line     0x00000000     0x416d
 .debug_line    0x00000000      0x310 ./startup/startup_mkl46z4.o
 .debug_line    0x00000310      0x1da ./source/peripheral/button.o
 .debug_line    0x000004ea      0x1f8 ./source/peripheral/led.o
 .debug_line    0x000006e2      0x1cb ./source/driver/gpio.o
 .debug_line    0x000008ad      0x17e ./source/driver/port.o
 .debug_line    0x00000a2b       0xd2 ./source/main.o
 .debug_line    0x00000afd       0x30 ./source/mtb.o
 .debug_line    0x00000b2d       0x59 ./source/semihost_hardfault.o
 .debug_line    0x00000b86      0xd0e ./drivers/fsl_lpsci.o
 .debug_line    0x00001894      0xd03 ./drivers/fsl_uart.o
 .debug_line    0x00002597      0x22c ./CMSIS/system_MKL46Z4.o
 .debug_line    0x000027c3       0xcd /usr/local/mcuxpressoide-11.9.1_2170/ide/plugins/com.nxp.mcuxpresso.tools.linux_11.9.1.202402080819/tools/bin/../lib/gcc/arm-none-eabi/12.3.1/../../../../arm-none-eabi/lib/thumb/v6-m/nofp/libcr_nohost_nf.a(_cr__main.o)
 .debug_line    0x00002890       0xf2 /usr/local/mcuxpressoide-11.9.1_2170/ide/plugins/com.nxp.mcuxpresso.tools.linux_11.9.1.202402080819/tools/bin/../lib/gcc/arm-none-eabi/12.3.1/../../../../arm-none-eabi/lib/thumb/v6-m/nofp/libcr_nohost_nf.a(__ciob.o)
 .debug_line    0x00002982       0x82 /usr/local/mcuxpressoide-11.9.1_2170/ide/plugins/com.nxp.mcuxpresso.tools.linux_11.9.1.202402080819/tools/bin/../lib/gcc/arm-none-eabi/12.3.1/../../../../arm-none-eabi/lib/thumb/v6-m/nofp/libcr_c.a(memset.o)
 .debug_line    0x00002a04      0x305 /usr/local/mcuxpressoide-11.9.1_2170/ide/plugins/com.nxp.mcuxpresso.tools.linux_11.9.1.202402080819/tools/bin/../lib/gcc/arm-none-eabi/12.3.1/../../../../arm-none-eabi/lib/thumb/v6-m/nofp/libcr_c.a(_deferredlazyseek.o)
 .debug_line    0x00002d09      0x11f /usr/local/mcuxpressoide-11.9.1_2170/ide/plugins/com.nxp.mcuxpresso.tools.linux_11.9.1.202402080819/tools/bin/../lib/gcc/arm-none-eabi/12.3.1/../../../../arm-none-eabi/lib/thumb/v6-m/nofp/libcr_c.a(_fflush.o)
 .debug_line    0x00002e28      0x139 /usr/local/mcuxpressoide-11.9.1_2170/ide/plugins/com.nxp.mcuxpresso.tools.linux_11.9.1.202402080819/tools/bin/../lib/gcc/arm-none-eabi/12.3.1/../../../../arm-none-eabi/lib/thumb/v6-m/nofp/libcr_c.a(_writebuf.o)
 .debug_line    0x00002f61      0x3db /usr/local/mcuxpressoide-11.9.1_2170/ide/plugins/com.nxp.mcuxpresso.tools.linux_11.9.1.202402080819/tools/bin/../lib/gcc/arm-none-eabi/12.3.1/../../../../arm-none-eabi/lib/thumb/v6-m/nofp/libcr_c.a(alloc.o)
 .debug_line    0x0000333c      0x242 /usr/local/mcuxpressoide-11.9.1_2170/ide/plugins/com.nxp.mcuxpresso.tools.linux_11.9.1.202402080819/tools/bin/../lib/gcc/arm-none-eabi/12.3.1/../../../../arm-none-eabi/lib/thumb/v6-m/nofp/libcr_c.a(fseek.o)
 .debug_line    0x0000357e      0x10c /usr/local/mcuxpressoide-11.9.1_2170/ide/plugins/com.nxp.mcuxpresso.tools.linux_11.9.1.202402080819/tools/bin/../lib/gcc/arm-none-eabi/12.3.1/../../../../arm-none-eabi/lib/thumb/v6-m/nofp/libcr_c.a(ftell.o)
 .debug_line    0x0000368a      0x126 /usr/local/mcuxpressoide-11.9.1_2170/ide/plugins/com.nxp.mcuxpresso.tools.linux_11.9.1.202402080819/tools/bin/../lib/gcc/arm-none-eabi/12.3.1/../../../../arm-none-eabi/lib/thumb/v6-m/nofp/libcr_c.a(initio.o)
 .debug_line    0x000037b0       0xf7 /usr/local/mcuxpressoide-11.9.1_2170/ide/plugins/com.nxp.mcuxpresso.tools.linux_11.9.1.202402080819/tools/bin/../lib/gcc/arm-none-eabi/12.3.1/../../../../arm-none-eabi/lib/thumb/v6-m/nofp/libcr_c.a(setvbuf.o)
 .debug_line    0x000038a7      0x11b /usr/local/mcuxpressoide-11.9.1_2170/ide/plugins/com.nxp.mcuxpresso.tools.linux_11.9.1.202402080819/tools/bin/../lib/gcc/arm-none-eabi/12.3.1/../../../../arm-none-eabi/lib/thumb/v6-m/nofp/libcr_c.a(strlen.o)
 .debug_line    0x000039c2      0x15f /usr/local/mcuxpressoide-11.9.1_2170/ide/plugins/com.nxp.mcuxpresso.tools.linux_11.9.1.202402080819/tools/bin/../lib/gcc/arm-none-eabi/12.3.1/../../../../arm-none-eabi/lib/thumb/v6-m/nofp/libcr_c.a(_fdopen.o)
 .debug_line    0x00003b21       0x4e /usr/local/mcuxpressoide-11.9.1_2170/ide/plugins/com.nxp.mcuxpresso.tools.linux_11.9.1.202402080819/tools/bin/../lib/gcc/arm-none-eabi/12.3.1/../../../../arm-none-eabi/lib/thumb/v6-m/nofp/libcr_c.a(errno.o)
 .debug_line    0x00003b6f      0x107 /usr/local/mcuxpressoide-11.9.1_2170/ide/plugins/com.nxp.mcuxpresso.tools.linux_11.9.1.202402080819/tools/bin/../lib/gcc/arm-none-eabi/12.3.1/../../../../arm-none-eabi/lib/thumb/v6-m/nofp/libcr_c.a(fclose.o)
 .debug_line    0x00003c76       0xcf /usr/local/mcuxpressoide-11.9.1_2170/ide/plugins/com.nxp.mcuxpresso.tools.linux_11.9.1.202402080819/tools/bin/../lib/gcc/arm-none-eabi/12.3.1/../../../../arm-none-eabi/lib/thumb/v6-m/nofp/libcr_c.a(fflush.o)
 .debug_line    0x00003d45       0xe2 /usr/local/mcuxpressoide-11.9.1_2170/ide/plugins/com.nxp.mcuxpresso.tools.linux_11.9.1.202402080819/tools/bin/../lib/gcc/arm-none-eabi/12.3.1/../../../../arm-none-eabi/lib/thumb/v6-m/nofp/libcr_c.a(remove.o)
 .debug_line    0x00003e27      0x118 /usr/local/mcuxpressoide-11.9.1_2170/ide/plugins/com.nxp.mcuxpresso.tools.linux_11.9.1.202402080819/tools/bin/../lib/gcc/arm-none-eabi/12.3.1/../../../../arm-none-eabi/lib/thumb/v6-m/nofp/libcr_c.a(_do_fflush.o)
 .debug_line    0x00003f3f       0x50 /usr/local/mcuxpressoide-11.9.1_2170/ide/plugins/com.nxp.mcuxpresso.tools.linux_11.9.1.202402080819/tools/bin/../lib/gcc/arm-none-eabi/12.3.1/../../../../arm-none-eabi/lib/thumb/v6-m/nofp/libcr_nohost_nf.a(__sys_close.o)
 .debug_line    0x00003f8f       0x4f /usr/local/mcuxpressoide-11.9.1_2170/ide/plugins/com.nxp.mcuxpresso.tools.linux_11.9.1.202402080819/tools/bin/../lib/gcc/arm-none-eabi/12.3.1/../../../../arm-none-eabi/lib/thumb/v6-m/nofp/libcr_nohost_nf.a(__sys_flen.o)
 .debug_line    0x00003fde       0x50 /usr/local/mcuxpressoide-11.9.1_2170/ide/plugins/com.nxp.mcuxpresso.tools.linux_11.9.1.202402080819/tools/bin/../lib/gcc/arm-none-eabi/12.3.1/../../../../arm-none-eabi/lib/thumb/v6-m/nofp/libcr_nohost_nf.a(__sys_istty.o)
 .debug_line    0x0000402e       0x51 /usr/local/mcuxpressoide-11.9.1_2170/ide/plugins/com.nxp.mcuxpresso.tools.linux_11.9.1.202402080819/tools/bin/../lib/gcc/arm-none-eabi/12.3.1/../../../../arm-none-eabi/lib/thumb/v6-m/nofp/libcr_nohost_nf.a(__sys_remove.o)
 .debug_line    0x0000407f       0x4f /usr/local/mcuxpressoide-11.9.1_2170/ide/plugins/com.nxp.mcuxpresso.tools.linux_11.9.1.202402080819/tools/bin/../lib/gcc/arm-none-eabi/12.3.1/../../../../arm-none-eabi/lib/thumb/v6-m/nofp/libcr_nohost_nf.a(__sys_seek.o)
 .debug_line    0x000040ce       0x51 /usr/local/mcuxpressoide-11.9.1_2170/ide/plugins/com.nxp.mcuxpresso.tools.linux_11.9.1.202402080819/tools/bin/../lib/gcc/arm-none-eabi/12.3.1/../../../../arm-none-eabi/lib/thumb/v6-m/nofp/libcr_nohost_nf.a(__sys_tmpnam.o)
 .debug_line    0x0000411f       0x4e /usr/local/mcuxpressoide-11.9.1_2170/ide/plugins/com.nxp.mcuxpresso.tools.linux_11.9.1.202402080819/tools/bin/../lib/gcc/arm-none-eabi/12.3.1/../../../../arm-none-eabi/lib/thumb/v6-m/nofp/libcr_nohost_nf.a(__sys_write.o)

.debug_str      0x00000000     0x2cc7
 .debug_str     0x00000000      0x4be ./startup/startup_mkl46z4.o
                                0x4d1 (size before relaxing)
 .debug_str     0x000004be      0x350 ./source/peripheral/button.o
                                0x4a7 (size before relaxing)
 .debug_str     0x0000080e       0x83 ./source/peripheral/led.o
                                0x2b1 (size before relaxing)
 .debug_str     0x00000891       0xff ./source/driver/gpio.o
                                0x324 (size before relaxing)
 .debug_str     0x00000990       0x18 ./source/driver/port.o
                                0x236 (size before relaxing)
 .debug_str     0x000009a8       0x11 ./source/main.o
                                0x1f5 (size before relaxing)
 .debug_str     0x000009b9       0x1f ./source/mtb.o
                                0x159 (size before relaxing)
 .debug_str     0x000009d8       0x1f ./source/semihost_hardfault.o
                                0x159 (size before relaxing)
 .debug_str     0x000009f7     0x12ed ./drivers/fsl_lpsci.o
                               0x1705 (size before relaxing)
 .debug_str     0x00001ce4      0x969 ./drivers/fsl_uart.o
                               0x170c (size before relaxing)
 .debug_str     0x0000264d       0x78 ./CMSIS/system_MKL46Z4.o
                                0x314 (size before relaxing)
 .debug_str     0x000026c5      0x129 /usr/local/mcuxpressoide-11.9.1_2170/ide/plugins/com.nxp.mcuxpresso.tools.linux_11.9.1.202402080819/tools/bin/../lib/gcc/arm-none-eabi/12.3.1/../../../../arm-none-eabi/lib/thumb/v6-m/nofp/libcr_nohost_nf.a(_cr__main.o)
                                0x16e (size before relaxing)
 .debug_str     0x000027ee       0xbb /usr/local/mcuxpressoide-11.9.1_2170/ide/plugins/com.nxp.mcuxpresso.tools.linux_11.9.1.202402080819/tools/bin/../lib/gcc/arm-none-eabi/12.3.1/../../../../arm-none-eabi/lib/thumb/v6-m/nofp/libcr_nohost_nf.a(__ciob.o)
                                0x206 (size before relaxing)
 .debug_str     0x000028a9       0x78 /usr/local/mcuxpressoide-11.9.1_2170/ide/plugins/com.nxp.mcuxpresso.tools.linux_11.9.1.202402080819/tools/bin/../lib/gcc/arm-none-eabi/12.3.1/../../../../arm-none-eabi/lib/thumb/v6-m/nofp/libcr_c.a(memset.o)
                                0x16e (size before relaxing)
 .debug_str     0x00002921       0x6b /usr/local/mcuxpressoide-11.9.1_2170/ide/plugins/com.nxp.mcuxpresso.tools.linux_11.9.1.202402080819/tools/bin/../lib/gcc/arm-none-eabi/12.3.1/../../../../arm-none-eabi/lib/thumb/v6-m/nofp/libcr_c.a(_deferredlazyseek.o)
                                0x265 (size before relaxing)
 .debug_str     0x0000298c       0x11 /usr/local/mcuxpressoide-11.9.1_2170/ide/plugins/com.nxp.mcuxpresso.tools.linux_11.9.1.202402080819/tools/bin/../lib/gcc/arm-none-eabi/12.3.1/../../../../arm-none-eabi/lib/thumb/v6-m/nofp/libcr_c.a(_fflush.o)
                                0x217 (size before relaxing)
 .debug_str     0x0000299d       0x35 /usr/local/mcuxpressoide-11.9.1_2170/ide/plugins/com.nxp.mcuxpresso.tools.linux_11.9.1.202402080819/tools/bin/../lib/gcc/arm-none-eabi/12.3.1/../../../../arm-none-eabi/lib/thumb/v6-m/nofp/libcr_c.a(_writebuf.o)
                                0x231 (size before relaxing)
 .debug_str     0x000029d2       0x91 /usr/local/mcuxpressoide-11.9.1_2170/ide/plugins/com.nxp.mcuxpresso.tools.linux_11.9.1.202402080819/tools/bin/../lib/gcc/arm-none-eabi/12.3.1/../../../../arm-none-eabi/lib/thumb/v6-m/nofp/libcr_c.a(alloc.o)
                                0x20e (size before relaxing)
 .debug_str     0x00002a63       0x33 /usr/local/mcuxpressoide-11.9.1_2170/ide/plugins/com.nxp.mcuxpresso.tools.linux_11.9.1.202402080819/tools/bin/../lib/gcc/arm-none-eabi/12.3.1/../../../../arm-none-eabi/lib/thumb/v6-m/nofp/libcr_c.a(fseek.o)
                                0x23c (size before relaxing)
 .debug_str     0x00002a96       0x15 /usr/local/mcuxpressoide-11.9.1_2170/ide/plugins/com.nxp.mcuxpresso.tools.linux_11.9.1.202402080819/tools/bin/../lib/gcc/arm-none-eabi/12.3.1/../../../../arm-none-eabi/lib/thumb/v6-m/nofp/libcr_c.a(ftell.o)
                                0x202 (size before relaxing)
 .debug_str     0x00002aab       0x34 /usr/local/mcuxpressoide-11.9.1_2170/ide/plugins/com.nxp.mcuxpresso.tools.linux_11.9.1.202402080819/tools/bin/../lib/gcc/arm-none-eabi/12.3.1/../../../../arm-none-eabi/lib/thumb/v6-m/nofp/libcr_c.a(initio.o)
                                0x242 (size before relaxing)
 .debug_str     0x00002adf       0x16 /usr/local/mcuxpressoide-11.9.1_2170/ide/plugins/com.nxp.mcuxpresso.tools.linux_11.9.1.202402080819/tools/bin/../lib/gcc/arm-none-eabi/12.3.1/../../../../arm-none-eabi/lib/thumb/v6-m/nofp/libcr_c.a(setvbuf.o)
                                0x221 (size before relaxing)
 .debug_str     0x00002af5       0x2d /usr/local/mcuxpressoide-11.9.1_2170/ide/plugins/com.nxp.mcuxpresso.tools.linux_11.9.1.202402080819/tools/bin/../lib/gcc/arm-none-eabi/12.3.1/../../../../arm-none-eabi/lib/thumb/v6-m/nofp/libcr_c.a(strlen.o)
                                0x168 (size before relaxing)
 .debug_str     0x00002b22       0x1a /usr/local/mcuxpressoide-11.9.1_2170/ide/plugins/com.nxp.mcuxpresso.tools.linux_11.9.1.202402080819/tools/bin/../lib/gcc/arm-none-eabi/12.3.1/../../../../arm-none-eabi/lib/thumb/v6-m/nofp/libcr_c.a(_fdopen.o)
                                0x21e (size before relaxing)
 .debug_str     0x00002b3c        0xf /usr/local/mcuxpressoide-11.9.1_2170/ide/plugins/com.nxp.mcuxpresso.tools.linux_11.9.1.202402080819/tools/bin/../lib/gcc/arm-none-eabi/12.3.1/../../../../arm-none-eabi/lib/thumb/v6-m/nofp/libcr_c.a(errno.o)
                                0x119 (size before relaxing)
 .debug_str     0x00002b4b       0x29 /usr/local/mcuxpressoide-11.9.1_2170/ide/plugins/com.nxp.mcuxpresso.tools.linux_11.9.1.202402080819/tools/bin/../lib/gcc/arm-none-eabi/12.3.1/../../../../arm-none-eabi/lib/thumb/v6-m/nofp/libcr_c.a(fclose.o)
                                0x24c (size before relaxing)
 .debug_str     0x00002b74       0x1b /usr/local/mcuxpressoide-11.9.1_2170/ide/plugins/com.nxp.mcuxpresso.tools.linux_11.9.1.202402080819/tools/bin/../lib/gcc/arm-none-eabi/12.3.1/../../../../arm-none-eabi/lib/thumb/v6-m/nofp/libcr_c.a(fflush.o)
                                0x223 (size before relaxing)
 .debug_str     0x00002b8f       0x51 /usr/local/mcuxpressoide-11.9.1_2170/ide/plugins/com.nxp.mcuxpresso.tools.linux_11.9.1.202402080819/tools/bin/../lib/gcc/arm-none-eabi/12.3.1/../../../../arm-none-eabi/lib/thumb/v6-m/nofp/libcr_c.a(remove.o)
                                0x1c1 (size before relaxing)
 .debug_str     0x00002be0       0x14 /usr/local/mcuxpressoide-11.9.1_2170/ide/plugins/com.nxp.mcuxpresso.tools.linux_11.9.1.202402080819/tools/bin/../lib/gcc/arm-none-eabi/12.3.1/../../../../arm-none-eabi/lib/thumb/v6-m/nofp/libcr_c.a(_do_fflush.o)
                                0x22d (size before relaxing)
 .debug_str     0x00002bf4       0x21 /usr/local/mcuxpressoide-11.9.1_2170/ide/plugins/com.nxp.mcuxpresso.tools.linux_11.9.1.202402080819/tools/bin/../lib/gcc/arm-none-eabi/12.3.1/../../../../arm-none-eabi/lib/thumb/v6-m/nofp/libcr_nohost_nf.a(__sys_close.o)
                                0x13b (size before relaxing)
 .debug_str     0x00002c15       0x14 /usr/local/mcuxpressoide-11.9.1_2170/ide/plugins/com.nxp.mcuxpresso.tools.linux_11.9.1.202402080819/tools/bin/../lib/gcc/arm-none-eabi/12.3.1/../../../../arm-none-eabi/lib/thumb/v6-m/nofp/libcr_nohost_nf.a(__sys_flen.o)
                                0x134 (size before relaxing)
 .debug_str     0x00002c29       0x15 /usr/local/mcuxpressoide-11.9.1_2170/ide/plugins/com.nxp.mcuxpresso.tools.linux_11.9.1.202402080819/tools/bin/../lib/gcc/arm-none-eabi/12.3.1/../../../../arm-none-eabi/lib/thumb/v6-m/nofp/libcr_nohost_nf.a(__sys_istty.o)
                                0x136 (size before relaxing)
 .debug_str     0x00002c3e       0x21 /usr/local/mcuxpressoide-11.9.1_2170/ide/plugins/com.nxp.mcuxpresso.tools.linux_11.9.1.202402080819/tools/bin/../lib/gcc/arm-none-eabi/12.3.1/../../../../arm-none-eabi/lib/thumb/v6-m/nofp/libcr_nohost_nf.a(__sys_remove.o)
                                0x141 (size before relaxing)
 .debug_str     0x00002c5f       0x14 /usr/local/mcuxpressoide-11.9.1_2170/ide/plugins/com.nxp.mcuxpresso.tools.linux_11.9.1.202402080819/tools/bin/../lib/gcc/arm-none-eabi/12.3.1/../../../../arm-none-eabi/lib/thumb/v6-m/nofp/libcr_nohost_nf.a(__sys_seek.o)
                                0x134 (size before relaxing)
 .debug_str     0x00002c73       0x2e /usr/local/mcuxpressoide-11.9.1_2170/ide/plugins/com.nxp.mcuxpresso.tools.linux_11.9.1.202402080819/tools/bin/../lib/gcc/arm-none-eabi/12.3.1/../../../../arm-none-eabi/lib/thumb/v6-m/nofp/libcr_nohost_nf.a(__sys_tmpnam.o)
                                0x14e (size before relaxing)
 .debug_str     0x00002ca1       0x26 /usr/local/mcuxpressoide-11.9.1_2170/ide/plugins/com.nxp.mcuxpresso.tools.linux_11.9.1.202402080819/tools/bin/../lib/gcc/arm-none-eabi/12.3.1/../../../../arm-none-eabi/lib/thumb/v6-m/nofp/libcr_nohost_nf.a(__sys_write.o)
                                0x151 (size before relaxing)

.comment        0x00000000       0x45
 .comment       0x00000000       0x45 ./startup/startup_mkl46z4.o
                                 0x46 (size before relaxing)
 .comment       0x00000045       0x46 ./source/peripheral/button.o
 .comment       0x00000045       0x46 ./source/peripheral/led.o
 .comment       0x00000045       0x46 ./source/driver/gpio.o
 .comment       0x00000045       0x46 ./source/driver/port.o
 .comment       0x00000045       0x46 ./source/main.o
 .comment       0x00000045       0x46 ./source/mtb.o
 .comment       0x00000045       0x46 ./source/semihost_hardfault.o
 .comment       0x00000045       0x46 ./drivers/fsl_lpsci.o
 .comment       0x00000045       0x46 ./drivers/fsl_uart.o
 .comment       0x00000045       0x46 ./CMSIS/system_MKL46Z4.o
 .comment       0x00000045       0x46 /usr/local/mcuxpressoide-11.9.1_2170/ide/plugins/com.nxp.mcuxpresso.tools.linux_11.9.1.202402080819/tools/bin/../lib/gcc/arm-none-eabi/12.3.1/../../../../arm-none-eabi/lib/thumb/v6-m/nofp/libcr_nohost_nf.a(_cr__main.o)
 .comment       0x00000045       0x46 /usr/local/mcuxpressoide-11.9.1_2170/ide/plugins/com.nxp.mcuxpresso.tools.linux_11.9.1.202402080819/tools/bin/../lib/gcc/arm-none-eabi/12.3.1/../../../../arm-none-eabi/lib/thumb/v6-m/nofp/libcr_nohost_nf.a(__ciob.o)
 .comment       0x00000045       0x46 /usr/local/mcuxpressoide-11.9.1_2170/ide/plugins/com.nxp.mcuxpresso.tools.linux_11.9.1.202402080819/tools/bin/../lib/gcc/arm-none-eabi/12.3.1/../../../../arm-none-eabi/lib/thumb/v6-m/nofp/libcr_c.a(memset.o)
 .comment       0x00000045       0x46 /usr/local/mcuxpressoide-11.9.1_2170/ide/plugins/com.nxp.mcuxpresso.tools.linux_11.9.1.202402080819/tools/bin/../lib/gcc/arm-none-eabi/12.3.1/../../../../arm-none-eabi/lib/thumb/v6-m/nofp/libcr_c.a(_deferredlazyseek.o)
 .comment       0x00000045       0x46 /usr/local/mcuxpressoide-11.9.1_2170/ide/plugins/com.nxp.mcuxpresso.tools.linux_11.9.1.202402080819/tools/bin/../lib/gcc/arm-none-eabi/12.3.1/../../../../arm-none-eabi/lib/thumb/v6-m/nofp/libcr_c.a(_fflush.o)
 .comment       0x00000045       0x46 /usr/local/mcuxpressoide-11.9.1_2170/ide/plugins/com.nxp.mcuxpresso.tools.linux_11.9.1.202402080819/tools/bin/../lib/gcc/arm-none-eabi/12.3.1/../../../../arm-none-eabi/lib/thumb/v6-m/nofp/libcr_c.a(_writebuf.o)
 .comment       0x00000045       0x46 /usr/local/mcuxpressoide-11.9.1_2170/ide/plugins/com.nxp.mcuxpresso.tools.linux_11.9.1.202402080819/tools/bin/../lib/gcc/arm-none-eabi/12.3.1/../../../../arm-none-eabi/lib/thumb/v6-m/nofp/libcr_c.a(alloc.o)
 .comment       0x00000045       0x46 /usr/local/mcuxpressoide-11.9.1_2170/ide/plugins/com.nxp.mcuxpresso.tools.linux_11.9.1.202402080819/tools/bin/../lib/gcc/arm-none-eabi/12.3.1/../../../../arm-none-eabi/lib/thumb/v6-m/nofp/libcr_c.a(fseek.o)
 .comment       0x00000045       0x46 /usr/local/mcuxpressoide-11.9.1_2170/ide/plugins/com.nxp.mcuxpresso.tools.linux_11.9.1.202402080819/tools/bin/../lib/gcc/arm-none-eabi/12.3.1/../../../../arm-none-eabi/lib/thumb/v6-m/nofp/libcr_c.a(ftell.o)
 .comment       0x00000045       0x46 /usr/local/mcuxpressoide-11.9.1_2170/ide/plugins/com.nxp.mcuxpresso.tools.linux_11.9.1.202402080819/tools/bin/../lib/gcc/arm-none-eabi/12.3.1/../../../../arm-none-eabi/lib/thumb/v6-m/nofp/libcr_c.a(initio.o)
 .comment       0x00000045       0x46 /usr/local/mcuxpressoide-11.9.1_2170/ide/plugins/com.nxp.mcuxpresso.tools.linux_11.9.1.202402080819/tools/bin/../lib/gcc/arm-none-eabi/12.3.1/../../../../arm-none-eabi/lib/thumb/v6-m/nofp/libcr_c.a(setvbuf.o)
 .comment       0x00000045       0x46 /usr/local/mcuxpressoide-11.9.1_2170/ide/plugins/com.nxp.mcuxpresso.tools.linux_11.9.1.202402080819/tools/bin/../lib/gcc/arm-none-eabi/12.3.1/../../../../arm-none-eabi/lib/thumb/v6-m/nofp/libcr_c.a(strlen.o)
 .comment       0x00000045       0x46 /usr/local/mcuxpressoide-11.9.1_2170/ide/plugins/com.nxp.mcuxpresso.tools.linux_11.9.1.202402080819/tools/bin/../lib/gcc/arm-none-eabi/12.3.1/../../../../arm-none-eabi/lib/thumb/v6-m/nofp/libcr_c.a(_fdopen.o)
 .comment       0x00000045       0x46 /usr/local/mcuxpressoide-11.9.1_2170/ide/plugins/com.nxp.mcuxpresso.tools.linux_11.9.1.202402080819/tools/bin/../lib/gcc/arm-none-eabi/12.3.1/../../../../arm-none-eabi/lib/thumb/v6-m/nofp/libcr_c.a(errno.o)
 .comment       0x00000045       0x46 /usr/local/mcuxpressoide-11.9.1_2170/ide/plugins/com.nxp.mcuxpresso.tools.linux_11.9.1.202402080819/tools/bin/../lib/gcc/arm-none-eabi/12.3.1/../../../../arm-none-eabi/lib/thumb/v6-m/nofp/libcr_c.a(fclose.o)
 .comment       0x00000045       0x46 /usr/local/mcuxpressoide-11.9.1_2170/ide/plugins/com.nxp.mcuxpresso.tools.linux_11.9.1.202402080819/tools/bin/../lib/gcc/arm-none-eabi/12.3.1/../../../../arm-none-eabi/lib/thumb/v6-m/nofp/libcr_c.a(fflush.o)
 .comment       0x00000045       0x46 /usr/local/mcuxpressoide-11.9.1_2170/ide/plugins/com.nxp.mcuxpresso.tools.linux_11.9.1.202402080819/tools/bin/../lib/gcc/arm-none-eabi/12.3.1/../../../../arm-none-eabi/lib/thumb/v6-m/nofp/libcr_c.a(remove.o)
 .comment       0x00000045       0x46 /usr/local/mcuxpressoide-11.9.1_2170/ide/plugins/com.nxp.mcuxpresso.tools.linux_11.9.1.202402080819/tools/bin/../lib/gcc/arm-none-eabi/12.3.1/../../../../arm-none-eabi/lib/thumb/v6-m/nofp/libcr_c.a(_do_fflush.o)
 .comment       0x00000045       0x46 /usr/local/mcuxpressoide-11.9.1_2170/ide/plugins/com.nxp.mcuxpresso.tools.linux_11.9.1.202402080819/tools/bin/../lib/gcc/arm-none-eabi/12.3.1/../../../../arm-none-eabi/lib/thumb/v6-m/nofp/libcr_nohost_nf.a(__sys_close.o)
 .comment       0x00000045       0x46 /usr/local/mcuxpressoide-11.9.1_2170/ide/plugins/com.nxp.mcuxpresso.tools.linux_11.9.1.202402080819/tools/bin/../lib/gcc/arm-none-eabi/12.3.1/../../../../arm-none-eabi/lib/thumb/v6-m/nofp/libcr_nohost_nf.a(__sys_flen.o)
 .comment       0x00000045       0x46 /usr/local/mcuxpressoide-11.9.1_2170/ide/plugins/com.nxp.mcuxpresso.tools.linux_11.9.1.202402080819/tools/bin/../lib/gcc/arm-none-eabi/12.3.1/../../../../arm-none-eabi/lib/thumb/v6-m/nofp/libcr_nohost_nf.a(__sys_istty.o)
 .comment       0x00000045       0x46 /usr/local/mcuxpressoide-11.9.1_2170/ide/plugins/com.nxp.mcuxpresso.tools.linux_11.9.1.202402080819/tools/bin/../lib/gcc/arm-none-eabi/12.3.1/../../../../arm-none-eabi/lib/thumb/v6-m/nofp/libcr_nohost_nf.a(__sys_remove.o)
 .comment       0x00000045       0x46 /usr/local/mcuxpressoide-11.9.1_2170/ide/plugins/com.nxp.mcuxpresso.tools.linux_11.9.1.202402080819/tools/bin/../lib/gcc/arm-none-eabi/12.3.1/../../../../arm-none-eabi/lib/thumb/v6-m/nofp/libcr_nohost_nf.a(__sys_seek.o)
 .comment       0x00000045       0x46 /usr/local/mcuxpressoide-11.9.1_2170/ide/plugins/com.nxp.mcuxpresso.tools.linux_11.9.1.202402080819/tools/bin/../lib/gcc/arm-none-eabi/12.3.1/../../../../arm-none-eabi/lib/thumb/v6-m/nofp/libcr_nohost_nf.a(__sys_tmpnam.o)
 .comment       0x00000045       0x46 /usr/local/mcuxpressoide-11.9.1_2170/ide/plugins/com.nxp.mcuxpresso.tools.linux_11.9.1.202402080819/tools/bin/../lib/gcc/arm-none-eabi/12.3.1/../../../../arm-none-eabi/lib/thumb/v6-m/nofp/libcr_nohost_nf.a(__sys_write.o)

.ARM.attributes
                0x00000000       0x2a
 .ARM.attributes
                0x00000000       0x2c ./startup/startup_mkl46z4.o
 .ARM.attributes
                0x0000002c       0x2c ./source/peripheral/button.o
 .ARM.attributes
                0x00000058       0x2c ./source/peripheral/led.o
 .ARM.attributes
                0x00000084       0x2c ./source/driver/gpio.o
 .ARM.attributes
                0x000000b0       0x2c ./source/driver/port.o
 .ARM.attributes
                0x000000dc       0x2c ./source/main.o
 .ARM.attributes
                0x00000108       0x2c ./source/mtb.o
 .ARM.attributes
                0x00000134       0x2c ./source/semihost_hardfault.o
 .ARM.attributes
                0x00000160       0x2c ./drivers/fsl_lpsci.o
 .ARM.attributes
                0x0000018c       0x2c ./drivers/fsl_uart.o
 .ARM.attributes
                0x000001b8       0x2c ./CMSIS/system_MKL46Z4.o
 .ARM.attributes
                0x000001e4       0x2c /usr/local/mcuxpressoide-11.9.1_2170/ide/plugins/com.nxp.mcuxpresso.tools.linux_11.9.1.202402080819/tools/bin/../lib/gcc/arm-none-eabi/12.3.1/../../../../arm-none-eabi/lib/thumb/v6-m/nofp/libcr_nohost_nf.a(_cr__main.o)
 .ARM.attributes
                0x00000210       0x2c /usr/local/mcuxpressoide-11.9.1_2170/ide/plugins/com.nxp.mcuxpresso.tools.linux_11.9.1.202402080819/tools/bin/../lib/gcc/arm-none-eabi/12.3.1/../../../../arm-none-eabi/lib/thumb/v6-m/nofp/libcr_nohost_nf.a(__ciob.o)
 .ARM.attributes
                0x0000023c       0x2c /usr/local/mcuxpressoide-11.9.1_2170/ide/plugins/com.nxp.mcuxpresso.tools.linux_11.9.1.202402080819/tools/bin/../lib/gcc/arm-none-eabi/12.3.1/../../../../arm-none-eabi/lib/thumb/v6-m/nofp/libcr_c.a(memset.o)
 .ARM.attributes
                0x00000268       0x2c /usr/local/mcuxpressoide-11.9.1_2170/ide/plugins/com.nxp.mcuxpresso.tools.linux_11.9.1.202402080819/tools/bin/../lib/gcc/arm-none-eabi/12.3.1/../../../../arm-none-eabi/lib/thumb/v6-m/nofp/libcr_c.a(_deferredlazyseek.o)
 .ARM.attributes
                0x00000294       0x2c /usr/local/mcuxpressoide-11.9.1_2170/ide/plugins/com.nxp.mcuxpresso.tools.linux_11.9.1.202402080819/tools/bin/../lib/gcc/arm-none-eabi/12.3.1/../../../../arm-none-eabi/lib/thumb/v6-m/nofp/libcr_c.a(_fflush.o)
 .ARM.attributes
                0x000002c0       0x2c /usr/local/mcuxpressoide-11.9.1_2170/ide/plugins/com.nxp.mcuxpresso.tools.linux_11.9.1.202402080819/tools/bin/../lib/gcc/arm-none-eabi/12.3.1/../../../../arm-none-eabi/lib/thumb/v6-m/nofp/libcr_c.a(_writebuf.o)
 .ARM.attributes
                0x000002ec       0x2c /usr/local/mcuxpressoide-11.9.1_2170/ide/plugins/com.nxp.mcuxpresso.tools.linux_11.9.1.202402080819/tools/bin/../lib/gcc/arm-none-eabi/12.3.1/../../../../arm-none-eabi/lib/thumb/v6-m/nofp/libcr_c.a(alloc.o)
 .ARM.attributes
                0x00000318       0x2c /usr/local/mcuxpressoide-11.9.1_2170/ide/plugins/com.nxp.mcuxpresso.tools.linux_11.9.1.202402080819/tools/bin/../lib/gcc/arm-none-eabi/12.3.1/../../../../arm-none-eabi/lib/thumb/v6-m/nofp/libcr_c.a(fseek.o)
 .ARM.attributes
                0x00000344       0x2c /usr/local/mcuxpressoide-11.9.1_2170/ide/plugins/com.nxp.mcuxpresso.tools.linux_11.9.1.202402080819/tools/bin/../lib/gcc/arm-none-eabi/12.3.1/../../../../arm-none-eabi/lib/thumb/v6-m/nofp/libcr_c.a(ftell.o)
 .ARM.attributes
                0x00000370       0x2c /usr/local/mcuxpressoide-11.9.1_2170/ide/plugins/com.nxp.mcuxpresso.tools.linux_11.9.1.202402080819/tools/bin/../lib/gcc/arm-none-eabi/12.3.1/../../../../arm-none-eabi/lib/thumb/v6-m/nofp/libcr_c.a(initio.o)
 .ARM.attributes
                0x0000039c       0x2c /usr/local/mcuxpressoide-11.9.1_2170/ide/plugins/com.nxp.mcuxpresso.tools.linux_11.9.1.202402080819/tools/bin/../lib/gcc/arm-none-eabi/12.3.1/../../../../arm-none-eabi/lib/thumb/v6-m/nofp/libcr_c.a(setvbuf.o)
 .ARM.attributes
                0x000003c8       0x2c /usr/local/mcuxpressoide-11.9.1_2170/ide/plugins/com.nxp.mcuxpresso.tools.linux_11.9.1.202402080819/tools/bin/../lib/gcc/arm-none-eabi/12.3.1/../../../../arm-none-eabi/lib/thumb/v6-m/nofp/libcr_c.a(strlen.o)
 .ARM.attributes
                0x000003f4       0x2c /usr/local/mcuxpressoide-11.9.1_2170/ide/plugins/com.nxp.mcuxpresso.tools.linux_11.9.1.202402080819/tools/bin/../lib/gcc/arm-none-eabi/12.3.1/../../../../arm-none-eabi/lib/thumb/v6-m/nofp/libcr_c.a(_fdopen.o)
 .ARM.attributes
                0x00000420       0x2c /usr/local/mcuxpressoide-11.9.1_2170/ide/plugins/com.nxp.mcuxpresso.tools.linux_11.9.1.202402080819/tools/bin/../lib/gcc/arm-none-eabi/12.3.1/../../../../arm-none-eabi/lib/thumb/v6-m/nofp/libcr_c.a(errno.o)
 .ARM.attributes
                0x0000044c       0x2c /usr/local/mcuxpressoide-11.9.1_2170/ide/plugins/com.nxp.mcuxpresso.tools.linux_11.9.1.202402080819/tools/bin/../lib/gcc/arm-none-eabi/12.3.1/../../../../arm-none-eabi/lib/thumb/v6-m/nofp/libcr_c.a(fclose.o)
 .ARM.attributes
                0x00000478       0x2c /usr/local/mcuxpressoide-11.9.1_2170/ide/plugins/com.nxp.mcuxpresso.tools.linux_11.9.1.202402080819/tools/bin/../lib/gcc/arm-none-eabi/12.3.1/../../../../arm-none-eabi/lib/thumb/v6-m/nofp/libcr_c.a(fflush.o)
 .ARM.attributes
                0x000004a4       0x2c /usr/local/mcuxpressoide-11.9.1_2170/ide/plugins/com.nxp.mcuxpresso.tools.linux_11.9.1.202402080819/tools/bin/../lib/gcc/arm-none-eabi/12.3.1/../../../../arm-none-eabi/lib/thumb/v6-m/nofp/libcr_c.a(remove.o)
 .ARM.attributes
                0x000004d0       0x2c /usr/local/mcuxpressoide-11.9.1_2170/ide/plugins/com.nxp.mcuxpresso.tools.linux_11.9.1.202402080819/tools/bin/../lib/gcc/arm-none-eabi/12.3.1/../../../../arm-none-eabi/lib/thumb/v6-m/nofp/libcr_c.a(_do_fflush.o)
 .ARM.attributes
                0x000004fc       0x1c /usr/local/mcuxpressoide-11.9.1_2170/ide/plugins/com.nxp.mcuxpresso.tools.linux_11.9.1.202402080819/tools/bin/../lib/gcc/arm-none-eabi/12.3.1/thumb/v6-m/nofp/libcr_eabihelpers.a(memcpy.o)
 .ARM.attributes
                0x00000518       0x2c /usr/local/mcuxpressoide-11.9.1_2170/ide/plugins/com.nxp.mcuxpresso.tools.linux_11.9.1.202402080819/tools/bin/../lib/gcc/arm-none-eabi/12.3.1/../../../../arm-none-eabi/lib/thumb/v6-m/nofp/libcr_nohost_nf.a(__sys_close.o)
 .ARM.attributes
                0x00000544       0x2c /usr/local/mcuxpressoide-11.9.1_2170/ide/plugins/com.nxp.mcuxpresso.tools.linux_11.9.1.202402080819/tools/bin/../lib/gcc/arm-none-eabi/12.3.1/../../../../arm-none-eabi/lib/thumb/v6-m/nofp/libcr_nohost_nf.a(__sys_flen.o)
 .ARM.attributes
                0x00000570       0x2c /usr/local/mcuxpressoide-11.9.1_2170/ide/plugins/com.nxp.mcuxpresso.tools.linux_11.9.1.202402080819/tools/bin/../lib/gcc/arm-none-eabi/12.3.1/../../../../arm-none-eabi/lib/thumb/v6-m/nofp/libcr_nohost_nf.a(__sys_istty.o)
 .ARM.attributes
                0x0000059c       0x2c /usr/local/mcuxpressoide-11.9.1_2170/ide/plugins/com.nxp.mcuxpresso.tools.linux_11.9.1.202402080819/tools/bin/../lib/gcc/arm-none-eabi/12.3.1/../../../../arm-none-eabi/lib/thumb/v6-m/nofp/libcr_nohost_nf.a(__sys_remove.o)
 .ARM.attributes
                0x000005c8       0x2c /usr/local/mcuxpressoide-11.9.1_2170/ide/plugins/com.nxp.mcuxpresso.tools.linux_11.9.1.202402080819/tools/bin/../lib/gcc/arm-none-eabi/12.3.1/../../../../arm-none-eabi/lib/thumb/v6-m/nofp/libcr_nohost_nf.a(__sys_seek.o)
 .ARM.attributes
                0x000005f4       0x2c /usr/local/mcuxpressoide-11.9.1_2170/ide/plugins/com.nxp.mcuxpresso.tools.linux_11.9.1.202402080819/tools/bin/../lib/gcc/arm-none-eabi/12.3.1/../../../../arm-none-eabi/lib/thumb/v6-m/nofp/libcr_nohost_nf.a(__sys_tmpnam.o)
 .ARM.attributes
                0x00000620       0x2c /usr/local/mcuxpressoide-11.9.1_2170/ide/plugins/com.nxp.mcuxpresso.tools.linux_11.9.1.202402080819/tools/bin/../lib/gcc/arm-none-eabi/12.3.1/../../../../arm-none-eabi/lib/thumb/v6-m/nofp/libcr_nohost_nf.a(__sys_write.o)

.debug_frame    0x00000000     0x1374
 .debug_frame   0x00000000      0x3b0 ./startup/startup_mkl46z4.o
 .debug_frame   0x000003b0       0x4c ./source/peripheral/button.o
 .debug_frame   0x000003fc       0xa4 ./source/peripheral/led.o
 .debug_frame   0x000004a0       0xb0 ./source/driver/gpio.o
 .debug_frame   0x00000550       0x70 ./source/driver/port.o
 .debug_frame   0x000005c0       0x48 ./source/main.o
 .debug_frame   0x00000608       0x20 ./source/semihost_hardfault.o
 .debug_frame   0x00000628      0x414 ./drivers/fsl_lpsci.o
 .debug_frame   0x00000a3c      0x464 ./drivers/fsl_uart.o
 .debug_frame   0x00000ea0       0x68 ./CMSIS/system_MKL46Z4.o
 .debug_frame   0x00000f08       0x28 /usr/local/mcuxpressoide-11.9.1_2170/ide/plugins/com.nxp.mcuxpresso.tools.linux_11.9.1.202402080819/tools/bin/../lib/gcc/arm-none-eabi/12.3.1/../../../../arm-none-eabi/lib/thumb/v6-m/nofp/libcr_nohost_nf.a(_cr__main.o)
 .debug_frame   0x00000f30       0x28 /usr/local/mcuxpressoide-11.9.1_2170/ide/plugins/com.nxp.mcuxpresso.tools.linux_11.9.1.202402080819/tools/bin/../lib/gcc/arm-none-eabi/12.3.1/../../../../arm-none-eabi/lib/thumb/v6-m/nofp/libcr_c.a(memset.o)
 .debug_frame   0x00000f58       0x48 /usr/local/mcuxpressoide-11.9.1_2170/ide/plugins/com.nxp.mcuxpresso.tools.linux_11.9.1.202402080819/tools/bin/../lib/gcc/arm-none-eabi/12.3.1/../../../../arm-none-eabi/lib/thumb/v6-m/nofp/libcr_c.a(_deferredlazyseek.o)
 .debug_frame   0x00000fa0       0x2c /usr/local/mcuxpressoide-11.9.1_2170/ide/plugins/com.nxp.mcuxpresso.tools.linux_11.9.1.202402080819/tools/bin/../lib/gcc/arm-none-eabi/12.3.1/../../../../arm-none-eabi/lib/thumb/v6-m/nofp/libcr_c.a(_fflush.o)
 .debug_frame   0x00000fcc       0x34 /usr/local/mcuxpressoide-11.9.1_2170/ide/plugins/com.nxp.mcuxpresso.tools.linux_11.9.1.202402080819/tools/bin/../lib/gcc/arm-none-eabi/12.3.1/../../../../arm-none-eabi/lib/thumb/v6-m/nofp/libcr_c.a(_writebuf.o)
 .debug_frame   0x00001000       0x98 /usr/local/mcuxpressoide-11.9.1_2170/ide/plugins/com.nxp.mcuxpresso.tools.linux_11.9.1.202402080819/tools/bin/../lib/gcc/arm-none-eabi/12.3.1/../../../../arm-none-eabi/lib/thumb/v6-m/nofp/libcr_c.a(alloc.o)
 .debug_frame   0x00001098       0x34 /usr/local/mcuxpressoide-11.9.1_2170/ide/plugins/com.nxp.mcuxpresso.tools.linux_11.9.1.202402080819/tools/bin/../lib/gcc/arm-none-eabi/12.3.1/../../../../arm-none-eabi/lib/thumb/v6-m/nofp/libcr_c.a(fseek.o)
 .debug_frame   0x000010cc       0x20 /usr/local/mcuxpressoide-11.9.1_2170/ide/plugins/com.nxp.mcuxpresso.tools.linux_11.9.1.202402080819/tools/bin/../lib/gcc/arm-none-eabi/12.3.1/../../../../arm-none-eabi/lib/thumb/v6-m/nofp/libcr_c.a(ftell.o)
 .debug_frame   0x000010ec       0x4c /usr/local/mcuxpressoide-11.9.1_2170/ide/plugins/com.nxp.mcuxpresso.tools.linux_11.9.1.202402080819/tools/bin/../lib/gcc/arm-none-eabi/12.3.1/../../../../arm-none-eabi/lib/thumb/v6-m/nofp/libcr_c.a(initio.o)
 .debug_frame   0x00001138       0x30 /usr/local/mcuxpressoide-11.9.1_2170/ide/plugins/com.nxp.mcuxpresso.tools.linux_11.9.1.202402080819/tools/bin/../lib/gcc/arm-none-eabi/12.3.1/../../../../arm-none-eabi/lib/thumb/v6-m/nofp/libcr_c.a(setvbuf.o)
 .debug_frame   0x00001168       0x28 /usr/local/mcuxpressoide-11.9.1_2170/ide/plugins/com.nxp.mcuxpresso.tools.linux_11.9.1.202402080819/tools/bin/../lib/gcc/arm-none-eabi/12.3.1/../../../../arm-none-eabi/lib/thumb/v6-m/nofp/libcr_c.a(strlen.o)
 .debug_frame   0x00001190       0x34 /usr/local/mcuxpressoide-11.9.1_2170/ide/plugins/com.nxp.mcuxpresso.tools.linux_11.9.1.202402080819/tools/bin/../lib/gcc/arm-none-eabi/12.3.1/../../../../arm-none-eabi/lib/thumb/v6-m/nofp/libcr_c.a(_fdopen.o)
 .debug_frame   0x000011c4       0x30 /usr/local/mcuxpressoide-11.9.1_2170/ide/plugins/com.nxp.mcuxpresso.tools.linux_11.9.1.202402080819/tools/bin/../lib/gcc/arm-none-eabi/12.3.1/../../../../arm-none-eabi/lib/thumb/v6-m/nofp/libcr_c.a(fclose.o)
 .debug_frame   0x000011f4       0x30 /usr/local/mcuxpressoide-11.9.1_2170/ide/plugins/com.nxp.mcuxpresso.tools.linux_11.9.1.202402080819/tools/bin/../lib/gcc/arm-none-eabi/12.3.1/../../../../arm-none-eabi/lib/thumb/v6-m/nofp/libcr_c.a(fflush.o)